1: 
2: NIE
3: TAK
4: TAK
5: NIE
6: TAK
7: NIE
8: TAK
9: NIE
10: NIE
11: 
12: NIE
13: NIE
14: TAK
15: NIE
16: NIE
17: NIE
18: 
19: TAK
20: NIE
21: NIE
22: NIE
23: TAK
24: NIE
25: NIE
26: NIE
27: NIE
28: TAK
29: 
30: NIE
31: 
32: 
33: 
34: NIE
35: NIE
36: NIE
37: NIE
38: NIE
39: NIE
40: 
41: 
42: NIE
43: 
44: TAK
45: TAK
46: 
47: NIE
48: NIE
49: TAK
50: NIE
51: NIE
52: TAK
53: NIE
54: NIE
55: NIE
56: NIE
57: NIE
58: NIE
59: TAK
60: TAK
61: NIE
62: TAK
63: NIE
64: TAK
65: TAK
66: NIE
67: NIE
68: 61;upbgcelhvwiggchadhctgjerikuz;8;12;zmoutshglnzgnsgn
69: TAK
70: NIE
71: NIE
72: NIE
73: TAK
74: TAK
75: TAK
76: 
77: TAK
78: NIE
79: 
80: NIE
81: NIE
82: NIE
83: 
84: NIE
85: NIE
86: NIE
87: NIE
88: NIE
89: NIE
90: NIE
91: NIE
92: NIE
93: 
94: NIE
95: NIE
96: 
97: TAK
98: NIE
99: NIE
100: NIE
101: NIE
102: 
103: NIE
104: 
105: NIE
106: NIE
107: NIE
108: NIE
109: NIE
110: TAK
111: TAK
112: NIE
113: NIE
114: NIE
115: NIE
116: NIE
117: NIE
118: NIE
119: NIE
120: NIE
121: 
122: NIE
123: NIE
124: TAK
125: NIE
126: TAK
127: NIE
128: NIE
129: 61;upbgcelhvwiggchadhctgjerikuz;8;12;zmoutshglnzgnsgn;26;2;nboupeohstqfansalogvkywbloa;20;13;wpdjqrfhxtqpphwpwrr
130: NIE
131: NIE
132: NIE
133: NIE
134: 
135: TAK
136: TAK
137: TAK
138: NIE
139: NIE
140: 61;upbgcelhvwiggchadhctgjerikuz;8;12;zmoutshglnzgnsgn;26;2;nboupeohstqfansalogvkywbloa;20;13;wpdjqrfhxtqpphwpwrr
141: NIE
142: NIE
143: NIE
144: NIE
145: NIE
146: NIE
147: NIE
148: 
149: NIE
150: TAK
151: NIE
152: 
153: TAK
154: TAK
155: NIE
156: TAK
157: NIE
158: NIE
159: 
160: NIE
161: TAK
162: TAK
163: 
164: NIE
165: 300;grvytyatlcanpvzpxqxig;17;7;zmoutshglnzgnsgn;26;2;nboupeohstqfansalogvkywbloa;10;-1;ozexzwespczkkpfkjfvgtxzdkov;12;14;uiwmlbdysksubstbpraqznpyinjdj;22;8;sbpaxxvwxainxzvxjtwx
166: TAK
167: TAK
168: 
169: TAK
170: TAK
171: TAK
172: NIE
173: 
174: NIE
175: NIE
176: NIE
177: NIE
178: NIE
179: TAK
180: NIE
181: TAK
182: TAK
183: NIE
184: NIE
185: 748;ssofhlhxlxwtgkusyqlszufm;17;6;nboupeohstqfansalogvkywbloa;20;13;wpdjqrfhxtqpphwpwrr;17;-3;ozexzwespczkkpfkjfvgtxzdkov
186: NIE
187: TAK
188: TAK
189: 
190: 
191: NIE
192: NIE
193: NIE
194: NIE
195: NIE
196: NIE
197: NIE
198: 
199: NIE
200: 
201: NIE
202: NIE
203: NIE
204: TAK
205: NIE
206: NIE
207: TAK
208: 
209: 3;utzlvhqbuxythfzlmcovgjbpqs;28;10;ozexzwespczkkpfkjfvgtxzdkov;12;14;uiwmlbdysksubstbpraqznpyinjdj
210: 61;upbgcelhvwiggchadhctgjerikuz;8;12;zmoutshglnzgnsgn;26;2;nboupeohstqfansalogvkywbloa;20;13;wpdjqrfhxtqpphwpwrr
211: TAK
212: TAK
213: NIE
214: NIE
215: NIE
216: TAK
217: NIE
218: NIE
219: NIE
220: NIE
221: TAK
222: TAK
223: NIE
224: NIE
225: 
226: TAK
227: 
228: TAK
229: 
230: NIE
231: NIE
232: TAK
233: NIE
234: 
235: NIE
236: NIE
237: 
238: 
239: 61;upbgcelhvwiggchadhctgjerikuz;8;12;zmoutshglnzgnsgn;26;2;nboupeohstqfansalogvkywbloa;20;13;wpdjqrfhxtqpphwpwrr
240: NIE
241: NIE
242: NIE
243: NIE
244: 
245: 
246: NIE
247: NIE
248: TAK
249: 365;cqabcyncgalvmaaphjqnqfcvfdln;29;1;wpdjqrfhxtqpphwpwrr;17;-3;ozexzwespczkkpfkjfvgtxzdkov;12;14;uiwmlbdysksubstbpraqznpyinjdj;22;8;sbpaxxvwxainxzvxjtwx
250: NIE
251: 
252: NIE
253: NIE
254: NIE
255: TAK
256: NIE
257: TAK
258: TAK
259: NIE
260: TAK
261: 
262: NIE
263: NIE
264: NIE
265: NIE
266: TAK
267: 
268: 
269: NIE
270: TAK
271: NIE
272: NIE
273: TAK
274: NIE
275: TAK
276: 
277: NIE
278: NIE
279: TAK
280: NIE
281: TAK
282: 
283: NIE
284: NIE
285: TAK
286: NIE
287: NIE
288: TAK
289: NIE
290: NIE
291: NIE
292: NIE
293: TAK
294: TAK
295: TAK
296: NIE
297: NIE
298: NIE
299: TAK
300: 
301: 
302: NIE
303: 143;uiwmlbdysksubstbpraqznpyinjdj;12;14;ozexzwespczkkpfkjfvgtxzdkov;17;-3;wpdjqrfhxtqpphwpwrr
304: 
305: 154;sbpaxxvwxainxzvxjtwx;22;8;uiwmlbdysksubstbpraqznpyinjdj;12;14;ozexzwespczkkpfkjfvgtxzdkov;17;-3;wpdjqrfhxtqpphwpwrr;20;13;nboupeohstqfansalogvkywbloa;17;6;ssofhlhxlxwtgkusyqlszufm;22;15;auzazqxfjizgdrsa
306: TAK
307: 
308: NIE
309: NIE
310: TAK
311: NIE
312: NIE
313: NIE
314: TAK
315: TAK
316: NIE
317: NIE
318: NIE
319: 
320: NIE
321: NIE
322: TAK
323: NIE
324: TAK
325: TAK
326: NIE
327: TAK
328: TAK
329: TAK
330: TAK
331: 
332: NIE
333: NIE
334: TAK
335: NIE
336: NIE
337: NIE
338: NIE
339: NIE
340: 192;uiwmlbdysksubstbpraqznpyinjdj;12;14;ozexzwespczkkpfkjfvgtxzdkov;17;-3;wpdjqrfhxtqpphwpwrr
341: 
342: TAK
343: NIE
344: NIE
345: NIE
346: 
347: NIE
348: TAK
349: TAK
350: TAK
351: 
352: NIE
353: NIE
354: NIE
355: 
356: NIE
357: NIE
358: TAK
359: NIE
360: NIE
361: TAK
362: TAK
363: NIE
364: TAK
365: TAK
366: TAK
367: 845;auzazqxfjizgdrsa;22;15;ssofhlhxlxwtgkusyqlszufm;17;6;nboupeohstqfansalogvkywbloa;26;2;zmoutshglnzgnsgn;20;10;ozexzwespczkkpfkjfvgtxzdkov
368: NIE
369: NIE
370: NIE
371: NIE
372: NIE
373: NIE
374: 
375: NIE
376: TAK
377: 
378: TAK
379: NIE
380: TAK
381: NIE
382: TAK
383: TAK
384: NIE
385: TAK
386: NIE
387: NIE
388: NIE
389: TAK
390: NIE
391: NIE
392: TAK
393: TAK
394: NIE
395: NIE
396: NIE
397: NIE
398: TAK
399: NIE
400: NIE
401: TAK
402: NIE
403: TAK
404: TAK
405: 
406: NIE
407: NIE
408: 694;utzlvhqbuxythfzlmcovgjbpqs;9;-14;iyiyzowylcqafrnp
409: NIE
410: NIE
411: TAK
412: NIE
413: 
414: NIE
415: NIE
416: 
417: TAK
418: NIE
419: NIE
420: NIE
421: TAK
422: NIE
423: TAK
424: NIE
425: NIE
426: TAK
427: NIE
428: NIE
429: NIE
430: TAK
431: TAK
432: NIE
433: NIE
434: TAK
435: NIE
436: 154;sbpaxxvwxainxzvxjtwx;22;8;uiwmlbdysksubstbpraqznpyinjdj;12;14;ozexzwespczkkpfkjfvgtxzdkov;17;-3;wpdjqrfhxtqpphwpwrr;20;13;nboupeohstqfansalogvkywbloa;17;6;ssofhlhxlxwtgkusyqlszufm;22;15;auzazqxfjizgdrsa
437: TAK
438: NIE
439: NIE
440: TAK
441: NIE
442: 
443: 
444: TAK
445: TAK
446: TAK
447: NIE
448: TAK
449: NIE
450: TAK
451: NIE
452: 
453: TAK
454: NIE
455: NIE
456: TAK
457: NIE
458: TAK
459: TAK
460: NIE
461: TAK
462: NIE
463: TAK
464: 
465: TAK
466: NIE
467: TAK
468: TAK
469: NIE
470: TAK
471: TAK
472: NIE
473: 
474: NIE
475: TAK
476: NIE
477: TAK
478: TAK
479: NIE
480: TAK
481: 482;grvytyatlcanpvzpxqxig;22;15;veprsauwaoitklnfmdwmvwzkw;3;4;xtalxnbrilmpgud;1;-8;wpdjqrfhxtqpphwpwrr;21;14;ssofhlhxlxwtgkusyqlszufm;22;15;auzazqxfjizgdrsa
482: NIE
483: TAK
484: NIE
