1: NIE
2: NIE
3: NIE
4: TAK
5: TAK
6: NIE
7: NIE
8: 
9: NIE
10: NIE
11: TAK
12: NIE
13: 
14: TAK
15: TAK
16: NIE
17: TAK
18: 
19: 
20: NIE
21: NIE
22: NIE
23: TAK
24: 
25: NIE
26: NIE
27: 
28: TAK
29: NIE
30: TAK
31: TAK
32: NIE
33: 
34: 
35: 
36: NIE
37: TAK
38: NIE
39: NIE
40: TAK
41: NIE
42: TAK
43: NIE
44: 
45: NIE
46: NIE
47: NIE
48: 
49: NIE
50: TAK
51: TAK
52: NIE
53: NIE
54: NIE
55: NIE
56: NIE
57: NIE
58: 
59: TAK
60: NIE
61: NIE
62: 
63: NIE
64: NIE
65: TAK
66: NIE
67: NIE
68: NIE
69: NIE
70: NIE
71: 
72: NIE
73: NIE
74: TAK
75: NIE
76: NIE
77: 
78: NIE
79: TAK
80: NIE
81: NIE
82: TAK
83: NIE
84: NIE
85: NIE
86: NIE
87: NIE
88: TAK
89: NIE
90: NIE
91: NIE
92: NIE
93: TAK
94: NIE
95: 754;ygoinvkltjlzextdllnxdnqtsxvlg;23;-4;sgglkuzpoxd;26;-12;kfmapzxzmrjxsnwmthxigcwwxqu;20;-2;bozphvdkgpmzmkr
96: TAK
97: NIE
98: NIE
99: NIE
100: NIE
101: NIE
102: TAK
103: NIE
104: NIE
105: NIE
106: NIE
107: 
108: 
109: NIE
110: 
111: NIE
112: NIE
113: NIE
114: NIE
115: 
116: 
117: NIE
118: NIE
119: NIE
120: NIE
121: 754;ygoinvkltjlzextdllnxdnqtsxvlg;23;-4;sgglkuzpoxd;26;-12;kfmapzxzmrjxsnwmthxigcwwxqu;20;-2;bozphvdkgpmzmkr
122: NIE
123: NIE
124: NIE
125: NIE
126: NIE
127: TAK
128: TAK
129: TAK
130: TAK
131: NIE
132: NIE
133: TAK
134: TAK
135: NIE
136: 
137: TAK
138: TAK
139: NIE
140: NIE
141: NIE
142: 
143: TAK
144: NIE
145: TAK
146: NIE
147: TAK
148: NIE
149: TAK
150: NIE
151: NIE
152: NIE
153: NIE
154: TAK
155: NIE
156: TAK
157: NIE
158: NIE
159: NIE
160: NIE
161: NIE
162: 754;ygoinvkltjlzextdllnxdnqtsxvlg;23;-4;sgglkuzpoxd;26;-12;kfmapzxzmrjxsnwmthxigcwwxqu;20;-2;bozphvdkgpmzmkr;3;12;mihvyzidugeqoelh;10;15;wnhvakcprtcbuzmgo;28;5;undjmaqvvqunemprpvinzwcyg;24;-3;qbjqwotfseqptpyyjtokexxjaamdw
163: TAK
164: TAK
165: 906;xyxmrmjaajyehfykt;12;-4;ugavtwbqfmvwmplidqi;12;15;bawemfvzeijxtivqx;22;-2;atfbjcjjxnxgeuvoyiinfbbbctt;8;-8;kfmapzxzmrjxsnwmthxigcwwxqu;26;-12;sgglkuzpoxd
166: TAK
167: 
168: TAK
169: 
170: 991;ccxmjjpzkoywfjtaxqms;11;9;bawemfvzeijxtivqx;22;-2;atfbjcjjxnxgeuvoyiinfbbbctt;23;-14;qbjqwotfseqptpyyjtokexxjaamdw;28;-13;sgglkuzpoxd;26;-12;kfmapzxzmrjxsnwmthxigcwwxqu;20;-2;bozphvdkgpmzmkr
171: NIE
172: NIE
173: NIE
174: NIE
175: TAK
176: NIE
177: NIE
178: NIE
179: TAK
180: TAK
181: TAK
182: 372;sgglkuzpoxd;26;-12;kfmapzxzmrjxsnwmthxigcwwxqu;20;-2;bozphvdkgpmzmkr;3;12;mihvyzidugeqoelh;10;15;wnhvakcprtcbuzmgo
183: TAK
184: TAK
185: TAK
186: TAK
187: 754;ygoinvkltjlzextdllnxdnqtsxvlg;23;-4;sgglkuzpoxd;26;-12;kfmapzxzmrjxsnwmthxigcwwxqu;20;-2;bozphvdkgpmzmkr;3;12;mihvyzidugeqoelh;10;15;wnhvakcprtcbuzmgo;28;5;undjmaqvvqunemprpvinzwcyg;24;-3;qbjqwotfseqptpyyjtokexxjaamdw
188: NIE
189: NIE
190: 391;qbjqwotfseqptpyyjtokexxjaamdw;28;-13;sgglkuzpoxd
191: 589;qmkzeipapiefzywzygtmszlrk;12;-4;ugavtwbqfmvwmplidqi;12;15;bawemfvzeijxtivqx;22;-2;atfbjcjjxnxgeuvoyiinfbbbctt;23;-14;qbjqwotfseqptpyyjtokexxjaamdw;24;-3;undjmaqvvqunemprpvinzwcyg;5;1;oxgasemjpunienunurnwbqqhui;19;-10;ygoinvkltjlzextdllnxdnqtsxvlg
192: TAK
193: 
194: NIE
195: NIE
196: TAK
197: NIE
198: NIE
199: NIE
200: TAK
201: NIE
202: 
203: NIE
204: NIE
205: TAK
206: TAK
207: NIE
208: NIE
209: 152;undjmaqvvqunemprpvinzwcyg;24;-3;qbjqwotfseqptpyyjtokexxjaamdw;28;-13;sgglkuzpoxd;26;-12;kfmapzxzmrjxsnwmthxigcwwxqu;20;-2;bozphvdkgpmzmkr;3;12;mihvyzidugeqoelh
210: NIE
211: NIE
212: TAK
213: TAK
214: NIE
215: 906;xyxmrmjaajyehfykt;12;-4;ugavtwbqfmvwmplidqi;12;15;bawemfvzeijxtivqx;22;-2;atfbjcjjxnxgeuvoyiinfbbbctt;23;-14;qbjqwotfseqptpyyjtokexxjaamdw;24;-3;undjmaqvvqunemprpvinzwcyg;28;5;wnhvakcprtcbuzmgo;10;15;mihvyzidugeqoelh;3;12;bozphvdkgpmzmkr;20;-2;kfmapzxzmrjxsnwmthxigcwwxqu;26;-12;sgglkuzpoxd
216: TAK
217: NIE
218: 906;xyxmrmjaajyehfykt;12;-4;ugavtwbqfmvwmplidqi;12;15;bawemfvzeijxtivqx;22;-2;atfbjcjjxnxgeuvoyiinfbbbctt;23;-14;qbjqwotfseqptpyyjtokexxjaamdw;24;-3;undjmaqvvqunemprpvinzwcyg;28;5;wnhvakcprtcbuzmgo;10;15;mihvyzidugeqoelh;3;12;bozphvdkgpmzmkr;20;-2;kfmapzxzmrjxsnwmthxigcwwxqu;26;-12;sgglkuzpoxd
219: NIE
220: NIE
221: NIE
222: TAK
223: 
224: NIE
225: 
226: NIE
227: NIE
228: TAK
229: NIE
230: NIE
231: 
232: NIE
233: TAK
234: TAK
235: NIE
236: NIE
237: NIE
238: NIE
239: 879;kfmapzxzmrjxsnwmthxigcwwxqu;26;-12;sgglkuzpoxd;23;-4;ygoinvkltjlzextdllnxdnqtsxvlg;19;-10;oxgasemjpunienunurnwbqqhui;5;1;undjmaqvvqunemprpvinzwcyg
240: TAK
241: 879;kfmapzxzmrjxsnwmthxigcwwxqu;26;-12;sgglkuzpoxd;23;-4;ygoinvkltjlzextdllnxdnqtsxvlg;19;-10;oxgasemjpunienunurnwbqqhui;5;1;undjmaqvvqunemprpvinzwcyg
242: 754;ygoinvkltjlzextdllnxdnqtsxvlg;23;-4;sgglkuzpoxd;26;-12;kfmapzxzmrjxsnwmthxigcwwxqu;20;-2;bozphvdkgpmzmkr;3;12;mihvyzidugeqoelh;10;15;wnhvakcprtcbuzmgo;28;5;undjmaqvvqunemprpvinzwcyg;24;-3;qbjqwotfseqptpyyjtokexxjaamdw
243: NIE
244: NIE
245: TAK
246: TAK
247: NIE
248: TAK
249: TAK
250: 
251: NIE
252: NIE
253: TAK
254: TAK
255: NIE
256: NIE
257: 589;qmkzeipapiefzywzygtmszlrk;12;-4;ugavtwbqfmvwmplidqi;12;15;bawemfvzeijxtivqx;22;-2;atfbjcjjxnxgeuvoyiinfbbbctt;23;-14;qbjqwotfseqptpyyjtokexxjaamdw;24;-3;undjmaqvvqunemprpvinzwcyg;5;1;oxgasemjpunienunurnwbqqhui;19;-10;ygoinvkltjlzextdllnxdnqtsxvlg
258: NIE
259: TAK
260: NIE
261: 
262: NIE
263: TAK
264: 337;bozphvdkgpmzmkr;20;-2;kfmapzxzmrjxsnwmthxigcwwxqu;26;-12;sgglkuzpoxd;28;-13;qbjqwotfseqptpyyjtokexxjaamdw;23;-14;atfbjcjjxnxgeuvoyiinfbbbctt;22;-2;bawemfvzeijxtivqx;12;15;ugavtwbqfmvwmplidqi;12;-4;xyxmrmjaajyehfykt
265: TAK
266: NIE
267: NIE
268: TAK
269: NIE
270: 316;syrofhcrhg;5;7;kfmapzxzmrjxsnwmthxigcwwxqu;20;-2;bozphvdkgpmzmkr;3;12;mihvyzidugeqoelh;10;11;ugavtwbqfmvwmplidqi
271: NIE
272: TAK
273: TAK
274: NIE
275: NIE
276: TAK
277: NIE
278: TAK
279: 375;qbjqwotfseqptpyyjtokexxjaamdw;24;-3;undjmaqvvqunemprpvinzwcyg;28;5;wnhvakcprtcbuzmgo;10;15;mihvyzidugeqoelh
280: NIE
281: NIE
282: NIE
283: NIE
284: NIE
285: 
286: NIE
287: NIE
288: NIE
289: 
290: TAK
291: TAK
292: TAK
293: 
294: NIE
295: TAK
296: TAK
297: 
298: TAK
299: TAK
300: TAK
301: TAK
302: TAK
303: TAK
304: TAK
305: 991;ccxmjjpzkoywfjtaxqms;11;9;bawemfvzeijxtivqx;22;-2;atfbjcjjxnxgeuvoyiinfbbbctt;23;-14;qbjqwotfseqptpyyjtokexxjaamdw;28;-13;sgglkuzpoxd;26;-12;kfmapzxzmrjxsnwmthxigcwwxqu;20;-2;bozphvdkgpmzmkr
306: NIE
307: TAK
308: 
309: TAK
310: TAK
311: NIE
312: TAK
313: NIE
314: NIE
315: NIE
316: TAK
317: 
318: TAK
319: NIE
320: TAK
321: TAK
322: NIE
323: NIE
324: TAK
325: TAK
326: NIE
327: NIE
328: 
329: TAK
330: 330;ugavtwbqfmvwmplidqi;10;11;mihvyzidugeqoelh;3;12;bozphvdkgpmzmkr;6;4;atfbjcjjxnxgeuvoyiinfbbbctt;23;-14;qbjqwotfseqptpyyjtokexxjaamdw
331: TAK
332: TAK
333: NIE
334: TAK
335: 
336: NIE
337: NIE
338: TAK
339: NIE
340: TAK
341: NIE
342: NIE
343: TAK
344: NIE
345: NIE
346: TAK
347: NIE
348: 133;atfbjcjjxnxgeuvoyiinfbbbctt;22;-2;bawemfvzeijxtivqx;12;15;ugavtwbqfmvwmplidqi
349: NIE
350: 
351: TAK
352: NIE
353: TAK
354: 906;xyxmrmjaajyehfykt;4;-3;dgnfpnjyujkpkmrhqeooduwor;17;-5;ugavtwbqfmvwmplidqi;12;15;bawemfvzeijxtivqx;22;-2;atfbjcjjxnxgeuvoyiinfbbbctt;23;-12;qbjqwotfseqptpyyjtokexxjaamdw;24;-3;undjmaqvvqunemprpvinzwcyg;28;5;wnhvakcprtcbuzmgo;10;15;mihvyzidugeqoelh;3;12;bozphvdkgpmzmkr;20;-2;kfmapzxzmrjxsnwmthxigcwwxqu;26;-12;sgglkuzpoxd
355: NIE
356: NIE
357: NIE
358: 383;dgnfpnjyujkpkmrhqeooduwor;4;-3;xyxmrmjaajyehfykt;18;11;wnhvakcprtcbuzmgo;8;8;bozphvdkgpmzmkr;20;-2;kfmapzxzmrjxsnwmthxigcwwxqu
359: NIE
360: NIE
361: NIE
362: 
363: TAK
364: NIE
365: TAK
366: NIE
367: NIE
368: TAK
369: NIE
370: NIE
371: NIE
372: NIE
373: NIE
374: 
375: TAK
376: NIE
377: TAK
378: NIE
379: NIE
380: NIE
381: TAK
382: NIE
383: NIE
384: NIE
385: TAK
386: NIE
387: NIE
388: TAK
389: NIE
390: TAK
391: TAK
392: NIE
393: TAK
394: TAK
395: NIE
396: NIE
397: TAK
398: NIE
399: TAK
400: NIE
401: TAK
402: 991;ccxmjjpzkoywfjtaxqms;11;9;bawemfvzeijxtivqx;22;-2;atfbjcjjxnxgeuvoyiinfbbbctt;23;-12;qbjqwotfseqptpyyjtokexxjaamdw;28;-13;sgglkuzpoxd;26;-12;kfmapzxzmrjxsnwmthxigcwwxqu;20;-2;bozphvdkgpmzmkr
403: TAK
404: NIE
405: NIE
406: TAK
407: NIE
408: TAK
409: NIE
410: NIE
411: 
412: NIE
413: NIE
414: NIE
415: TAK
416: 391;syrofhcrhg;1;4;atfbjcjjxnxgeuvoyiinfbbbctt;23;-12;qbjqwotfseqptpyyjtokexxjaamdw;28;4;sgglkuzpoxd
417: TAK
418: TAK
419: TAK
420: TAK
421: 329;mihvyzidugeqoelh;10;11;ugavtwbqfmvwmplidqi;12;-4;qmkzeipapiefzywzygtmszlrk
422: NIE
423: NIE
424: 18;qbjqwotfseqptpyyjtokexxjaamdw;29;2;ccxmjjpzkoywfjtaxqms;2;-8;wnhvakcprtcbuzmgo;18;11;xyxmrmjaajyehfykt
425: NIE
426: NIE
427: 347;ugavtwbqfmvwmplidqi;10;11;mihvyzidugeqoelh;3;12;bozphvdkgpmzmkr;6;4;atfbjcjjxnxgeuvoyiinfbbbctt;1;4;syrofhcrhg
428: TAK
429: TAK
430: NIE
431: NIE
432: TAK
433: NIE
434: NIE
435: NIE
436: NIE
437: TAK
438: TAK
439: NIE
440: NIE
441: NIE
442: NIE
443: TAK
444: NIE
445: 
446: NIE
447: NIE
448: TAK
449: TAK
450: NIE
451: NIE
452: TAK
453: 152;atfbjcjjxnxgeuvoyiinfbbbctt;1;4;syrofhcrhg;10;-12;oxgasemjpunienunurnwbqqhui;5;1;undjmaqvvqunemprpvinzwcyg;24;-3;qbjqwotfseqptpyyjtokexxjaamdw;28;4;sgglkuzpoxd;26;-12;kfmapzxzmrjxsnwmthxigcwwxqu;20;-2;bozphvdkgpmzmkr;3;12;mihvyzidugeqoelh
454: 875;lagpwcopyirdffm;6;-1;atfbjcjjxnxgeuvoyiinfbbbctt;6;4;bozphvdkgpmzmkr;8;8;wnhvakcprtcbuzmgo;2;-8;ccxmjjpzkoywfjtaxqms;29;2;qbjqwotfseqptpyyjtokexxjaamdw;24;-3;undjmaqvvqunemprpvinzwcyg
455: TAK
456: NIE
457: TAK
458: 
459: 572;oxgasemjpunienunurnwbqqhui;10;-12;syrofhcrhg;1;4;atfbjcjjxnxgeuvoyiinfbbbctt;6;4;bozphvdkgpmzmkr;8;8;wnhvakcprtcbuzmgo;18;11;xyxmrmjaajyehfykt
460: TAK
461: 
462: TAK
463: TAK
464: NIE
465: 396;qmkzeipapiefzywzygtmszlrk;12;-4;ugavtwbqfmvwmplidqi;10;11;mihvyzidugeqoelh;3;12;bozphvdkgpmzmkr;6;4;atfbjcjjxnxgeuvoyiinfbbbctt;6;-1;lagpwcopyirdffm
466: NIE
467: 
468: NIE
469: NIE
470: NIE
471: TAK
472: NIE
473: TAK
474: NIE
475: TAK
476: NIE
477: TAK
478: TAK
479: NIE
480: NIE
481: NIE
482: TAK
483: NIE
484: TAK
485: TAK
486: TAK
487: NIE
488: NIE
489: NIE
490: NIE
491: TAK
492: NIE
493: 875;lagpwcopyirdffm;6;-1;atfbjcjjxnxgeuvoyiinfbbbctt;6;4;bozphvdkgpmzmkr;8;8;wnhvakcprtcbuzmgo;2;-8;ccxmjjpzkoywfjtaxqms;29;2;qbjqwotfseqptpyyjtokexxjaamdw;24;-3;undjmaqvvqunemprpvinzwcyg
