1: NIE
2: TAK
3: NIE
4: NIE
5: 
6: 
7: 
8: NIE
9: NIE
10: 
11: NIE
12: TAK
13: NIE
14: NIE
15: NIE
16: NIE
17: TAK
18: TAK
19: NIE
20: 
21: TAK
22: NIE
23: NIE
24: NIE
25: TAK
26: NIE
27: NIE
28: NIE
29: NIE
30: NIE
31: TAK
32: NIE
33: NIE
34: NIE
35: NIE
36: NIE
37: TAK
38: NIE
39: TAK
40: 
41: 
42: NIE
43: NIE
44: NIE
45: NIE
46: NIE
47: TAK
48: NIE
49: NIE
50: NIE
51: TAK
52: NIE
53: TAK
54: NIE
55: 
56: 
57: TAK
58: NIE
59: NIE
60: NIE
61: TAK
62: NIE
63: NIE
64: TAK
65: NIE
66: NIE
67: NIE
68: 
69: NIE
70: TAK
71: 
72: 
73: TAK
74: 
75: NIE
76: NIE
77: NIE
78: NIE
79: NIE
80: 
81: 
82: TAK
83: NIE
84: NIE
85: NIE
86: NIE
87: NIE
88: NIE
89: NIE
90: NIE
91: NIE
92: NIE
93: NIE
94: NIE
95: NIE
96: TAK
97: NIE
98: NIE
99: NIE
100: NIE
101: NIE
102: 
103: 
104: NIE
105: NIE
106: 
107: NIE
108: NIE
109: NIE
110: TAK
111: NIE
112: TAK
113: NIE
114: TAK
115: TAK
116: NIE
117: NIE
118: TAK
119: NIE
120: NIE
121: TAK
122: NIE
123: 
124: NIE
125: 
126: TAK
127: NIE
128: NIE
129: 
130: 
131: 
132: TAK
133: TAK
134: TAK
135: NIE
136: 
137: NIE
138: 
139: NIE
140: TAK
141: NIE
142: NIE
143: NIE
144: TAK
145: NIE
146: NIE
147: NIE
148: TAK
149: TAK
150: NIE
151: NIE
152: TAK
153: NIE
154: 
155: NIE
156: 
157: NIE
158: 
159: NIE
160: 
161: NIE
162: NIE
163: 
164: 
165: 
166: NIE
167: TAK
168: NIE
169: 
170: NIE
171: TAK
172: TAK
173: NIE
174: TAK
175: TAK
176: NIE
177: NIE
178: NIE
179: 
180: NIE
181: NIE
182: NIE
183: NIE
184: NIE
185: 
186: NIE
187: NIE
188: NIE
189: 
190: NIE
191: NIE
192: NIE
193: NIE
194: 
195: NIE
196: NIE
197: TAK
198: 
199: 
200: NIE
201: TAK
202: NIE
203: NIE
204: 
205: NIE
206: TAK
207: NIE
208: NIE
209: NIE
210: TAK
211: NIE
212: 
213: NIE
214: NIE
215: NIE
216: TAK
217: TAK
218: NIE
219: NIE
220: NIE
221: 250;wgdvnlxbicpttzlgvvm;8;15;dltaumkkijzouzm;10;-2;bnnvakgzthdixhtiotzpei
222: NIE
223: NIE
224: NIE
225: NIE
226: TAK
227: NIE
228: NIE
229: 120;ywrgvprprgfoipui;5;10;wgdvnlxbicpttzlgvvm
230: TAK
231: 120;ywrgvprprgfoipui;5;10;wgdvnlxbicpttzlgvvm
232: NIE
233: 
234: TAK
235: 
236: TAK
237: NIE
238: TAK
239: 
240: NIE
241: NIE
242: 
243: NIE
244: NIE
245: 
246: NIE
247: NIE
248: NIE
249: 
250: 771;tuyqguiqghcioifdydzrt;10;10;bnnvakgzthdixhtiotzpei;10;-2;dltaumkkijzouzm
251: 
252: NIE
253: NIE
254: 
255: NIE
256: TAK
257: 
258: NIE
259: NIE
260: NIE
261: TAK
262: 
263: 
264: NIE
265: NIE
266: TAK
267: NIE
268: TAK
269: NIE
270: NIE
271: NIE
272: NIE
273: 
274: NIE
275: TAK
276: NIE
277: 
278: TAK
279: NIE
280: NIE
281: TAK
282: NIE
283: NIE
284: TAK
285: NIE
286: NIE
287: NIE
288: 
289: NIE
290: NIE
291: 
292: NIE
293: TAK
294: NIE
295: NIE
296: NIE
297: NIE
298: NIE
299: NIE
300: NIE
301: NIE
302: TAK
303: NIE
304: TAK
305: TAK
306: NIE
307: NIE
308: 
309: TAK
310: TAK
311: NIE
312: NIE
313: TAK
314: TAK
315: NIE
316: 
317: NIE
318: NIE
319: 
320: NIE
321: 797;jsluigzuvpfaohuvh;5;-13;pwwtayogvhlorloorl;29;-9;ywrgvprprgfoipui
322: TAK
323: 
324: 
325: NIE
326: TAK
327: NIE
328: NIE
329: TAK
330: TAK
331: NIE
332: NIE
333: NIE
334: TAK
335: TAK
336: TAK
337: TAK
338: NIE
339: 
340: TAK
341: NIE
342: NIE
343: NIE
344: 
345: TAK
346: NIE
347: TAK
348: NIE
349: NIE
350: TAK
351: NIE
352: 705;dbojvgukqtd;21;-3;tuyqguiqghcioifdydzrt;13;13;ssnilfbukpcbjkkoxd
353: NIE
354: TAK
355: NIE
356: TAK
357: TAK
358: NIE
359: 
360: TAK
361: TAK
362: NIE
363: TAK
364: NIE
365: TAK
366: 705;dbojvgukqtd;21;-3;tuyqguiqghcioifdydzrt;13;13;ssnilfbukpcbjkkoxd
367: NIE
368: TAK
369: TAK
370: NIE
371: TAK
372: 120;ywrgvprprgfoipui;5;10;wgdvnlxbicpttzlgvvm
373: NIE
374: TAK
375: NIE
376: NIE
377: TAK
378: NIE
379: NIE
380: 250;wgdvnlxbicpttzlgvvm;8;15;dltaumkkijzouzm;10;-2;bnnvakgzthdixhtiotzpei
381: NIE
382: 
383: NIE
384: NIE
385: NIE
386: TAK
387: NIE
388: TAK
389: NIE
390: NIE
391: TAK
392: NIE
393: 66;sklxkaggxnnvwrqjenmmscfn;6;-3;ssnilfbukpcbjkkoxd;28;2;exrftkxaveujbppsytqpvki
394: NIE
395: 66;sklxkaggxnnvwrqjenmmscfn;6;-3;ssnilfbukpcbjkkoxd;28;2;exrftkxaveujbppsytqpvki
396: TAK
397: TAK
398: NIE
399: TAK
400: NIE
401: TAK
402: TAK
403: NIE
404: NIE
405: 
406: NIE
407: NIE
408: TAK
409: NIE
410: NIE
411: NIE
412: TAK
413: NIE
414: NIE
415: NIE
416: NIE
417: NIE
418: TAK
419: NIE
420: NIE
421: NIE
422: TAK
423: 797;jsluigzuvpfaohuvh;28;4;pnkczcsfxlazwxhfclvfol;5;-15;sklxkaggxnnvwrqjenmmscfn;6;-3;ssnilfbukpcbjkkoxd;16;-2;uapnaifpdqxvhvravpoblxpbocsct;24;-15;cofrbfzgxeywzgssiphztuwiylm;28;15;vjxjbbooejiearbijhsmriwyl;29;14;pwwtayogvhlorloorl;29;-9;ywrgvprprgfoipui
424: NIE
425: NIE
426: TAK
427: NIE
428: TAK
429: 
430: TAK
431: NIE
432: NIE
433: NIE
434: NIE
435: NIE
436: TAK
437: 
438: TAK
439: TAK
440: TAK
441: NIE
442: NIE
443: NIE
444: TAK
445: 
446: NIE
447: NIE
448: TAK
449: NIE
450: 58;pwwtayogvhlorloorl;2;10;sszcckeqgfez;2;11;ywrgvprprgfoipui;5;10;wgdvnlxbicpttzlgvvm;8;15;dltaumkkijzouzm;10;-2;bnnvakgzthdixhtiotzpei;10;11;tuyqguiqghcioifdydzrt;12;-12;csrvfoebca
451: 
452: TAK
453: TAK
454: NIE
455: TAK
456: NIE
457: TAK
458: 213;exrftkxaveujbppsytqpvki;28;2;ssnilfbukpcbjkkoxd;6;-3;sklxkaggxnnvwrqjenmmscfn
459: NIE
460: 66;sklxkaggxnnvwrqjenmmscfn;6;-3;ssnilfbukpcbjkkoxd;28;2;exrftkxaveujbppsytqpvki
461: NIE
462: NIE
463: TAK
464: NIE
465: NIE
466: NIE
467: TAK
468: TAK
469: TAK
470: TAK
471: TAK
472: NIE
473: TAK
474: NIE
475: NIE
476: NIE
477: NIE
478: TAK
479: TAK
480: NIE
481: TAK
482: NIE
483: TAK
484: 
485: NIE
486: NIE
487: NIE
488: TAK
