1: NIE
2: NIE
3: NIE
4: NIE
5: NIE
6: NIE
7: NIE
8: NIE
9: NIE
10: TAK
11: TAK
12: TAK
13: 
14: NIE
15: TAK
16: 
17: NIE
18: 
19: NIE
20: NIE
21: NIE
22: 
23: NIE
24: NIE
25: NIE
26: NIE
27: 
28: NIE
29: NIE
30: NIE
31: TAK
32: TAK
33: 
34: NIE
35: NIE
36: NIE
37: NIE
38: NIE
39: TAK
40: NIE
41: TAK
42: NIE
43: NIE
44: NIE
45: 
46: NIE
47: NIE
48: NIE
49: NIE
50: NIE
51: 
52: TAK
53: NIE
54: NIE
55: NIE
56: NIE
57: NIE
58: TAK
59: NIE
60: NIE
61: 
62: TAK
63: NIE
64: NIE
65: NIE
66: TAK
67: NIE
68: 
69: 
70: 
71: 
72: NIE
73: NIE
74: TAK
75: NIE
76: NIE
77: TAK
78: NIE
79: 
80: 
81: NIE
82: NIE
83: NIE
84: NIE
85: NIE
86: TAK
87: NIE
88: 
89: NIE
90: 
91: NIE
92: 
93: NIE
94: NIE
95: TAK
96: NIE
97: 
98: NIE
99: NIE
100: NIE
101: TAK
102: NIE
103: NIE
104: NIE
105: NIE
106: TAK
107: TAK
108: 
109: NIE
110: TAK
111: NIE
112: NIE
113: NIE
114: NIE
115: TAK
116: TAK
117: NIE
118: TAK
119: 
120: NIE
121: 
122: TAK
123: TAK
124: TAK
125: NIE
126: NIE
127: NIE
128: TAK
129: NIE
130: NIE
131: NIE
132: NIE
133: NIE
134: TAK
135: TAK
136: TAK
137: TAK
138: NIE
139: TAK
140: NIE
141: NIE
142: NIE
143: TAK
144: NIE
145: NIE
146: TAK
147: TAK
148: 
149: NIE
150: NIE
151: 
152: NIE
153: TAK
154: 
155: NIE
156: 
157: NIE
158: NIE
159: TAK
160: NIE
161: TAK
162: NIE
163: NIE
164: NIE
165: NIE
166: NIE
167: 
168: TAK
169: NIE
170: 
171: 
172: NIE
173: NIE
174: TAK
175: TAK
176: TAK
177: TAK
178: NIE
179: 
180: NIE
181: 125;znjldxznvyu;16;9;luexbacougrcabvcqdhpstc;4;-1;olviezfwdrkizsxbjofzfzmekc
182: 
183: TAK
184: NIE
185: NIE
186: NIE
187: TAK
188: NIE
189: NIE
190: NIE
191: NIE
192: NIE
193: NIE
194: NIE
195: TAK
196: 
197: 
198: TAK
199: NIE
200: TAK
201: 
202: NIE
203: NIE
204: NIE
205: NIE
206: TAK
207: 
208: NIE
209: NIE
210: 
211: TAK
212: NIE
213: NIE
214: NIE
215: NIE
216: 515;bggxibgqibsduojm;23;13;kyymlxngst;20;12;vwqfyqdkcdsxmstnyqk
217: TAK
218: 
219: 
220: NIE
221: NIE
222: TAK
223: 515;bggxibgqibsduojm;23;13;kyymlxngst;20;12;vwqfyqdkcdsxmstnyqk
224: TAK
225: 
226: NIE
227: NIE
228: NIE
229: TAK
230: 28;olviezfwdrkizsxbjofzfzmekc;4;-1;luexbacougrcabvcqdhpstc;16;9;znjldxznvyu;26;12;gmltmxslzzcuyu
231: TAK
232: NIE
233: NIE
234: TAK
235: NIE
236: NIE
237: NIE
238: TAK
239: TAK
240: 
241: 27;znjldxznvyu;26;12;gmltmxslzzcuyu;27;-5;qemneiipcppeprulxlqzmlb
242: TAK
243: NIE
244: NIE
245: TAK
246: TAK
247: NIE
248: TAK
249: NIE
250: TAK
251: NIE
252: 
253: NIE
254: NIE
255: TAK
256: TAK
257: NIE
258: 
259: NIE
260: TAK
261: TAK
262: NIE
263: 125;znjldxznvyu;16;9;luexbacougrcabvcqdhpstc;4;-1;olviezfwdrkizsxbjofzfzmekc
264: 
265: NIE
266: TAK
267: NIE
268: TAK
269: NIE
270: 
271: TAK
272: NIE
273: NIE
274: NIE
275: NIE
276: 654;qemneiipcppeprulxlqzmlb;28;2;yphefsbnybsvejfo
277: TAK
278: NIE
279: NIE
280: 
281: TAK
282: TAK
283: NIE
284: TAK
285: NIE
286: NIE
287: TAK
288: TAK
289: TAK
290: TAK
291: NIE
292: NIE
293: NIE
294: 610;xmnsjkfdlekhcmqooivxhykyj;24;-9;yphefsbnybsvejfo
295: TAK
296: TAK
297: 
298: 610;xmnsjkfdlekhcmqooivxhykyj;24;-9;yphefsbnybsvejfo
299: NIE
300: NIE
301: 
302: NIE
303: NIE
304: 
305: NIE
306: NIE
307: NIE
308: NIE
309: NIE
310: NIE
311: TAK
312: NIE
313: TAK
314: TAK
315: NIE
316: TAK
317: 29;zomjcrkityofbugq;8;9;kyymlxngst;12;10;znjldxznvyu;13;8;hjxclrlaiisf;3;8;gmltmxslzzcuyu;26;-13;uzgvvmnbynakzxzf
318: TAK
319: TAK
320: 673;yphefsbnybsvejfo;24;-9;xmnsjkfdlekhcmqooivxhykyj;2;10;znjldxznvyu
321: TAK
322: 535;znjldxznvyu;12;10;kyymlxngst
323: NIE
324: TAK
325: TAK
326: TAK
327: TAK
328: 
329: NIE
330: NIE
331: 
332: 
333: TAK
334: 995;iovepuqtdhagx;7;-10;huemtcbgukszng;1;-11;luexbacougrcabvcqdhpstc
335: 
336: TAK
337: TAK
338: NIE
339: NIE
340: NIE
341: NIE
342: TAK
343: TAK
344: NIE
345: NIE
346: TAK
347: TAK
348: TAK
349: TAK
350: 
351: NIE
352: TAK
353: TAK
354: TAK
355: TAK
356: NIE
357: NIE
358: NIE
359: TAK
360: NIE
361: NIE
362: NIE
363: NIE
364: TAK
365: NIE
366: 
367: 881;wmejohbovvjiuatightbtrwgs;19;-5;ksbzhtwchkz;3;4;luexbacougrcabvcqdhpstc;16;9;znjldxznvyu;2;10;xmnsjkfdlekhcmqooivxhykyj;4;-14;bggxibgqibsduojm
368: 213;uzgvvmnbynakzxzf;6;-8;bggxibgqibsduojm;29;-4;qemneiipcppeprulxlqzmlb
369: 
370: 
371: NIE
372: NIE
373: NIE
374: 58;yphefsbnybsvejfo;24;-9;xmnsjkfdlekhcmqooivxhykyj;2;10;znjldxznvyu;16;9;luexbacougrcabvcqdhpstc;3;4;ksbzhtwchkz
375: TAK
376: NIE
377: NIE
378: 
379: TAK
380: NIE
381: TAK
382: TAK
383: TAK
384: TAK
385: NIE
386: NIE
387: TAK
388: 
389: TAK
390: 881;wmejohbovvjiuatightbtrwgs;19;-5;ksbzhtwchkz;3;4;luexbacougrcabvcqdhpstc;16;9;znjldxznvyu;2;10;xmnsjkfdlekhcmqooivxhykyj;4;-14;bggxibgqibsduojm
391: 
392: NIE
393: NIE
394: NIE
395: 125;znjldxznvyu;16;9;luexbacougrcabvcqdhpstc;4;-1;olviezfwdrkizsxbjofzfzmekc
396: TAK
397: NIE
398: NIE
399: TAK
400: 
401: 
402: 830;vwqfyqdkcdsxmstnyqk;19;6;zomjcrkityofbugq
403: TAK
404: NIE
405: TAK
406: 535;znjldxznvyu;12;10;kyymlxngst
407: 650;znjldxznvyu;2;10;xmnsjkfdlekhcmqooivxhykyj;4;-14;bggxibgqibsduojm;8;-15;hjxclrlaiisf
408: NIE
409: 324;yphefsbnybsvejfo;24;1;xmnsjkfdlekhcmqooivxhykyj;2;10;znjldxznvyu;12;10;kyymlxngst;6;4;uzgvvmnbynakzxzf;6;-8;bggxibgqibsduojm;8;-15;hjxclrlaiisf
410: NIE
411: TAK
412: NIE
413: NIE
414: NIE
415: 
416: TAK
417: TAK
418: TAK
419: NIE
420: NIE
421: TAK
422: TAK
423: NIE
424: TAK
425: NIE
426: TAK
427: TAK
428: NIE
429: 
430: NIE
431: TAK
432: 
433: NIE
434: NIE
435: TAK
436: TAK
437: TAK
438: 
439: NIE
440: NIE
441: 125;znjldxznvyu;16;9;luexbacougrcabvcqdhpstc;4;-1;olviezfwdrkizsxbjofzfzmekc
442: NIE
443: 
444: TAK
445: TAK
446: NIE
447: NIE
448: NIE
449: NIE
450: TAK
451: NIE
452: NIE
453: TAK
454: NIE
455: NIE
456: TAK
457: TAK
458: TAK
459: 759;luexbacougrcabvcqdhpstc;16;9;znjldxznvyu;2;10;xmnsjkfdlekhcmqooivxhykyj;24;1;yphefsbnybsvejfo;28;2;qemneiipcppeprulxlqzmlb;27;-5;gmltmxslzzcuyu;3;8;hjxclrlaiisf;8;-15;bggxibgqibsduojm;6;-8;uzgvvmnbynakzxzf;15;-9;iovepuqtdhagx
460: TAK
461: TAK
462: TAK
463: 125;znjldxznvyu;16;9;luexbacougrcabvcqdhpstc;4;-1;olviezfwdrkizsxbjofzfzmekc
464: NIE
465: NIE
466: 577;ziaawmjyfvi;3;12;xmnsjkfdlekhcmqooivxhykyj;4;-14;bggxibgqibsduojm;29;-4;qemneiipcppeprulxlqzmlb
467: 
468: TAK
469: TAK
470: NIE
471: NIE
472: 
473: TAK
474: 
475: NIE
476: NIE
477: NIE
478: TAK
479: TAK
480: TAK
481: 377;vwqfyqdkcdsxmstnyqk;4;4;znjldxznvyu;2;10;xmnsjkfdlekhcmqooivxhykyj;3;12;ziaawmjyfvi;10;3;gmltmxslzzcuyu
482: NIE
483: TAK
484: 988;ksbzhtwchkz;3;4;luexbacougrcabvcqdhpstc;16;9;znjldxznvyu;2;10;xmnsjkfdlekhcmqooivxhykyj
485: TAK
486: TAK
