1: 
2: NIE
3: TAK
4: NIE
5: NIE
6: TAK
7: NIE
8: NIE
9: TAK
10: 
11: 
12: 
13: NIE
14: NIE
15: NIE
16: NIE
17: NIE
18: TAK
19: NIE
20: NIE
21: TAK
22: NIE
23: NIE
24: NIE
25: NIE
26: TAK
27: 
28: NIE
29: 
30: 
31: NIE
32: NIE
33: NIE
34: NIE
35: NIE
36: NIE
37: TAK
38: 
39: NIE
40: TAK
41: NIE
42: NIE
43: NIE
44: NIE
45: 
46: NIE
47: NIE
48: 
49: 
50: NIE
51: TAK
52: TAK
53: NIE
54: NIE
55: NIE
56: NIE
57: NIE
58: NIE
59: 
60: TAK
61: NIE
62: TAK
63: NIE
64: NIE
65: NIE
66: NIE
67: NIE
68: TAK
69: NIE
70: 
71: NIE
72: NIE
73: 
74: NIE
75: TAK
76: TAK
77: NIE
78: NIE
79: NIE
80: NIE
81: TAK
82: TAK
83: NIE
84: 
85: NIE
86: NIE
87: TAK
88: 
89: TAK
90: 
91: 
92: NIE
93: NIE
94: NIE
95: TAK
96: NIE
97: NIE
98: NIE
99: 
100: TAK
101: NIE
102: TAK
103: 
104: 992;tziodrdpajvzfiiw;25;7;rkxpapdoppruqlpswev
105: NIE
106: NIE
107: TAK
108: 
109: NIE
110: TAK
111: NIE
112: NIE
113: NIE
114: NIE
115: NIE
116: NIE
117: 
118: NIE
119: TAK
120: NIE
121: NIE
122: TAK
123: TAK
124: NIE
125: NIE
126: 
127: NIE
128: NIE
129: NIE
130: TAK
131: NIE
132: NIE
133: NIE
134: TAK
135: NIE
136: 288;asovgyncprpwmtcgoljgeyuljqm;2;6;jmpukqasbwrsiojkfmbvbsrtgglem;15;-7;ifgfzagjjsuncywgugluhfmppp
137: 
138: 
139: NIE
140: NIE
141: NIE
142: NIE
143: NIE
144: NIE
145: NIE
146: NIE
147: NIE
148: NIE
149: NIE
150: NIE
151: NIE
152: NIE
153: NIE
154: NIE
155: NIE
156: NIE
157: TAK
158: NIE
159: 
160: NIE
161: NIE
162: NIE
163: 
164: 
165: NIE
166: NIE
167: NIE
168: NIE
169: TAK
170: NIE
171: NIE
172: NIE
173: NIE
174: 
175: NIE
176: TAK
177: TAK
178: NIE
179: TAK
180: 
181: 
182: NIE
183: NIE
184: 
185: NIE
186: NIE
187: NIE
188: NIE
189: 992;uyxouhzqouedpmulkdck;29;7;tziodrdpajvzfiiw;25;7;rkxpapdoppruqlpswev
190: NIE
191: TAK
192: NIE
193: TAK
194: TAK
195: 664;asovgyncprpwmtcgoljgeyuljqm;2;6;jmpukqasbwrsiojkfmbvbsrtgglem;29;-4;kkdichbujfazssijdxiha;18;-3;zyrbhwjmvluhvodkq
196: TAK
197: 
198: NIE
199: NIE
200: NIE
201: TAK
202: 
203: NIE
204: NIE
205: NIE
206: NIE
207: TAK
208: TAK
209: NIE
210: 
211: NIE
212: NIE
213: 
214: NIE
215: TAK
216: TAK
217: 
218: 
219: NIE
220: NIE
221: NIE
222: NIE
223: NIE
224: TAK
225: TAK
226: NIE
227: TAK
228: NIE
229: 
230: NIE
231: 
232: NIE
233: 
234: 
235: NIE
236: TAK
237: 
238: NIE
239: 
240: TAK
241: TAK
242: NIE
243: NIE
244: TAK
245: TAK
246: NIE
247: NIE
248: TAK
249: NIE
250: NIE
251: TAK
252: NIE
253: 
254: TAK
255: 664;asovgyncprpwmtcgoljgeyuljqm;2;6;jmpukqasbwrsiojkfmbvbsrtgglem;29;-4;kkdichbujfazssijdxiha;18;-3;zyrbhwjmvluhvodkq
256: NIE
257: TAK
258: NIE
259: 
260: TAK
261: TAK
262: NIE
263: NIE
264: NIE
265: TAK
266: NIE
267: 
268: NIE
269: NIE
270: NIE
271: 
272: TAK
273: TAK
274: NIE
275: NIE
276: NIE
277: TAK
278: TAK
279: 
280: NIE
281: NIE
282: 39;oyyosmmambcb;21;-8;ibswkluhtmnugpuyiq;15;-10;jmpukqasbwrsiojkfmbvbsrtgglem;2;6;asovgyncprpwmtcgoljgeyuljqm;16;10;weugjexkhej
283: NIE
284: 
285: 
286: NIE
287: NIE
288: NIE
289: NIE
290: NIE
291: NIE
292: TAK
293: NIE
294: NIE
295: TAK
296: TAK
297: TAK
298: TAK
299: NIE
300: TAK
301: NIE
302: NIE
303: TAK
304: NIE
305: TAK
306: 
307: TAK
308: 
309: TAK
310: TAK
311: 
312: NIE
313: NIE
314: NIE
315: NIE
316: TAK
317: NIE
318: NIE
319: NIE
320: 926;ywlmngludtdjroqxzmvroconjawy;5;-9;ibswkluhtmnugpuyiq;21;-8;oyyosmmambcb
321: NIE
322: 
323: 
324: NIE
325: NIE
326: TAK
327: NIE
328: TAK
329: NIE
330: NIE
331: NIE
332: NIE
333: NIE
334: NIE
335: NIE
336: NIE
337: NIE
338: TAK
339: 
340: TAK
341: NIE
342: 255;rkxpapdoppruqlpswev;9;-9;ifgfzagjjsuncywgugluhfmppp;15;1;jmpukqasbwrsiojkfmbvbsrtgglem;15;-10;ibswkluhtmnugpuyiq;21;-8;oyyosmmambcb;29;-1;otkckymego;3;-14;asovgyncprpwmtcgoljgeyuljqm;16;10;weugjexkhej;7;-7;tziodrdpajvzfiiw
343: TAK
344: 
345: TAK
346: NIE
347: 
348: NIE
349: NIE
350: 
351: NIE
352: NIE
353: NIE
354: NIE
355: TAK
356: NIE
357: TAK
358: TAK
359: TAK
360: NIE
361: TAK
362: NIE
363: TAK
364: TAK
365: TAK
366: NIE
367: TAK
368: NIE
369: 440;tziodrdpajvzfiiw;7;-7;weugjexkhej
370: TAK
371: NIE
372: TAK
373: NIE
374: NIE
375: TAK
376: NIE
377: NIE
378: NIE
379: NIE
380: NIE
381: NIE
382: TAK
383: NIE
384: NIE
385: NIE
386: TAK
387: NIE
388: 
389: NIE
390: 
391: NIE
392: NIE
393: TAK
394: NIE
395: NIE
396: TAK
397: NIE
398: NIE
399: NIE
400: NIE
401: NIE
402: TAK
403: TAK
404: TAK
405: TAK
406: 
407: TAK
408: NIE
409: NIE
410: NIE
411: TAK
412: TAK
413: NIE
414: NIE
415: TAK
416: TAK
417: NIE
418: 
419: TAK
420: TAK
421: NIE
422: NIE
423: NIE
424: NIE
425: NIE
426: TAK
427: NIE
428: NIE
429: NIE
430: TAK
431: 
432: TAK
433: NIE
434: NIE
435: NIE
436: TAK
437: 
438: NIE
439: NIE
440: NIE
441: NIE
442: TAK
443: NIE
444: NIE
445: NIE
446: 
447: TAK
448: 
449: TAK
450: NIE
451: 926;ywlmngludtdjroqxzmvroconjawy;5;-9;ibswkluhtmnugpuyiq;21;-8;oyyosmmambcb
452: NIE
453: TAK
454: TAK
455: TAK
456: NIE
457: NIE
458: NIE
459: 481;rkxpapdoppruqlpswev;9;-9;ifgfzagjjsuncywgugluhfmppp;15;1;jmpukqasbwrsiojkfmbvbsrtgglem;15;-10;ibswkluhtmnugpuyiq;5;-9;ywlmngludtdjroqxzmvroconjawy
460: NIE
461: TAK
462: NIE
463: NIE
464: 
465: 
466: NIE
467: 
468: NIE
469: TAK
470: NIE
471: TAK
472: 455;otkckymego;3;-14;asovgyncprpwmtcgoljgeyuljqm;9;1;tziodrdpajvzfiiw;1;-7;rbchznrefifyzmhfezfhmqor;8;-6;zyrbhwjmvluhvodkq;25;-10;gwvokpvpengtcguthbqtpnejubxxl
473: TAK
474: TAK
475: NIE
476: NIE
477: TAK
478: TAK
479: TAK
480: TAK
481: 
482: NIE
483: NIE
484: TAK
485: TAK
486: TAK
487: TAK
488: NIE
489: NIE
490: 140;rkxpapdoppruqlpswev;9;-9;ifgfzagjjsuncywgugluhfmppp;15;1;jmpukqasbwrsiojkfmbvbsrtgglem;15;-10;ibswkluhtmnugpuyiq;19;13;zyrbhwjmvluhvodkq;8;-6;rbchznrefifyzmhfezfhmqor;1;-7;tziodrdpajvzfiiw;9;1;asovgyncprpwmtcgoljgeyuljqm;3;-14;otkckymego;29;-1;oyyosmmambcb
491: NIE
492: NIE
493: NIE
