1: NIE
2: NIE
3: TAK
4: NIE
5: NIE
6: TAK
7: NIE
8: NIE
9: 
10: NIE
11: NIE
12: NIE
13: NIE
14: NIE
15: NIE
16: NIE
17: NIE
18: NIE
19: NIE
20: NIE
21: NIE
22: 
23: NIE
24: TAK
25: NIE
26: TAK
27: 
28: TAK
29: NIE
30: NIE
31: NIE
32: NIE
33: TAK
34: NIE
35: TAK
36: TAK
37: NIE
38: TAK
39: NIE
40: NIE
41: 
42: 
43: NIE
44: NIE
45: NIE
46: 
47: NIE
48: 
49: NIE
50: TAK
51: NIE
52: NIE
53: NIE
54: NIE
55: TAK
56: NIE
57: 
58: NIE
59: 
60: TAK
61: NIE
62: NIE
63: NIE
64: NIE
65: TAK
66: NIE
67: NIE
68: TAK
69: 
70: NIE
71: NIE
72: 
73: TAK
74: 
75: NIE
76: TAK
77: NIE
78: NIE
79: 
80: NIE
81: NIE
82: TAK
83: NIE
84: NIE
85: NIE
86: NIE
87: NIE
88: TAK
89: 
90: NIE
91: 
92: TAK
93: TAK
94: TAK
95: TAK
96: NIE
97: NIE
98: TAK
99: TAK
100: NIE
101: NIE
102: 
103: 
104: NIE
105: NIE
106: NIE
107: TAK
108: NIE
109: TAK
110: NIE
111: NIE
112: NIE
113: NIE
114: NIE
115: NIE
116: 
117: TAK
118: NIE
119: NIE
120: NIE
121: TAK
122: NIE
123: NIE
124: NIE
125: 
126: 
127: NIE
128: NIE
129: TAK
130: NIE
131: NIE
132: 
133: NIE
134: 
135: NIE
136: NIE
137: NIE
138: NIE
139: NIE
140: 
141: NIE
142: NIE
143: NIE
144: NIE
145: NIE
146: NIE
147: NIE
148: NIE
149: NIE
150: TAK
151: NIE
152: NIE
153: TAK
154: TAK
155: 
156: 
157: TAK
158: NIE
159: TAK
160: NIE
161: NIE
162: TAK
163: NIE
164: TAK
165: 
166: TAK
167: NIE
168: TAK
169: TAK
170: NIE
171: TAK
172: NIE
173: NIE
174: NIE
175: 
176: NIE
177: 
178: NIE
179: NIE
180: NIE
181: NIE
182: NIE
183: TAK
184: TAK
185: NIE
186: 254;kpgjkkhukzjzctkuw;15;-12;jktslfmkczgzsqqpjry;28;7;kehobnjltefgxojkizkszxluutk
187: NIE
188: NIE
189: NIE
190: NIE
191: TAK
192: NIE
193: NIE
194: TAK
195: NIE
196: 
197: 513;uhnlvvfttbxevhwbtgmccwboyf;7;-15;kkulwfhqstw
198: NIE
199: NIE
200: NIE
201: NIE
202: 595;kkulwfhqstw;7;-15;uhnlvvfttbxevhwbtgmccwboyf;9;14;jxiidhbuxsfqqoppwow
203: NIE
204: TAK
205: NIE
206: NIE
207: TAK
208: NIE
209: NIE
210: NIE
211: 
212: TAK
213: NIE
214: TAK
215: NIE
216: TAK
217: 
218: NIE
219: NIE
220: NIE
221: NIE
222: TAK
223: TAK
224: TAK
225: NIE
226: NIE
227: TAK
228: NIE
229: NIE
230: NIE
231: NIE
232: NIE
233: NIE
234: NIE
235: 
236: NIE
237: NIE
238: TAK
239: 
240: NIE
241: TAK
242: TAK
243: TAK
244: TAK
245: 
246: NIE
247: TAK
248: TAK
249: TAK
250: NIE
251: TAK
252: TAK
253: TAK
254: 
255: NIE
256: NIE
257: NIE
258: NIE
259: TAK
260: NIE
261: TAK
262: TAK
263: NIE
264: TAK
265: TAK
266: 
267: NIE
268: NIE
269: 
270: TAK
271: NIE
272: NIE
273: TAK
274: TAK
275: TAK
276: TAK
277: NIE
278: 
279: NIE
280: NIE
281: 
282: NIE
283: TAK
284: 103;kkulwfhqstw;7;-15;uhnlvvfttbxevhwbtgmccwboyf;9;14;jxiidhbuxsfqqoppwow;20;-1;tkdtsltjdksnakanqtxinvbj;9;7;izdutmjfkgmfzncfkmdofmaho
285: NIE
286: TAK
287: TAK
288: TAK
289: NIE
290: 
291: NIE
292: NIE
293: NIE
294: TAK
295: 
296: 
297: TAK
298: NIE
299: TAK
300: TAK
301: TAK
302: TAK
303: NIE
304: NIE
305: 
306: TAK
307: 36;sknerkpuvttohtwdx;10;-4;kkulwfhqstw;7;13;uhnlvvfttbxevhwbtgmccwboyf;9;14;jxiidhbuxsfqqoppwow;20;-1;tkdtsltjdksnakanqtxinvbj
308: NIE
309: 586;iwlmwdafurjgwxaosflpaktiwyd;4;-13;kkulwfhqstw;7;13;uhnlvvfttbxevhwbtgmccwboyf;9;14;jxiidhbuxsfqqoppwow;20;-1;tkdtsltjdksnakanqtxinvbj
310: TAK
311: NIE
312: 192;vjaqnpdhipdcykbroirwwwbl;18;4;wtajxhxaxilqmty
313: TAK
314: NIE
315: TAK
316: 768;kpgjkkhukzjzctkuw;15;-12;jktslfmkczgzsqqpjry;16;-15;axmfxjalexqnziuckpnvahiypprjk;4;-6;ltvfhapfcav;5;12;yxixfwptpocaayul;15;-4;tkdtsltjdksnakanqtxinvbj;20;-1;jxiidhbuxsfqqoppwow
317: TAK
318: NIE
319: TAK
320: NIE
321: NIE
322: 613;yxixfwptpocaayul;15;-4;tkdtsltjdksnakanqtxinvbj;20;-1;jxiidhbuxsfqqoppwow;9;14;uhnlvvfttbxevhwbtgmccwboyf
323: 
324: TAK
325: NIE
326: TAK
327: 
328: NIE
329: NIE
330: TAK
331: TAK
332: 586;iwlmwdafurjgwxaosflpaktiwyd;4;-13;kkulwfhqstw;7;13;uhnlvvfttbxevhwbtgmccwboyf;9;14;jxiidhbuxsfqqoppwow;20;-1;tkdtsltjdksnakanqtxinvbj
333: NIE
334: NIE
335: TAK
336: NIE
337: 
338: NIE
339: NIE
340: TAK
341: NIE
342: TAK
343: NIE
344: TAK
345: TAK
346: NIE
347: TAK
348: 595;kkulwfhqstw;7;13;uhnlvvfttbxevhwbtgmccwboyf;9;14;jxiidhbuxsfqqoppwow;20;-1;tkdtsltjdksnakanqtxinvbj;13;-9;eplutmurifxrehahoddnvjenzv
349: NIE
350: NIE
351: 
352: NIE
353: 
354: NIE
355: TAK
356: TAK
357: TAK
358: TAK
359: NIE
360: NIE
361: NIE
362: 
363: NIE
364: TAK
365: TAK
366: 254;kpgjkkhukzjzctkuw;15;-12;jktslfmkczgzsqqpjry;28;7;kehobnjltefgxojkizkszxluutk
367: NIE
368: NIE
369: NIE
370: TAK
371: NIE
372: NIE
373: TAK
374: TAK
375: NIE
376: TAK
377: NIE
378: NIE
379: TAK
380: NIE
381: TAK
382: NIE
383: TAK
384: NIE
385: TAK
386: TAK
387: 488;izdutmjfkgmfzncfkmdofmaho;18;9;kcyplirrekfnrptfvuvzcflftsrv;23;-13;vjaqnpdhipdcykbroirwwwbl
388: TAK
389: 515;kehobnjltefgxojkizkszxluutk;28;7;jktslfmkczgzsqqpjry;15;-12;kpgjkkhukzjzctkuw
390: NIE
391: TAK
392: NIE
393: NIE
394: TAK
395: TAK
396: 515;kehobnjltefgxojkizkszxluutk;28;7;jktslfmkczgzsqqpjry;15;-12;kpgjkkhukzjzctkuw
397: NIE
398: TAK
399: NIE
400: TAK
401: NIE
402: NIE
403: TAK
404: TAK
405: TAK
406: 
407: NIE
408: 
409: NIE
410: TAK
411: TAK
412: TAK
413: TAK
414: TAK
415: NIE
416: TAK
417: NIE
418: NIE
419: TAK
420: NIE
421: TAK
422: 753;kpgjkkhukzjzctkuw;29;-9;tkdtsltjdksnakanqtxinvbj;9;7;izdutmjfkgmfzncfkmdofmaho;18;9;kcyplirrekfnrptfvuvzcflftsrv;23;-13;vjaqnpdhipdcykbroirwwwbl;5;9;iwlmwdafurjgwxaosflpaktiwyd
423: NIE
424: NIE
425: NIE
426: TAK
427: NIE
428: NIE
429: 
430: NIE
431: NIE
432: NIE
433: NIE
434: NIE
435: NIE
436: TAK
437: NIE
438: NIE
439: NIE
440: NIE
441: 
442: NIE
443: TAK
444: NIE
445: TAK
446: NIE
447: NIE
448: TAK
449: NIE
450: TAK
451: 924;tkdtsltjdksnakanqtxinvbj;15;-4;yxixfwptpocaayul;5;12;ltvfhapfcav;4;-6;axmfxjalexqnziuckpnvahiypprjk;3;9;kkulwfhqstw;10;-4;sknerkpuvttohtwdx
452: NIE
453: NIE
454: NIE
455: 586;iwlmwdafurjgwxaosflpaktiwyd;4;-13;kkulwfhqstw;7;13;uhnlvvfttbxevhwbtgmccwboyf;9;14;jxiidhbuxsfqqoppwow;20;-1;tkdtsltjdksnakanqtxinvbj
456: NIE
457: NIE
458: NIE
459: NIE
460: 586;iwlmwdafurjgwxaosflpaktiwyd;4;-13;kkulwfhqstw;7;13;uhnlvvfttbxevhwbtgmccwboyf;9;14;jxiidhbuxsfqqoppwow;20;-1;tkdtsltjdksnakanqtxinvbj
461: NIE
462: TAK
463: TAK
464: NIE
465: NIE
466: 
467: NIE
468: NIE
469: NIE
470: NIE
471: TAK
472: NIE
473: TAK
474: NIE
475: NIE
476: NIE
477: TAK
478: NIE
479: TAK
480: TAK
481: NIE
482: TAK
483: NIE
484: TAK
485: 
486: NIE
487: NIE
488: NIE
489: 194;vjaqnpdhipdcykbroirwwwbl;9;9;kehobnjltefgxojkizkszxluutk;28;7;jktslfmkczgzsqqpjry;16;-3;axmfxjalexqnziuckpnvahiypprjk;4;-6;ltvfhapfcav;5;12;yxixfwptpocaayul;29;-1;sknerkpuvttohtwdx;10;-4;kkulwfhqstw
490: 483;kkulwfhqstw;7;13;uhnlvvfttbxevhwbtgmccwboyf;9;14;jxiidhbuxsfqqoppwow;20;-1;tkdtsltjdksnakanqtxinvbj;15;-4;yxixfwptpocaayul;5;12;ltvfhapfcav;4;-6;axmfxjalexqnziuckpnvahiypprjk;18;10;sbscxdqtiqae
491: NIE
492: TAK
493: NIE
