1: NIE
2: NIE
3: NIE
4: NIE
5: NIE
6: 
7: NIE
8: NIE
9: NIE
10: NIE
11: NIE
12: NIE
13: 
14: NIE
15: NIE
16: NIE
17: NIE
18: NIE
19: 
20: 
21: 
22: TAK
23: 
24: NIE
25: NIE
26: TAK
27: NIE
28: 
29: TAK
30: 
31: NIE
32: NIE
33: NIE
34: NIE
35: NIE
36: NIE
37: NIE
38: NIE
39: TAK
40: NIE
41: NIE
42: NIE
43: NIE
44: NIE
45: NIE
46: NIE
47: TAK
48: NIE
49: NIE
50: NIE
51: NIE
52: NIE
53: NIE
54: NIE
55: NIE
56: TAK
57: 
58: TAK
59: TAK
60: NIE
61: NIE
62: NIE
63: TAK
64: NIE
65: TAK
66: NIE
67: NIE
68: NIE
69: TAK
70: NIE
71: TAK
72: NIE
73: NIE
74: TAK
75: NIE
76: NIE
77: NIE
78: NIE
79: 
80: 
81: 
82: NIE
83: 
84: TAK
85: NIE
86: 
87: NIE
88: 
89: NIE
90: NIE
91: NIE
92: NIE
93: NIE
94: NIE
95: TAK
96: TAK
97: NIE
98: NIE
99: NIE
100: TAK
101: NIE
102: NIE
103: NIE
104: 
105: NIE
106: NIE
107: TAK
108: NIE
109: TAK
110: NIE
111: NIE
112: NIE
113: TAK
114: NIE
115: NIE
116: NIE
117: NIE
118: TAK
119: NIE
120: NIE
121: NIE
122: TAK
123: NIE
124: TAK
125: NIE
126: NIE
127: TAK
128: NIE
129: NIE
130: NIE
131: TAK
132: NIE
133: TAK
134: 
135: TAK
136: TAK
137: NIE
138: NIE
139: NIE
140: NIE
141: NIE
142: NIE
143: TAK
144: NIE
145: 
146: NIE
147: NIE
148: TAK
149: NIE
150: 
151: NIE
152: 
153: TAK
154: NIE
155: TAK
156: NIE
157: 
158: NIE
159: 
160: TAK
161: TAK
162: NIE
163: 
164: NIE
165: NIE
166: NIE
167: NIE
168: 
169: NIE
170: TAK
171: 
172: NIE
173: NIE
174: TAK
175: NIE
176: TAK
177: NIE
178: 
179: TAK
180: NIE
181: TAK
182: NIE
183: NIE
184: TAK
185: TAK
186: NIE
187: NIE
188: 
189: NIE
190: NIE
191: 
192: 
193: NIE
194: NIE
195: TAK
196: NIE
197: 
198: TAK
199: NIE
200: TAK
201: NIE
202: TAK
203: TAK
204: NIE
205: TAK
206: 
207: NIE
208: NIE
209: 
210: 
211: NIE
212: NIE
213: NIE
214: NIE
215: NIE
216: TAK
217: NIE
218: TAK
219: TAK
220: TAK
221: TAK
222: TAK
223: NIE
224: TAK
225: TAK
226: TAK
227: NIE
228: NIE
229: NIE
230: NIE
231: TAK
232: TAK
233: NIE
234: NIE
235: 171;yhqrryltebcx;18;-8;upauseaztr;26;15;svewrzjccue;20;-4;ozrbookuthigfj;25;10;wcznotgwdodm;18;-7;pafesqwbjlzm;13;3;vnpxggexnlwztsryxtpxytrosvzd
236: TAK
237: TAK
238: NIE
239: NIE
240: NIE
241: NIE
242: 
243: NIE
244: NIE
245: NIE
246: TAK
247: NIE
248: TAK
249: NIE
250: 
251: NIE
252: 
253: NIE
254: 
255: 758;yczvvrutmojgjljfz;29;-12;ozrbookuthigfj;20;-4;svewrzjccue;16;-2;tofphgyliuqec;9;4;vnpxggexnlwztsryxtpxytrosvzd;13;3;pafesqwbjlzm
256: NIE
257: NIE
258: TAK
259: NIE
260: 382;pafesqwbjlzm;18;-7;wcznotgwdodm;25;10;ozrbookuthigfj
261: NIE
262: NIE
263: 758;yczvvrutmojgjljfz;29;-12;ozrbookuthigfj;20;-4;svewrzjccue;16;-2;tofphgyliuqec;9;4;vnpxggexnlwztsryxtpxytrosvzd;13;3;pafesqwbjlzm
264: TAK
265: NIE
266: NIE
267: NIE
268: 
269: NIE
270: 
271: TAK
272: 
273: 
274: TAK
275: TAK
276: NIE
277: NIE
278: NIE
279: 
280: 
281: NIE
282: TAK
283: NIE
284: 
285: NIE
286: NIE
287: TAK
288: TAK
289: NIE
290: TAK
291: NIE
292: 
293: TAK
294: TAK
295: NIE
296: NIE
297: NIE
298: NIE
299: TAK
300: TAK
301: NIE
302: TAK
303: NIE
304: TAK
305: NIE
306: 
307: NIE
308: NIE
309: NIE
310: 
311: 
312: NIE
313: TAK
314: NIE
315: NIE
316: NIE
317: NIE
318: TAK
319: NIE
320: TAK
321: NIE
322: TAK
323: NIE
324: 
325: NIE
326: 
327: TAK
328: 987;lrzjbtxbhfftxghprvtwhmqaqyv;10;-14;mpixjjjkcglllsglyncs
329: NIE
330: 
331: 382;pafesqwbjlzm;18;-7;wcznotgwdodm;25;10;ozrbookuthigfj
332: 874;svewrzjccue;16;-2;tofphgyliuqec;9;4;vnpxggexnlwztsryxtpxytrosvzd;13;3;pafesqwbjlzm;18;-7;wcznotgwdodm;19;10;mzcxvgwivpqttew
333: 
334: 
335: NIE
336: 
337: TAK
338: TAK
339: NIE
340: 250;vnpxggexnlwztsryxtpxytrosvzd;13;3;pafesqwbjlzm;18;-7;wcznotgwdodm;25;10;ozrbookuthigfj;20;-4;svewrzjccue;16;-2;tofphgyliuqec;5;3;gklydoplsjsmvdjuzt
341: TAK
342: 
343: TAK
344: 
345: TAK
346: NIE
347: TAK
348: TAK
349: TAK
350: NIE
351: 
352: TAK
353: NIE
354: NIE
355: NIE
356: NIE
357: NIE
358: NIE
359: NIE
360: TAK
361: NIE
362: NIE
363: 792;pafesqwbjlzm;18;-7;wcznotgwdodm;29;4;voskgucgpgsfqsqzbcehpruhyhilk
364: NIE
365: TAK
366: 382;pafesqwbjlzm;18;-7;wcznotgwdodm;25;10;ozrbookuthigfj
367: TAK
368: NIE
369: NIE
370: NIE
371: NIE
372: NIE
373: NIE
374: NIE
375: TAK
376: 250;vnpxggexnlwztsryxtpxytrosvzd;13;3;pafesqwbjlzm;18;-7;wcznotgwdodm;25;10;ozrbookuthigfj;20;-4;svewrzjccue;16;-2;tofphgyliuqec;5;3;gklydoplsjsmvdjuzt
377: TAK
378: TAK
379: TAK
380: TAK
381: 792;pafesqwbjlzm;18;-7;wcznotgwdodm;29;4;voskgucgpgsfqsqzbcehpruhyhilk
382: 
383: NIE
384: NIE
385: NIE
386: 
387: TAK
388: NIE
389: NIE
390: TAK
391: 
392: TAK
393: NIE
394: TAK
395: TAK
396: TAK
397: NIE
398: TAK
399: NIE
400: NIE
401: 987;lrzjbtxbhfftxghprvtwhmqaqyv;10;-14;mpixjjjkcglllsglyncs
402: TAK
403: NIE
404: NIE
405: NIE
406: NIE
407: NIE
408: NIE
409: NIE
410: TAK
411: TAK
412: TAK
413: TAK
414: TAK
415: TAK
416: TAK
417: NIE
418: NIE
419: NIE
420: TAK
421: 
422: TAK
423: NIE
424: TAK
425: 226;svewrzjccue;2;-5;lrzjbtxbhfftxghprvtwhmqaqyv;2;-12;yczvvrutmojgjljfz
426: NIE
427: TAK
428: 
429: 
430: TAK
431: TAK
432: NIE
433: TAK
434: NIE
435: NIE
436: TAK
437: TAK
438: NIE
439: 
440: 690;voskgucgpgsfqsqzbcehpruhyhilk;29;4;wcznotgwdodm;18;-7;pafesqwbjlzm;13;3;vnpxggexnlwztsryxtpxytrosvzd;9;4;tofphgyliuqec
441: TAK
442: TAK
443: TAK
444: NIE
445: NIE
446: TAK
447: TAK
448: TAK
449: 226;svewrzjccue;2;-5;lrzjbtxbhfftxghprvtwhmqaqyv;2;-12;yczvvrutmojgjljfz
450: NIE
451: TAK
452: TAK
453: NIE
454: TAK
455: TAK
456: TAK
457: TAK
458: NIE
459: NIE
460: NIE
461: TAK
462: NIE
463: NIE
464: 
465: TAK
466: 
467: NIE
468: NIE
469: NIE
470: 828;upauseaztr;1;11;bopyliveujqbu;6;-13;svewrzjccue;2;-5;lrzjbtxbhfftxghprvtwhmqaqyv;10;-14;mpixjjjkcglllsglyncs
471: NIE
472: 705;pafesqwbjlzm;13;3;vnpxggexnlwztsryxtpxytrosvzd;9;4;tofphgyliuqec;16;-2;svewrzjccue
473: NIE
474: TAK
475: NIE
476: TAK
477: TAK
478: NIE
479: NIE
480: NIE
481: TAK
482: NIE
483: NIE
484: TAK
485: TAK
486: 993;ldzpaxvwhsnyniemsymqlo;1;-14;bopyliveujqbu;6;-13;svewrzjccue;2;-5;lrzjbtxbhfftxghprvtwhmqaqyv;2;-12;yczvvrutmojgjljfz;29;-12;ozrbookuthigfj
487: TAK
488: 
489: NIE
490: 690;voskgucgpgsfqsqzbcehpruhyhilk;29;4;wcznotgwdodm;18;-7;pafesqwbjlzm;13;3;vnpxggexnlwztsryxtpxytrosvzd;9;4;tofphgyliuqec
491: NIE
492: TAK
493: NIE
