1: NIE
2: NIE
3: TAK
4: NIE
5: NIE
6: NIE
7: 
8: NIE
9: 
10: NIE
11: NIE
12: TAK
13: NIE
14: NIE
15: NIE
16: NIE
17: NIE
18: TAK
19: TAK
20: NIE
21: TAK
22: 
23: NIE
24: NIE
25: 
26: NIE
27: TAK
28: TAK
29: NIE
30: NIE
31: TAK
32: 
33: 
34: NIE
35: TAK
36: NIE
37: 
38: TAK
39: 
40: 
41: TAK
42: 
43: TAK
44: NIE
45: NIE
46: NIE
47: NIE
48: NIE
49: 
50: NIE
51: NIE
52: NIE
53: NIE
54: NIE
55: 
56: 
57: TAK
58: TAK
59: 
60: NIE
61: 
62: 
63: NIE
64: TAK
65: 
66: TAK
67: TAK
68: TAK
69: 
70: NIE
71: NIE
72: NIE
73: NIE
74: NIE
75: 
76: NIE
77: NIE
78: 
79: NIE
80: NIE
81: NIE
82: NIE
83: NIE
84: TAK
85: NIE
86: TAK
87: NIE
88: 
89: NIE
90: TAK
91: TAK
92: 
93: NIE
94: NIE
95: NIE
96: NIE
97: NIE
98: NIE
99: NIE
100: NIE
101: TAK
102: 
103: NIE
104: NIE
105: NIE
106: NIE
107: NIE
108: TAK
109: NIE
110: NIE
111: TAK
112: 
113: NIE
114: TAK
115: NIE
116: 
117: NIE
118: NIE
119: NIE
120: NIE
121: NIE
122: NIE
123: TAK
124: NIE
125: 
126: NIE
127: NIE
128: NIE
129: NIE
130: 
131: 
132: TAK
133: NIE
134: TAK
135: NIE
136: TAK
137: TAK
138: NIE
139: NIE
140: NIE
141: 
142: TAK
143: NIE
144: 
145: NIE
146: NIE
147: TAK
148: 
149: 
150: NIE
151: NIE
152: 
153: NIE
154: NIE
155: 406;rbazjhsdrtssniq;26;-13;kaoysqyuduibijrzyncsba;13;3;emknfpfmstftrcxvddflapbhq
156: 
157: NIE
158: NIE
159: TAK
160: NIE
161: TAK
162: 
163: NIE
164: 
165: 
166: NIE
167: NIE
168: 
169: NIE
170: NIE
171: TAK
172: TAK
173: NIE
174: NIE
175: NIE
176: NIE
177: TAK
178: NIE
179: TAK
180: NIE
181: NIE
182: NIE
183: 
184: NIE
185: 
186: NIE
187: TAK
188: NIE
189: 
190: TAK
191: TAK
192: 
193: NIE
194: NIE
195: NIE
196: TAK
197: TAK
198: NIE
199: TAK
200: TAK
201: TAK
202: TAK
203: NIE
204: TAK
205: NIE
206: NIE
207: NIE
208: NIE
209: 
210: NIE
211: NIE
212: 
213: TAK
214: NIE
215: NIE
216: NIE
217: TAK
218: NIE
219: 
220: NIE
221: 406;rbazjhsdrtssniq;26;-13;kaoysqyuduibijrzyncsba;13;3;emknfpfmstftrcxvddflapbhq
222: TAK
223: NIE
224: 
225: 406;rbazjhsdrtssniq;26;-13;kaoysqyuduibijrzyncsba;13;3;emknfpfmstftrcxvddflapbhq
226: NIE
227: 
228: 
229: NIE
230: TAK
231: TAK
232: 
233: NIE
234: NIE
235: TAK
236: TAK
237: TAK
238: TAK
239: NIE
240: TAK
241: TAK
242: 
243: NIE
244: TAK
245: NIE
246: 
247: NIE
248: NIE
249: TAK
250: TAK
251: TAK
252: TAK
253: TAK
254: NIE
255: TAK
256: TAK
257: 
258: NIE
259: 
260: NIE
261: 
262: NIE
263: 
264: NIE
265: NIE
266: TAK
267: 
268: NIE
269: NIE
270: NIE
271: NIE
272: NIE
273: NIE
274: NIE
275: TAK
276: 
277: NIE
278: TAK
279: 
280: NIE
281: NIE
282: NIE
283: NIE
284: NIE
285: TAK
286: TAK
287: TAK
288: NIE
289: NIE
290: 
291: TAK
292: TAK
293: TAK
294: TAK
295: 
296: NIE
297: TAK
298: 1;kaoysqyuduibijrzyncsba;13;3;emknfpfmstftrcxvddflapbhq;7;9;nimlgqorjfjrcqttbqfpkmiiz
299: 
300: TAK
301: TAK
302: TAK
303: NIE
304: NIE
305: 
306: 736;rbazjhsdrtssniq;20;15;hcuowjwixcbnuksf;12;-13;sdqhaoqbwvecbdjgvinhzhsdox;3;-3;fvrsdrkkzwsawgdyutlp;1;-15;nimlgqorjfjrcqttbqfpkmiiz
307: NIE
308: NIE
309: NIE
310: TAK
311: TAK
312: NIE
313: TAK
314: 860;ztwweclqpq;15;12;emknfpfmstftrcxvddflapbhq;7;9;nimlgqorjfjrcqttbqfpkmiiz
315: NIE
316: NIE
317: 
318: NIE
319: NIE
320: NIE
321: NIE
322: 843;rfikfaaobbmonvlofbjajhyw;16;13;emknfpfmstftrcxvddflapbhq;13;3;kaoysqyuduibijrzyncsba;8;13;abynjgwbkostgwxnvhyoni
323: NIE
324: NIE
325: 704;emknfpfmstftrcxvddflapbhq;7;9;nimlgqorjfjrcqttbqfpkmiiz;1;-15;fvrsdrkkzwsawgdyutlp;3;-3;sdqhaoqbwvecbdjgvinhzhsdox;12;-13;hcuowjwixcbnuksf
326: TAK
327: NIE
328: NIE
329: NIE
330: 828;ztwweclqpq;15;12;emknfpfmstftrcxvddflapbhq;7;9;nimlgqorjfjrcqttbqfpkmiiz;1;-15;fvrsdrkkzwsawgdyutlp;3;-3;sdqhaoqbwvecbdjgvinhzhsdox;13;-4;rfikfaaobbmonvlofbjajhyw
331: 
332: TAK
333: NIE
334: TAK
335: 
336: TAK
337: NIE
338: NIE
339: TAK
340: TAK
341: NIE
342: NIE
343: NIE
344: TAK
345: TAK
346: NIE
347: TAK
348: TAK
349: NIE
350: TAK
351: NIE
352: NIE
353: 
354: TAK
355: NIE
356: NIE
357: NIE
358: 463;bxhmxruvnwdkpvpihc;7;-5;abynjgwbkostgwxnvhyoni;13;4;wijtfjjcxgsyqo
359: 320;iebeezferyfkrrjchcgopz;12;-6;fvrsdrkkzwsawgdyutlp;1;-15;nimlgqorjfjrcqttbqfpkmiiz
360: 736;rbazjhsdrtssniq;20;15;hcuowjwixcbnuksf;12;-13;sdqhaoqbwvecbdjgvinhzhsdox;3;-3;fvrsdrkkzwsawgdyutlp;1;-15;nimlgqorjfjrcqttbqfpkmiiz
361: NIE
362: TAK
363: TAK
364: 
365: NIE
366: NIE
367: TAK
368: NIE
369: 
370: TAK
371: TAK
372: NIE
373: NIE
374: TAK
375: 647;sdqhaoqbwvecbdjgvinhzhsdox;3;-3;fvrsdrkkzwsawgdyutlp;1;-15;nimlgqorjfjrcqttbqfpkmiiz;7;9;emknfpfmstftrcxvddflapbhq;15;12;ztwweclqpq
376: TAK
377: TAK
378: 320;iebeezferyfkrrjchcgopz;12;-6;fvrsdrkkzwsawgdyutlp;1;-15;nimlgqorjfjrcqttbqfpkmiiz
379: NIE
380: NIE
381: NIE
382: 515;emknfpfmstftrcxvddflapbhq;7;9;nimlgqorjfjrcqttbqfpkmiiz;6;3;dukaapauinkpojwdgpxedv;18;10;veaqlvknufrxmexbfg
383: 320;iebeezferyfkrrjchcgopz;12;-6;fvrsdrkkzwsawgdyutlp;1;-15;nimlgqorjfjrcqttbqfpkmiiz
384: NIE
385: NIE
386: TAK
387: 
388: 
389: NIE
390: TAK
391: TAK
392: TAK
393: TAK
394: NIE
395: NIE
396: TAK
397: NIE
398: TAK
399: TAK
400: 
401: 636;veaqlvknufrxmexbfg;18;10;dukaapauinkpojwdgpxedv;6;9;nimlgqorjfjrcqttbqfpkmiiz;1;-15;fvrsdrkkzwsawgdyutlp;27;12;okspudivbwyvzaqr
402: 
403: NIE
404: TAK
405: TAK
406: NIE
407: NIE
408: TAK
409: 
410: TAK
411: TAK
412: NIE
413: TAK
414: 
415: NIE
416: NIE
417: TAK
418: TAK
419: TAK
420: TAK
421: 843;rfikfaaobbmonvlofbjajhyw;16;13;emknfpfmstftrcxvddflapbhq;13;3;kaoysqyuduibijrzyncsba;8;13;abynjgwbkostgwxnvhyoni
422: 
423: TAK
424: NIE
425: 503;kaoysqyuduibijrzyncsba;8;13;abynjgwbkostgwxnvhyoni;15;-13;veaqlvknufrxmexbfg
426: TAK
427: NIE
428: TAK
429: 51;kaoysqyuduibijrzyncsba;13;3;emknfpfmstftrcxvddflapbhq;16;13;rfikfaaobbmonvlofbjajhyw
430: TAK
431: TAK
432: NIE
433: NIE
434: TAK
435: NIE
436: NIE
437: TAK
438: NIE
439: TAK
440: NIE
441: NIE
442: NIE
443: TAK
444: NIE
445: TAK
446: NIE
447: 647;vvyqxoxoyjwiikqlgghserpgscc;20;7;abynjgwbkostgwxnvhyoni;15;-11;hcuowjwixcbnuksf;12;-13;sdqhaoqbwvecbdjgvinhzhsdox;3;-3;fvrsdrkkzwsawgdyutlp;1;-15;nimlgqorjfjrcqttbqfpkmiiz;7;9;emknfpfmstftrcxvddflapbhq;15;12;ztwweclqpq
448: TAK
449: NIE
450: TAK
451: 515;emknfpfmstftrcxvddflapbhq;7;9;nimlgqorjfjrcqttbqfpkmiiz;1;-15;fvrsdrkkzwsawgdyutlp;3;-3;sdqhaoqbwvecbdjgvinhzhsdox;12;-13;hcuowjwixcbnuksf;20;15;rbazjhsdrtssniq;17;14;dukaapauinkpojwdgpxedv;18;10;veaqlvknufrxmexbfg
452: NIE
453: NIE
454: TAK
455: NIE
456: 277;kaoysqyuduibijrzyncsba;13;3;emknfpfmstftrcxvddflapbhq
457: 
458: TAK
459: 
460: NIE
461: NIE
462: TAK
463: TAK
464: NIE
465: NIE
466: 
467: TAK
468: 221;abynjgwbkostgwxnvhyoni;15;-11;hcuowjwixcbnuksf;12;10;sdqhaoqbwvecbdjgvinhzhsdox;3;-3;fvrsdrkkzwsawgdyutlp;1;-15;nimlgqorjfjrcqttbqfpkmiiz;7;9;emknfpfmstftrcxvddflapbhq;13;3;kaoysqyuduibijrzyncsba
469: TAK
470: NIE
471: NIE
472: TAK
473: NIE
474: NIE
475: NIE
476: TAK
477: NIE
478: TAK
479: 343;kaoysqyuduibijrzyncsba;13;3;emknfpfmstftrcxvddflapbhq;16;13;rfikfaaobbmonvlofbjajhyw;13;-4;sdqhaoqbwvecbdjgvinhzhsdox;3;-3;fvrsdrkkzwsawgdyutlp;1;-15;nimlgqorjfjrcqttbqfpkmiiz;23;13;hcuowjwixcbnuksf;20;15;rbazjhsdrtssniq;17;14;dukaapauinkpojwdgpxedv
480: NIE
481: NIE
482: 406;rbazjhsdrtssniq;26;-13;kaoysqyuduibijrzyncsba;13;3;emknfpfmstftrcxvddflapbhq
483: NIE
484: TAK
485: NIE
486: TAK
487: 25;fvrsdrkkzwsawgdyutlp;3;-3;sdqhaoqbwvecbdjgvinhzhsdox;13;-4;rfikfaaobbmonvlofbjajhyw
488: NIE
489: 72;rbazjhsdrtssniq;26;-13;kaoysqyuduibijrzyncsba;13;3;emknfpfmstftrcxvddflapbhq
490: 515;emknfpfmstftrcxvddflapbhq;7;9;nimlgqorjfjrcqttbqfpkmiiz;1;-15;fvrsdrkkzwsawgdyutlp;3;-3;sdqhaoqbwvecbdjgvinhzhsdox;12;10;hcuowjwixcbnuksf;20;15;rbazjhsdrtssniq;17;14;dukaapauinkpojwdgpxedv;18;10;veaqlvknufrxmexbfg
491: 647;vvyqxoxoyjwiikqlgghserpgscc;20;7;abynjgwbkostgwxnvhyoni;15;-11;hcuowjwixcbnuksf;12;10;sdqhaoqbwvecbdjgvinhzhsdox;3;-3;fvrsdrkkzwsawgdyutlp;1;-15;nimlgqorjfjrcqttbqfpkmiiz;7;9;emknfpfmstftrcxvddflapbhq;15;12;ztwweclqpq
492: 
493: NIE
