1: NIE
2: NIE
3: NIE
4: NIE
5: NIE
6: NIE
7: NIE
8: TAK
9: 
10: NIE
11: NIE
12: 
13: NIE
14: NIE
15: NIE
16: NIE
17: TAK
18: NIE
19: NIE
20: TAK
21: TAK
22: NIE
23: TAK
24: NIE
25: NIE
26: NIE
27: NIE
28: 
29: NIE
30: NIE
31: TAK
32: NIE
33: TAK
34: TAK
35: 
36: 
37: TAK
38: 
39: 
40: NIE
41: 
42: TAK
43: TAK
44: NIE
45: NIE
46: NIE
47: NIE
48: NIE
49: NIE
50: TAK
51: NIE
52: NIE
53: TAK
54: NIE
55: NIE
56: TAK
57: TAK
58: NIE
59: NIE
60: TAK
61: NIE
62: NIE
63: 
64: 
65: NIE
66: TAK
67: TAK
68: NIE
69: 
70: TAK
71: 923;ajezcfponkzxkbndexv;25;-7;rktijysuhnweavlmdtipcg;10;4;hlfobppmzsp;27;-14;akgnwrqhbzcfrds
72: TAK
73: TAK
74: NIE
75: NIE
76: NIE
77: TAK
78: NIE
79: NIE
80: 
81: NIE
82: NIE
83: TAK
84: NIE
85: 
86: NIE
87: 254;rktijysuhnweavlmdtipcg;25;-7;ajezcfponkzxkbndexv
88: TAK
89: NIE
90: TAK
91: 
92: 
93: 
94: NIE
95: 254;rktijysuhnweavlmdtipcg;25;-7;ajezcfponkzxkbndexv
96: NIE
97: NIE
98: NIE
99: NIE
100: TAK
101: NIE
102: NIE
103: TAK
104: NIE
105: TAK
106: NIE
107: NIE
108: TAK
109: TAK
110: TAK
111: NIE
112: NIE
113: NIE
114: 109;yrxyfhrxkteqpk;9;4;cfqubjprwhbvasjoq;12;7;ishfnkpljialijte;24;4;akgnwrqhbzcfrds;27;6;hlfobppmzsp
115: NIE
116: TAK
117: NIE
118: TAK
119: NIE
120: 
121: TAK
122: NIE
123: 
124: NIE
125: NIE
126: NIE
127: TAK
128: 
129: 
130: NIE
131: TAK
132: NIE
133: NIE
134: NIE
135: NIE
136: NIE
137: TAK
138: NIE
139: NIE
140: 
141: NIE
142: TAK
143: NIE
144: NIE
145: NIE
146: NIE
147: NIE
148: TAK
149: NIE
150: TAK
151: 642;mqjtkifdmyuwvxcntfwk;8;-14;twdyxoxznpsxeqq;15;2;rktijysuhnweavlmdtipcg;10;4;hlfobppmzsp;27;6;akgnwrqhbzcfrds;24;4;ishfnkpljialijte;12;7;cfqubjprwhbvasjoq;9;4;yrxyfhrxkteqpk;17;14;zliqebdalxczsrkmy
152: NIE
153: TAK
154: NIE
155: NIE
156: TAK
157: NIE
158: NIE
159: TAK
160: NIE
161: NIE
162: 
163: NIE
164: TAK
165: 
166: NIE
167: TAK
168: 923;ajezcfponkzxkbndexv;25;-7;rktijysuhnweavlmdtipcg;10;4;hlfobppmzsp;27;6;akgnwrqhbzcfrds
169: NIE
170: NIE
171: NIE
172: 444;ishfnkpljialijte;12;7;cfqubjprwhbvasjoq;9;4;yrxyfhrxkteqpk
173: NIE
174: NIE
175: 
176: NIE
177: NIE
178: NIE
179: NIE
180: NIE
181: NIE
182: NIE
183: NIE
184: NIE
185: 
186: TAK
187: TAK
188: NIE
189: NIE
190: NIE
191: TAK
192: NIE
193: TAK
194: NIE
195: 109;yrxyfhrxkteqpk;9;4;cfqubjprwhbvasjoq;12;7;ishfnkpljialijte;24;5;akgnwrqhbzcfrds;27;6;hlfobppmzsp
196: 
197: NIE
198: TAK
199: TAK
200: TAK
201: NIE
202: TAK
203: TAK
204: TAK
205: NIE
206: TAK
207: NIE
208: TAK
209: NIE
210: NIE
211: NIE
212: 589;hlfobppmzsp;10;4;rktijysuhnweavlmdtipcg;25;-7;ajezcfponkzxkbndexv;16;7;akgnwrqhbzcfrds;24;5;ishfnkpljialijte;12;7;cfqubjprwhbvasjoq
213: TAK
214: NIE
215: NIE
216: TAK
217: TAK
218: NIE
219: 589;hlfobppmzsp;10;4;rktijysuhnweavlmdtipcg;25;-7;ajezcfponkzxkbndexv;16;7;akgnwrqhbzcfrds;24;5;ishfnkpljialijte;12;7;cfqubjprwhbvasjoq
220: NIE
221: TAK
222: NIE
223: NIE
224: TAK
225: NIE
226: NIE
227: 
228: NIE
229: NIE
230: TAK
231: TAK
232: TAK
233: 
234: NIE
235: 923;ajezcfponkzxkbndexv;25;-7;rktijysuhnweavlmdtipcg;10;4;hlfobppmzsp;27;6;akgnwrqhbzcfrds
236: TAK
237: NIE
238: TAK
239: TAK
240: NIE
241: TAK
242: NIE
243: 
244: TAK
245: 600;ywrwfilhscvnxfjfiumhydcmbspom;25;10;cfqubjprwhbvasjoq
246: NIE
247: NIE
248: TAK
249: TAK
250: 687;ajezcfponkzxkbndexv;11;7;hlfobppmzsp;10;4;rktijysuhnweavlmdtipcg;15;2;twdyxoxznpsxeqq
251: TAK
252: NIE
253: TAK
254: TAK
255: TAK
256: NIE
257: NIE
258: TAK
259: NIE
260: NIE
261: TAK
262: NIE
263: NIE
264: NIE
265: TAK
266: NIE
267: NIE
268: 
269: TAK
270: TAK
271: NIE
272: NIE
273: NIE
274: TAK
275: TAK
276: NIE
277: TAK
278: TAK
279: TAK
280: 444;ishfnkpljialijte;12;7;cfqubjprwhbvasjoq;9;4;yrxyfhrxkteqpk
281: NIE
282: 
283: TAK
284: TAK
285: TAK
286: NIE
287: TAK
288: TAK
289: TAK
290: NIE
291: TAK
292: TAK
293: NIE
294: TAK
295: 2;ishfnkpljialijte;12;7;cfqubjprwhbvasjoq;7;-7;yanczkngvtwzkmnjgekkziq;10;12;dztzqjitlkacotbjreiouhqkzihd
296: NIE
297: NIE
298: TAK
299: 254;rktijysuhnweavlmdtipcg;25;-7;ajezcfponkzxkbndexv
300: 589;hlfobppmzsp;10;4;rktijysuhnweavlmdtipcg;25;-7;ajezcfponkzxkbndexv;16;7;akgnwrqhbzcfrds;24;5;ishfnkpljialijte;12;7;cfqubjprwhbvasjoq
301: TAK
302: 357;ishfnkpljialijte;24;5;akgnwrqhbzcfrds
303: TAK
304: TAK
305: NIE
306: TAK
307: NIE
308: TAK
309: TAK
310: TAK
311: TAK
312: TAK
313: 687;ajezcfponkzxkbndexv;11;7;hlfobppmzsp;10;4;rktijysuhnweavlmdtipcg;1;9;yanczkngvtwzkmnjgekkziq;7;-7;cfqubjprwhbvasjoq;22;-14;twdyxoxznpsxeqq
314: TAK
315: TAK
316: TAK
317: NIE
318: TAK
319: NIE
320: TAK
321: NIE
322: 
323: NIE
324: NIE
325: NIE
326: TAK
327: NIE
328: NIE
329: NIE
330: NIE
331: TAK
332: NIE
333: TAK
334: 
335: 967;ywrwfilhscvnxfjfiumhydcmbspom;7;-12;zliqebdalxczsrkmy;6;12;fvxxmljicwdmfdhbmuxq;5;-9;yrxyfhrxkteqpk
336: 589;hlfobppmzsp;10;4;rktijysuhnweavlmdtipcg;25;-7;ajezcfponkzxkbndexv;16;7;akgnwrqhbzcfrds;24;5;ishfnkpljialijte;12;7;cfqubjprwhbvasjoq
337: TAK
338: 600;ywrwfilhscvnxfjfiumhydcmbspom;7;-12;zliqebdalxczsrkmy;6;12;fvxxmljicwdmfdhbmuxq;5;-9;yrxyfhrxkteqpk;9;4;cfqubjprwhbvasjoq
339: TAK
340: TAK
341: TAK
342: 344;ajezcfponkzxkbndexv;16;7;akgnwrqhbzcfrds
343: NIE
344: TAK
345: NIE
346: 600;ywrwfilhscvnxfjfiumhydcmbspom;7;-12;zliqebdalxczsrkmy;6;12;fvxxmljicwdmfdhbmuxq;5;-9;yrxyfhrxkteqpk;9;4;cfqubjprwhbvasjoq
347: TAK
348: 2;ishfnkpljialijte;12;7;cfqubjprwhbvasjoq;7;-7;yanczkngvtwzkmnjgekkziq;10;12;dztzqjitlkacotbjreiouhqkzihd
349: TAK
350: TAK
351: 632;yanczkngvtwzkmnjgekkziq;10;12;dztzqjitlkacotbjreiouhqkzihd;3;6;traqtsbkkdwbopnwxqivnhsklffq;21;-14;vdiyzrnbzjgugfgrprtnwhsaot
352: TAK
353: NIE
354: TAK
355: TAK
356: NIE
357: TAK
358: TAK
359: NIE
360: NIE
361: NIE
362: NIE
363: NIE
364: 302;dztzqjitlkacotbjreiouhqkzihd;25;-10;poyiqocipmtukwibjeybpvoynaluf;9;-4;zliqebdalxczsrkmy;6;12;fvxxmljicwdmfdhbmuxq;5;-9;yrxyfhrxkteqpk;9;4;cfqubjprwhbvasjoq;7;-7;yanczkngvtwzkmnjgekkziq;1;9;rktijysuhnweavlmdtipcg;25;-7;ajezcfponkzxkbndexv;11;7;hlfobppmzsp
365: NIE
366: NIE
367: NIE
368: TAK
369: TAK
370: TAK
371: NIE
372: TAK
373: TAK
374: TAK
375: NIE
376: TAK
377: 687;ajezcfponkzxkbndexv;11;7;hlfobppmzsp;10;4;rktijysuhnweavlmdtipcg;1;9;yanczkngvtwzkmnjgekkziq;7;-7;cfqubjprwhbvasjoq;22;-14;twdyxoxznpsxeqq
378: NIE
379: TAK
380: TAK
381: NIE
382: NIE
383: TAK
384: TAK
385: TAK
386: TAK
387: NIE
388: TAK
389: TAK
390: TAK
391: TAK
392: TAK
393: 743;zliqebdalxczsrkmy;6;12;fvxxmljicwdmfdhbmuxq;5;-9;yrxyfhrxkteqpk;9;4;cfqubjprwhbvasjoq;12;7;ishfnkpljialijte;24;5;akgnwrqhbzcfrds;16;7;ajezcfponkzxkbndexv;11;7;hlfobppmzsp;10;4;rktijysuhnweavlmdtipcg;1;9;yanczkngvtwzkmnjgekkziq;10;12;dztzqjitlkacotbjreiouhqkzihd;25;-10;poyiqocipmtukwibjeybpvoynaluf;22;14;ywrwfilhscvnxfjfiumhydcmbspom;19;12;twdyxoxznpsxeqq;8;-11;mqjtkifdmyuwvxcntfwk
394: NIE
395: NIE
396: TAK
397: NIE
398: NIE
399: NIE
400: 
401: NIE
402: NIE
403: TAK
404: NIE
405: TAK
406: NIE
407: NIE
408: NIE
409: NIE
410: NIE
411: TAK
412: 673;mqjtkifdmyuwvxcntfwk;8;-11;twdyxoxznpsxeqq;19;12;ywrwfilhscvnxfjfiumhydcmbspom;20;-13;ajezcfponkzxkbndexv
413: TAK
414: TAK
415: NIE
416: TAK
417: 444;ishfnkpljialijte;12;7;cfqubjprwhbvasjoq;9;4;yrxyfhrxkteqpk
418: TAK
419: TAK
420: TAK
421: TAK
422: TAK
423: TAK
424: NIE
425: NIE
426: TAK
427: TAK
428: TAK
429: NIE
430: NIE
431: TAK
432: NIE
433: TAK
434: NIE
435: 444;ishfnkpljialijte;12;7;cfqubjprwhbvasjoq;9;4;yrxyfhrxkteqpk
436: NIE
437: 215;mqjtkifdmyuwvxcntfwk;8;-11;twdyxoxznpsxeqq;12;-11;poyiqocipmtukwibjeybpvoynaluf;6;-9;cfqubjprwhbvasjoq;9;4;yrxyfhrxkteqpk;5;-9;fvxxmljicwdmfdhbmuxq;6;12;zliqebdalxczsrkmy
438: NIE
439: 340;rktijysuhnweavlmdtipcg;10;4;hlfobppmzsp;11;-7;fvxxmljicwdmfdhbmuxq;5;-9;yrxyfhrxkteqpk;2;-14;ishfnkpljialijte;12;7;cfqubjprwhbvasjoq;7;-7;yanczkngvtwzkmnjgekkziq
440: 
441: TAK
442: NIE
443: TAK
444: NIE
445: 
446: NIE
447: 871;mqjtkifdmyuwvxcntfwk;8;-11;twdyxoxznpsxeqq;3;-8;yrxyfhrxkteqpk;5;-9;fvxxmljicwdmfdhbmuxq;11;-7;hlfobppmzsp;11;7;ajezcfponkzxkbndexv
448: NIE
449: TAK
450: NIE
451: TAK
452: NIE
453: TAK
454: NIE
455: NIE
456: TAK
457: TAK
458: NIE
459: 
460: 
461: TAK
462: 
463: 561;ywrwfilhscvnxfjfiumhydcmbspom;19;12;twdyxoxznpsxeqq;5;6;dztzqjitlkacotbjreiouhqkzihd;10;12;yanczkngvtwzkmnjgekkziq
464: TAK
465: NIE
466: NIE
467: 44;akgnwrqhbzcfrds;13;15;dztzqjitlkacotbjreiouhqkzihd;5;6;twdyxoxznpsxeqq
468: NIE
469: TAK
470: 540;dztzqjitlkacotbjreiouhqkzihd;5;6;twdyxoxznpsxeqq;3;-8;yrxyfhrxkteqpk;2;-14;ishfnkpljialijte
471: 743;zliqebdalxczsrkmy;6;12;fvxxmljicwdmfdhbmuxq;5;-9;yrxyfhrxkteqpk;9;4;cfqubjprwhbvasjoq;12;7;ishfnkpljialijte;24;5;akgnwrqhbzcfrds;16;7;ajezcfponkzxkbndexv;11;7;hlfobppmzsp;10;4;rktijysuhnweavlmdtipcg;1;9;yanczkngvtwzkmnjgekkziq;10;12;dztzqjitlkacotbjreiouhqkzihd;25;-10;poyiqocipmtukwibjeybpvoynaluf;22;14;ywrwfilhscvnxfjfiumhydcmbspom;19;12;twdyxoxznpsxeqq;8;-11;mqjtkifdmyuwvxcntfwk
472: 542;ajezcfponkzxkbndexv;16;7;akgnwrqhbzcfrds;13;15;dztzqjitlkacotbjreiouhqkzihd
473: TAK
474: TAK
475: TAK
476: TAK
477: TAK
478: NIE
479: NIE
480: TAK
481: 367;akgnwrqhbzcfrds;24;5;ishfnkpljialijte;12;7;cfqubjprwhbvasjoq;9;4;yrxyfhrxkteqpk;5;-9;fvxxmljicwdmfdhbmuxq;6;12;zliqebdalxczsrkmy;9;-4;poyiqocipmtukwibjeybpvoynaluf;25;-10;dztzqjitlkacotbjreiouhqkzihd;10;12;yanczkngvtwzkmnjgekkziq;1;9;rktijysuhnweavlmdtipcg;10;4;hlfobppmzsp;16;6;ywrwfilhscvnxfjfiumhydcmbspom
482: NIE
483: TAK
484: TAK
485: TAK
486: 687;ajezcfponkzxkbndexv;11;7;hlfobppmzsp;10;4;rktijysuhnweavlmdtipcg;1;9;yanczkngvtwzkmnjgekkziq;7;-7;cfqubjprwhbvasjoq;9;4;yrxyfhrxkteqpk;3;-8;twdyxoxznpsxeqq
487: 540;dztzqjitlkacotbjreiouhqkzihd;5;6;twdyxoxznpsxeqq;3;-8;yrxyfhrxkteqpk;2;-14;ishfnkpljialijte
488: TAK
