1: NIE
2: NIE
3: 
4: 
5: 
6: NIE
7: TAK
8: NIE
9: NIE
10: TAK
11: NIE
12: NIE
13: NIE
14: NIE
15: 
16: NIE
17: 
18: TAK
19: NIE
20: NIE
21: NIE
22: 
23: NIE
24: NIE
25: NIE
26: NIE
27: NIE
28: NIE
29: 
30: TAK
31: NIE
32: NIE
33: NIE
34: NIE
35: NIE
36: TAK
37: 
38: NIE
39: TAK
40: NIE
41: TAK
42: NIE
43: TAK
44: NIE
45: NIE
46: TAK
47: NIE
48: TAK
49: TAK
50: NIE
51: NIE
52: 
53: TAK
54: NIE
55: NIE
56: 
57: NIE
58: TAK
59: NIE
60: NIE
61: TAK
62: NIE
63: NIE
64: NIE
65: NIE
66: NIE
67: 
68: 
69: 
70: NIE
71: 
72: NIE
73: 
74: NIE
75: NIE
76: NIE
77: 
78: NIE
79: 
80: TAK
81: TAK
82: NIE
83: NIE
84: NIE
85: NIE
86: NIE
87: NIE
88: 
89: NIE
90: TAK
91: NIE
92: NIE
93: TAK
94: NIE
95: NIE
96: NIE
97: TAK
98: NIE
99: NIE
100: TAK
101: NIE
102: 993;dskfshfqjxdvje;20;-3;fgubkpasyrmr
103: NIE
104: NIE
105: NIE
106: NIE
107: NIE
108: NIE
109: TAK
110: NIE
111: 
112: NIE
113: NIE
114: NIE
115: TAK
116: NIE
117: NIE
118: TAK
119: NIE
120: NIE
121: 
122: TAK
123: NIE
124: NIE
125: NIE
126: NIE
127: 
128: NIE
129: 
130: TAK
131: NIE
132: NIE
133: NIE
134: TAK
135: NIE
136: 
137: NIE
138: NIE
139: TAK
140: TAK
141: NIE
142: NIE
143: TAK
144: NIE
145: NIE
146: NIE
147: NIE
148: NIE
149: NIE
150: TAK
151: NIE
152: NIE
153: 
154: NIE
155: NIE
156: TAK
157: 
158: NIE
159: NIE
160: NIE
161: NIE
162: NIE
163: 
164: TAK
165: NIE
166: TAK
167: NIE
168: 
169: TAK
170: NIE
171: 638;tagfqpzexfatnntyqjwuwlakq;4;-5;vclpgndmxopl;12;-14;ppllphnvlvgliebvwq
172: NIE
173: 
174: NIE
175: NIE
176: 298;dskfshfqjxdvje;20;-3;fgubkpasyrmr
177: TAK
178: NIE
179: NIE
180: NIE
181: NIE
182: 
183: NIE
184: 
185: TAK
186: NIE
187: NIE
188: NIE
189: NIE
190: 
191: NIE
192: NIE
193: NIE
194: NIE
195: TAK
196: NIE
197: NIE
198: 
199: NIE
200: NIE
201: NIE
202: NIE
203: NIE
204: NIE
205: TAK
206: TAK
207: 
208: NIE
209: NIE
210: 
211: TAK
212: NIE
213: NIE
214: NIE
215: NIE
216: NIE
217: TAK
218: NIE
219: NIE
220: NIE
221: NIE
222: NIE
223: NIE
224: NIE
225: TAK
226: NIE
227: NIE
228: 
229: TAK
230: TAK
231: 
232: TAK
233: NIE
234: 
235: 
236: TAK
237: NIE
238: TAK
239: 
240: 
241: NIE
242: 
243: 
244: NIE
245: NIE
246: NIE
247: NIE
248: NIE
249: NIE
250: NIE
251: TAK
252: 
253: TAK
254: NIE
255: TAK
256: NIE
257: NIE
258: 
259: NIE
260: TAK
261: NIE
262: NIE
263: TAK
264: NIE
265: 
266: 
267: 
268: TAK
269: NIE
270: 
271: NIE
272: TAK
273: NIE
274: NIE
275: NIE
276: 
277: 
278: NIE
279: 
280: NIE
281: NIE
282: TAK
283: TAK
284: TAK
285: TAK
286: NIE
287: NIE
288: TAK
289: 
290: NIE
291: NIE
292: TAK
293: TAK
294: NIE
295: NIE
296: NIE
297: TAK
298: NIE
299: TAK
300: TAK
301: 
302: TAK
303: 839;ldosbpvmnjsogguwgmylb;7;2;nqzamwcszhhrsthoino;7;-13;xkhzwhabuxzejaaj;18;5;rmhmbyohkdjddscjxx;25;-15;clxykkauaodiuzyuywcplkk
304: TAK
305: NIE
306: NIE
307: 298;vclpgndmxopl;29;-14;uiehnrjfqqgf;5;-9;ldosbpvmnjsogguwgmylb;7;2;nqzamwcszhhrsthoino;7;-13;xkhzwhabuxzejaaj;18;5;rmhmbyohkdjddscjxx;23;2;baqrkkbquph;16;4;dskfshfqjxdvje;20;-3;fgubkpasyrmr
308: 
309: TAK
310: NIE
311: NIE
312: TAK
313: NIE
314: NIE
315: NIE
316: NIE
317: TAK
318: NIE
319: NIE
320: 
321: TAK
322: TAK
323: 
324: NIE
325: 975;dskfshfqjxdvje;16;4;baqrkkbquph;23;2;rmhmbyohkdjddscjxx;22;-2;nqzamwcszhhrsthoino;3;-15;tagfqpzexfatnntyqjwuwlakq;4;-5;vclpgndmxopl
326: TAK
327: NIE
328: NIE
329: NIE
330: TAK
331: NIE
332: TAK
333: NIE
334: 307;dxmkemjyzmihdztppceknb;2;2;clxykkauaodiuzyuywcplkk;25;-15;rmhmbyohkdjddscjxx;23;2;baqrkkbquph
335: NIE
336: NIE
337: TAK
338: NIE
339: TAK
340: TAK
341: TAK
342: TAK
343: 51;vclpgndmxopl;18;-13;xkhzwhabuxzejaaj;7;-13;nqzamwcszhhrsthoino;5;5;tluquwrowqtfst;10;-6;dxmkemjyzmihdztppceknb;2;2;clxykkauaodiuzyuywcplkk
344: TAK
345: 
346: NIE
347: TAK
348: NIE
349: NIE
350: 
351: 
352: NIE
353: TAK
354: TAK
355: TAK
356: NIE
357: TAK
358: NIE
359: TAK
360: NIE
361: NIE
362: NIE
363: TAK
364: NIE
365: TAK
366: TAK
367: NIE
368: TAK
369: NIE
370: NIE
371: TAK
372: NIE
373: TAK
374: NIE
375: 
376: NIE
377: TAK
378: TAK
379: TAK
380: NIE
381: NIE
382: TAK
383: 
384: 
385: TAK
386: 
387: NIE
388: TAK
389: NIE
390: NIE
391: TAK
392: 934;vclpgndmxopl;4;-5;tagfqpzexfatnntyqjwuwlakq;3;-15;nqzamwcszhhrsthoino;22;-2;rmhmbyohkdjddscjxx;23;2;baqrkkbquph
393: TAK
394: TAK
395: TAK
396: TAK
397: TAK
398: NIE
399: 
400: 
401: TAK
402: NIE
403: NIE
404: NIE
405: 518;uyvcdehlylypnsnhefihhazrmai;29;-9;tluquwrowqtfst;5;5;nqzamwcszhhrsthoino;7;2;ldosbpvmnjsogguwgmylb;19;-15;fgubkpasyrmr
406: TAK
407: NIE
408: NIE
409: TAK
410: TAK
411: TAK
412: NIE
413: NIE
414: TAK
415: NIE
416: TAK
417: TAK
418: NIE
419: TAK
420: TAK
421: TAK
422: 
423: TAK
424: NIE
425: NIE
426: NIE
427: NIE
428: NIE
429: 975;dskfshfqjxdvje;16;4;baqrkkbquph;23;2;rmhmbyohkdjddscjxx;22;-2;nqzamwcszhhrsthoino;3;4;tagfqpzexfatnntyqjwuwlakq;4;-5;vclpgndmxopl
430: TAK
431: NIE
432: NIE
433: 
434: NIE
435: NIE
436: NIE
437: NIE
438: TAK
439: NIE
440: 
441: 355;vclpgndmxopl;4;-5;tagfqpzexfatnntyqjwuwlakq;3;4;nqzamwcszhhrsthoino
442: NIE
443: 
444: NIE
445: 242;rmhmbyohkdjddscjxx;23;2;baqrkkbquph
446: 
447: NIE
448: TAK
449: TAK
450: TAK
451: NIE
452: TAK
453: TAK
454: TAK
455: TAK
456: NIE
457: TAK
458: TAK
459: TAK
460: TAK
461: TAK
462: TAK
463: NIE
464: NIE
465: NIE
466: NIE
467: 839;ldosbpvmnjsogguwgmylb;7;2;nqzamwcszhhrsthoino;7;-7;xkhzwhabuxzejaaj;18;5;rmhmbyohkdjddscjxx;25;-15;clxykkauaodiuzyuywcplkk;2;2;dxmkemjyzmihdztppceknb;10;-6;tluquwrowqtfst;10;-5;vclpgndmxopl;4;-5;tagfqpzexfatnntyqjwuwlakq;24;14;dskfshfqjxdvje;11;-12;ppllphnvlvgliebvwq
468: TAK
469: TAK
470: 802;ajxdfvuhytujaiuyji;22;-8;vclpgndmxopl;4;-5;tagfqpzexfatnntyqjwuwlakq;3;4;nqzamwcszhhrsthoino;5;5;tluquwrowqtfst;10;-6;dxmkemjyzmihdztppceknb;2;2;clxykkauaodiuzyuywcplkk
471: TAK
472: TAK
473: NIE
474: NIE
475: TAK
476: 
477: TAK
478: TAK
479: NIE
480: TAK
481: NIE
482: TAK
483: TAK
484: NIE
485: TAK
486: TAK
487: TAK
488: NIE
489: NIE
490: NIE
491: NIE
492: NIE
493: TAK
