1: 
2: NIE
3: NIE
4: NIE
5: TAK
6: 
7: NIE
8: NIE
9: NIE
10: NIE
11: TAK
12: NIE
13: NIE
14: NIE
15: NIE
16: NIE
17: 
18: NIE
19: 
20: 
21: NIE
22: NIE
23: 
24: TAK
25: NIE
26: NIE
27: NIE
28: NIE
29: NIE
30: NIE
31: NIE
32: NIE
33: TAK
34: 
35: NIE
36: NIE
37: NIE
38: NIE
39: NIE
40: NIE
41: TAK
42: TAK
43: NIE
44: NIE
45: 
46: NIE
47: NIE
48: NIE
49: NIE
50: 
51: NIE
52: 
53: NIE
54: NIE
55: NIE
56: NIE
57: TAK
58: NIE
59: TAK
60: 
61: NIE
62: NIE
63: TAK
64: NIE
65: NIE
66: NIE
67: TAK
68: NIE
69: NIE
70: NIE
71: 
72: 
73: NIE
74: NIE
75: 
76: TAK
77: TAK
78: NIE
79: NIE
80: NIE
81: NIE
82: TAK
83: TAK
84: NIE
85: TAK
86: 
87: NIE
88: NIE
89: NIE
90: 
91: TAK
92: NIE
93: NIE
94: NIE
95: 
96: 
97: TAK
98: TAK
99: NIE
100: NIE
101: NIE
102: NIE
103: NIE
104: 
105: NIE
106: 
107: 
108: NIE
109: 
110: TAK
111: 
112: NIE
113: TAK
114: 
115: NIE
116: TAK
117: 
118: NIE
119: 
120: TAK
121: TAK
122: NIE
123: 
124: TAK
125: NIE
126: 
127: 
128: 
129: NIE
130: NIE
131: TAK
132: TAK
133: TAK
134: 
135: NIE
136: NIE
137: NIE
138: NIE
139: NIE
140: NIE
141: NIE
142: NIE
143: 
144: NIE
145: TAK
146: NIE
147: NIE
148: NIE
149: NIE
150: 
151: 
152: TAK
153: NIE
154: TAK
155: NIE
156: NIE
157: TAK
158: NIE
159: NIE
160: TAK
161: NIE
162: NIE
163: NIE
164: NIE
165: NIE
166: TAK
167: NIE
168: NIE
169: NIE
170: NIE
171: 
172: TAK
173: NIE
174: NIE
175: NIE
176: NIE
177: 
178: 
179: TAK
180: NIE
181: 
182: NIE
183: NIE
184: NIE
185: NIE
186: TAK
187: TAK
188: NIE
189: TAK
190: NIE
191: NIE
192: NIE
193: NIE
194: NIE
195: 
196: 
197: 
198: NIE
199: NIE
200: TAK
201: NIE
202: 
203: NIE
204: NIE
205: TAK
206: NIE
207: NIE
208: TAK
209: NIE
210: NIE
211: 
212: NIE
213: 
214: NIE
215: NIE
216: NIE
217: TAK
218: 
219: NIE
220: TAK
221: NIE
222: NIE
223: TAK
224: NIE
225: TAK
226: NIE
227: NIE
228: NIE
229: TAK
230: NIE
231: NIE
232: 
233: NIE
234: 849;bjjxwhcerrepwmxarmsvhcaolwcm;1;-9;rwinmsedcplfoppkkjhqbpxhoovqa;20;-10;durlzfqbdffqptlxjy;7;11;iajykbnnjgdtbvffjtqhrqk;6;-3;oiqodgtpjsqmelmiwwaatqpnvgw
235: NIE
236: NIE
237: NIE
238: TAK
239: NIE
240: TAK
241: 
242: NIE
243: NIE
244: NIE
245: TAK
246: NIE
247: TAK
248: TAK
249: NIE
250: TAK
251: TAK
252: NIE
253: NIE
254: TAK
255: NIE
256: TAK
257: 
258: 
259: 
260: TAK
261: NIE
262: 103;dmtzcjkscvnpsdojuce;23;15;qoiorlvlvnzp;3;-11;oiqodgtpjsqmelmiwwaatqpnvgw;5;-10;mbnbuniqrxrlantbvbwmybaf
263: NIE
264: NIE
265: TAK
266: TAK
267: TAK
268: TAK
269: 
270: TAK
271: TAK
272: 849;bjjxwhcerrepwmxarmsvhcaolwcm;1;-9;rwinmsedcplfoppkkjhqbpxhoovqa;20;-10;durlzfqbdffqptlxjy;7;11;iajykbnnjgdtbvffjtqhrqk;6;-3;oiqodgtpjsqmelmiwwaatqpnvgw
273: 849;bjjxwhcerrepwmxarmsvhcaolwcm;1;-9;rwinmsedcplfoppkkjhqbpxhoovqa;20;-10;durlzfqbdffqptlxjy;7;11;iajykbnnjgdtbvffjtqhrqk;6;-3;oiqodgtpjsqmelmiwwaatqpnvgw
274: NIE
275: NIE
276: NIE
277: NIE
278: NIE
279: 
280: NIE
281: 886;fbymckiovionvamnkvcvstfs;10;5;gbxbjvtsxeshhfxrockp;12;-10;ijmlvriaawbxhd;20;11;durlzfqbdffqptlxjy;7;11;iajykbnnjgdtbvffjtqhrqk;6;-3;oiqodgtpjsqmelmiwwaatqpnvgw
282: TAK
283: NIE
284: 
285: NIE
286: TAK
287: TAK
288: NIE
289: TAK
290: TAK
291: 938;lnivkktddaxzerrp;10;8;rwinmsedcplfoppkkjhqbpxhoovqa;20;-10;durlzfqbdffqptlxjy
292: NIE
293: NIE
294: NIE
295: TAK
296: 
297: 
298: NIE
299: TAK
300: TAK
301: TAK
302: TAK
303: TAK
304: 
305: NIE
306: TAK
307: TAK
308: TAK
309: 
310: 
311: TAK
312: 526;lnivkktddaxzerrp;7;-2;bjjxwhcerrepwmxarmsvhcaolwcm;1;-9;rwinmsedcplfoppkkjhqbpxhoovqa;20;-10;durlzfqbdffqptlxjy;20;11;ijmlvriaawbxhd;18;2;mvvlcxyvpfkbx
313: NIE
314: TAK
315: 103;dmtzcjkscvnpsdojuce;23;15;qoiorlvlvnzp;3;-11;oiqodgtpjsqmelmiwwaatqpnvgw;5;-10;mbnbuniqrxrlantbvbwmybaf
316: 
317: TAK
318: TAK
319: TAK
320: TAK
321: NIE
322: TAK
323: TAK
324: 
325: 
326: 
327: NIE
328: 
329: NIE
330: NIE
331: NIE
332: TAK
333: TAK
334: 886;fbymckiovionvamnkvcvstfs;10;5;gbxbjvtsxeshhfxrockp;12;-10;ijmlvriaawbxhd;20;11;durlzfqbdffqptlxjy;7;11;iajykbnnjgdtbvffjtqhrqk;6;-3;oiqodgtpjsqmelmiwwaatqpnvgw;3;-11;qoiorlvlvnzp;9;-3;bjjxwhcerrepwmxarmsvhcaolwcm;7;-2;lnivkktddaxzerrp
335: NIE
336: TAK
337: NIE
338: NIE
339: NIE
340: NIE
341: NIE
342: NIE
343: TAK
344: 
345: NIE
346: NIE
347: TAK
348: NIE
349: TAK
350: NIE
351: 323;yhucmbubwhafivrvfmhphkuii;2;12;ijmlvriaawbxhd;12;-10;gbxbjvtsxeshhfxrockp;18;7;fnpcukffhumzkn
352: TAK
353: TAK
354: 
355: 999;mbnbuniqrxrlantbvbwmybaf;5;-10;oiqodgtpjsqmelmiwwaatqpnvgw;6;-3;iajykbnnjgdtbvffjtqhrqk;7;11;durlzfqbdffqptlxjy;20;11;ijmlvriaawbxhd;12;-10;gbxbjvtsxeshhfxrockp;18;7;fnpcukffhumzkn
356: NIE
357: NIE
358: NIE
359: 
360: 999;mbnbuniqrxrlantbvbwmybaf;5;-10;oiqodgtpjsqmelmiwwaatqpnvgw;6;-3;iajykbnnjgdtbvffjtqhrqk;7;11;durlzfqbdffqptlxjy;20;11;ijmlvriaawbxhd;12;-10;gbxbjvtsxeshhfxrockp;18;7;fnpcukffhumzkn
361: 163;ijmlvriaawbxhd;20;11;durlzfqbdffqptlxjy;7;11;iajykbnnjgdtbvffjtqhrqk;6;-3;oiqodgtpjsqmelmiwwaatqpnvgw;5;-10;mbnbuniqrxrlantbvbwmybaf
362: TAK
363: NIE
364: NIE
365: TAK
366: TAK
367: NIE
368: 
369: TAK
370: TAK
371: NIE
372: TAK
373: 537;ksosckedzhanrseokspzns;7;3;iajykbnnjgdtbvffjtqhrqk;6;-3;oiqodgtpjsqmelmiwwaatqpnvgw;3;-11;qoiorlvlvnzp
374: TAK
375: NIE
376: TAK
377: NIE
378: NIE
379: TAK
380: TAK
381: NIE
382: 
383: TAK
384: TAK
385: TAK
386: NIE
387: TAK
388: NIE
389: NIE
390: TAK
391: NIE
392: NIE
393: TAK
394: TAK
395: TAK
396: NIE
397: TAK
398: TAK
399: NIE
400: TAK
401: TAK
402: NIE
403: 
404: TAK
405: TAK
406: NIE
407: TAK
408: TAK
409: 537;ksosckedzhanrseokspzns;7;3;iajykbnnjgdtbvffjtqhrqk;6;-3;oiqodgtpjsqmelmiwwaatqpnvgw;3;-11;qoiorlvlvnzp
410: NIE
411: 
412: NIE
413: TAK
414: NIE
415: NIE
416: 783;ijmlvriaawbxhd;12;-10;gbxbjvtsxeshhfxrockp;2;15;iajykbnnjgdtbvffjtqhrqk;7;3;ksosckedzhanrseokspzns
417: TAK
418: TAK
419: NIE
420: TAK
421: NIE
422: TAK
423: NIE
424: NIE
425: NIE
426: TAK
427: TAK
428: NIE
429: 
430: NIE
431: TAK
432: 
433: 
434: NIE
435: NIE
436: 783;ijmlvriaawbxhd;12;-10;gbxbjvtsxeshhfxrockp;2;15;iajykbnnjgdtbvffjtqhrqk;7;3;ksosckedzhanrseokspzns
437: NIE
438: TAK
439: NIE
440: NIE
441: TAK
442: TAK
443: NIE
444: NIE
445: NIE
446: TAK
447: TAK
448: TAK
449: 783;ijmlvriaawbxhd;12;-10;gbxbjvtsxeshhfxrockp;2;15;iajykbnnjgdtbvffjtqhrqk;7;3;ksosckedzhanrseokspzns
450: TAK
451: 655;lnivkktddaxzerrp;7;-2;bjjxwhcerrepwmxarmsvhcaolwcm;1;-9;rwinmsedcplfoppkkjhqbpxhoovqa;14;9;qoiorlvlvnzp;3;-11;oiqodgtpjsqmelmiwwaatqpnvgw;6;-3;iajykbnnjgdtbvffjtqhrqk;2;15;gbxbjvtsxeshhfxrockp;12;-10;ijmlvriaawbxhd
452: 941;gbxbjvtsxeshhfxrockp;12;-10;ijmlvriaawbxhd;20;11;durlzfqbdffqptlxjy;7;11;iajykbnnjgdtbvffjtqhrqk;6;-3;oiqodgtpjsqmelmiwwaatqpnvgw;5;-10;mbnbuniqrxrlantbvbwmybaf
453: TAK
454: NIE
455: NIE
456: 
457: TAK
458: TAK
459: 
460: NIE
461: TAK
462: TAK
463: TAK
464: 727;mvvlcxyvpfkbx;18;2;ijmlvriaawbxhd;12;-10;gbxbjvtsxeshhfxrockp;18;7;fnpcukffhumzkn
465: TAK
466: TAK
467: NIE
468: NIE
469: TAK
470: NIE
471: 849;bjjxwhcerrepwmxarmsvhcaolwcm;1;-9;rwinmsedcplfoppkkjhqbpxhoovqa;20;-10;durlzfqbdffqptlxjy;7;11;iajykbnnjgdtbvffjtqhrqk;6;-3;oiqodgtpjsqmelmiwwaatqpnvgw
472: TAK
473: TAK
474: TAK
475: NIE
476: TAK
477: NIE
478: 
479: NIE
480: 
481: TAK
482: NIE
483: TAK
484: TAK
485: NIE
486: 
487: TAK
488: NIE
489: NIE
490: NIE
491: NIE
