1: NIE
2: NIE
3: NIE
4: TAK
5: NIE
6: TAK
7: NIE
8: NIE
9: NIE
10: NIE
11: NIE
12: NIE
13: NIE
14: 
15: NIE
16: 
17: NIE
18: NIE
19: NIE
20: TAK
21: TAK
22: TAK
23: NIE
24: NIE
25: NIE
26: TAK
27: NIE
28: NIE
29: NIE
30: NIE
31: NIE
32: TAK
33: NIE
34: NIE
35: NIE
36: NIE
37: 
38: NIE
39: NIE
40: 
41: TAK
42: NIE
43: TAK
44: NIE
45: 
46: 
47: NIE
48: NIE
49: NIE
50: NIE
51: NIE
52: NIE
53: TAK
54: NIE
55: NIE
56: 
57: NIE
58: 
59: NIE
60: NIE
61: NIE
62: NIE
63: NIE
64: TAK
65: NIE
66: 
67: TAK
68: NIE
69: 
70: NIE
71: 
72: 
73: NIE
74: TAK
75: NIE
76: NIE
77: NIE
78: NIE
79: NIE
80: NIE
81: 
82: 
83: 
84: NIE
85: TAK
86: NIE
87: NIE
88: NIE
89: TAK
90: NIE
91: TAK
92: NIE
93: TAK
94: NIE
95: NIE
96: 
97: NIE
98: NIE
99: NIE
100: 
101: 
102: NIE
103: NIE
104: NIE
105: NIE
106: TAK
107: NIE
108: 
109: TAK
110: NIE
111: 
112: TAK
113: NIE
114: 
115: NIE
116: 
117: 
118: TAK
119: TAK
120: TAK
121: TAK
122: NIE
123: NIE
124: NIE
125: TAK
126: 
127: NIE
128: 
129: NIE
130: NIE
131: NIE
132: 
133: 
134: TAK
135: TAK
136: 
137: NIE
138: 
139: NIE
140: NIE
141: NIE
142: TAK
143: NIE
144: NIE
145: TAK
146: NIE
147: TAK
148: NIE
149: 
150: 
151: NIE
152: TAK
153: NIE
154: 592;kbqnezgttdvrnlxpu;16;-6;iqgajjyjwwouqwbcho
155: TAK
156: NIE
157: 610;iqgajjyjwwouqwbcho;16;-6;kbqnezgttdvrnlxpu;15;-4;bnszjjbbiknqhywbjrp;27;10;brfmwkzaixytrcswhmgxje
158: TAK
159: NIE
160: NIE
161: NIE
162: NIE
163: TAK
164: NIE
165: NIE
166: NIE
167: NIE
168: NIE
169: 
170: NIE
171: NIE
172: TAK
173: NIE
174: TAK
175: NIE
176: 
177: TAK
178: NIE
179: TAK
180: TAK
181: NIE
182: NIE
183: 
184: NIE
185: 
186: NIE
187: NIE
188: NIE
189: TAK
190: NIE
191: NIE
192: NIE
193: NIE
194: TAK
195: NIE
196: NIE
197: NIE
198: NIE
199: NIE
200: TAK
201: NIE
202: TAK
203: NIE
204: NIE
205: NIE
206: TAK
207: NIE
208: 592;brfmwkzaixytrcswhmgxje;27;10;bnszjjbbiknqhywbjrp;15;-4;kbqnezgttdvrnlxpu;16;-6;iqgajjyjwwouqwbcho
209: TAK
210: TAK
211: TAK
212: NIE
213: NIE
214: NIE
215: NIE
216: NIE
217: NIE
218: NIE
219: NIE
220: TAK
221: NIE
222: TAK
223: 
224: NIE
225: 498;sgfljnvdlobdjqntxz;18;2;dfnexvxlscxffrhovyvbrukqso;14;-8;ucyxouqnxrp;20;8;brfmwkzaixytrcswhmgxje
226: TAK
227: NIE
228: TAK
229: 
230: NIE
231: NIE
232: NIE
233: NIE
234: TAK
235: NIE
236: TAK
237: NIE
238: NIE
239: TAK
240: TAK
241: NIE
242: NIE
243: 
244: TAK
245: TAK
246: NIE
247: TAK
248: NIE
249: NIE
250: 
251: TAK
252: NIE
253: 
254: NIE
255: NIE
256: 
257: NIE
258: 
259: 
260: NIE
261: TAK
262: NIE
263: NIE
264: NIE
265: TAK
266: NIE
267: NIE
268: NIE
269: NIE
270: 
271: NIE
272: NIE
273: TAK
274: TAK
275: 40;nweljnzqshegrbacjwrz;10;13;bnszjjbbiknqhywbjrp;16;7;rbbslmibvgxzrqoxwkrqrnfrkypk;4;12;dfnexvxlscxffrhovyvbrukqso
276: NIE
277: NIE
278: NIE
279: NIE
280: NIE
281: NIE
282: NIE
283: TAK
284: TAK
285: NIE
286: TAK
287: 820;sgfljnvdlobdjqntxz;18;2;dfnexvxlscxffrhovyvbrukqso;4;12;rbbslmibvgxzrqoxwkrqrnfrkypk;16;7;bnszjjbbiknqhywbjrp;15;-4;kbqnezgttdvrnlxpu
288: NIE
289: TAK
290: TAK
291: TAK
292: TAK
293: 104;uajbofetxjzyehjaf;21;3;kbqnezgttdvrnlxpu;15;-4;bnszjjbbiknqhywbjrp;10;13;nweljnzqshegrbacjwrz
294: TAK
295: 
296: NIE
297: TAK
298: TAK
299: TAK
300: NIE
301: NIE
302: TAK
303: 
304: TAK
305: TAK
306: TAK
307: NIE
308: NIE
309: 
310: TAK
311: TAK
312: TAK
313: TAK
314: 
315: NIE
316: TAK
317: 
318: TAK
319: 
320: TAK
321: TAK
322: NIE
323: NIE
324: TAK
325: 40;nweljnzqshegrbacjwrz;10;13;bnszjjbbiknqhywbjrp;16;7;rbbslmibvgxzrqoxwkrqrnfrkypk;4;12;dfnexvxlscxffrhovyvbrukqso
326: NIE
327: 
328: TAK
329: NIE
330: TAK
331: TAK
332: 644;nweljnzqshegrbacjwrz;10;13;bnszjjbbiknqhywbjrp;16;7;rbbslmibvgxzrqoxwkrqrnfrkypk;4;12;dfnexvxlscxffrhovyvbrukqso;18;2;sgfljnvdlobdjqntxz;6;-7;bzcwgcruxbjtgvcvwundz
333: NIE
334: NIE
335: NIE
336: 
337: 155;bzcwgcruxbjtgvcvwundz;18;14;lohstdwamve
338: NIE
339: TAK
340: NIE
341: NIE
342: 
343: NIE
344: NIE
345: TAK
346: NIE
347: 418;ucyxouqnxrp;14;-8;dfnexvxlscxffrhovyvbrukqso;4;12;rbbslmibvgxzrqoxwkrqrnfrkypk;16;7;bnszjjbbiknqhywbjrp;15;-4;kbqnezgttdvrnlxpu;16;-6;iqgajjyjwwouqwbcho
348: NIE
349: TAK
350: 39;uajbofetxjzyehjaf;15;10;oghmwbcscgztglwwzdxfysitmvelk;20;9;rbbslmibvgxzrqoxwkrqrnfrkypk;16;7;bnszjjbbiknqhywbjrp;15;-4;kbqnezgttdvrnlxpu;16;-6;iqgajjyjwwouqwbcho
351: NIE
352: 
353: 72;kbqnezgttdvrnlxpu;19;13;gvrufwnaxsvygp;22;-15;bzcwgcruxbjtgvcvwundz;6;-7;sgfljnvdlobdjqntxz
354: NIE
355: NIE
356: TAK
357: TAK
358: TAK
359: NIE
360: TAK
361: TAK
362: NIE
363: TAK
364: NIE
365: TAK
366: TAK
367: 141;uajbofetxjzyehjaf;15;10;oghmwbcscgztglwwzdxfysitmvelk;20;9;rbbslmibvgxzrqoxwkrqrnfrkypk;4;12;dfnexvxlscxffrhovyvbrukqso;7;-6;nvegpdhbxpwb;9;14;swaxxyubwrpqjdqasunnaveecfdud
368: 40;nweljnzqshegrbacjwrz;10;13;bnszjjbbiknqhywbjrp;16;7;rbbslmibvgxzrqoxwkrqrnfrkypk;4;12;dfnexvxlscxffrhovyvbrukqso
369: NIE
370: NIE
371: 
372: NIE
373: 104;uajbofetxjzyehjaf;21;3;kbqnezgttdvrnlxpu;15;-4;bnszjjbbiknqhywbjrp;10;13;nweljnzqshegrbacjwrz
374: TAK
375: 418;ucyxouqnxrp;14;-8;dfnexvxlscxffrhovyvbrukqso;4;12;rbbslmibvgxzrqoxwkrqrnfrkypk;16;7;bnszjjbbiknqhywbjrp;15;-4;kbqnezgttdvrnlxpu;16;-6;iqgajjyjwwouqwbcho
376: NIE
377: TAK
378: NIE
379: NIE
380: 
381: NIE
382: NIE
383: TAK
384: TAK
385: NIE
386: NIE
387: TAK
388: NIE
389: TAK
390: TAK
391: NIE
392: NIE
393: 104;uajbofetxjzyehjaf;21;3;kbqnezgttdvrnlxpu;15;-4;bnszjjbbiknqhywbjrp;10;13;nweljnzqshegrbacjwrz
394: 393;kbqnezgttdvrnlxpu;19;13;gvrufwnaxsvygp;14;9;hxcjxbjrdfksytvqtpkiek
395: NIE
396: 141;uajbofetxjzyehjaf;15;10;oghmwbcscgztglwwzdxfysitmvelk;20;9;rbbslmibvgxzrqoxwkrqrnfrkypk;4;12;dfnexvxlscxffrhovyvbrukqso;7;-6;nvegpdhbxpwb;9;14;swaxxyubwrpqjdqasunnaveecfdud
397: 
398: NIE
399: NIE
400: NIE
401: NIE
402: TAK
403: TAK
404: NIE
405: NIE
406: 
407: 551;iqgajjyjwwouqwbcho;16;-6;kbqnezgttdvrnlxpu;19;13;gvrufwnaxsvygp;18;-8;swaxxyubwrpqjdqasunnaveecfdud
408: NIE
409: NIE
410: TAK
411: NIE
412: NIE
413: NIE
414: 404;gvrufwnaxsvygp;14;9;hxcjxbjrdfksytvqtpkiek;14;14;rbbslmibvgxzrqoxwkrqrnfrkypk;4;12;dfnexvxlscxffrhovyvbrukqso;14;-8;ucyxouqnxrp
415: 
416: 155;bzcwgcruxbjtgvcvwundz;18;14;lohstdwamve
417: NIE
418: TAK
419: NIE
420: NIE
421: 611;kbqnezgttdvrnlxpu;15;-4;bnszjjbbiknqhywbjrp;27;10;brfmwkzaixytrcswhmgxje
422: NIE
423: NIE
424: NIE
425: NIE
426: NIE
427: NIE
428: 
429: TAK
430: 
431: 
432: NIE
433: TAK
434: TAK
435: 911;nweljnzqshegrbacjwrz;10;13;bnszjjbbiknqhywbjrp;16;7;rbbslmibvgxzrqoxwkrqrnfrkypk;4;12;dfnexvxlscxffrhovyvbrukqso;14;-8;ucyxouqnxrp
436: NIE
437: TAK
438: NIE
439: TAK
440: TAK
441: TAK
442: TAK
443: 393;kbqnezgttdvrnlxpu;19;13;gvrufwnaxsvygp;14;9;hxcjxbjrdfksytvqtpkiek
444: TAK
445: NIE
446: TAK
447: NIE
448: NIE
449: NIE
450: NIE
451: NIE
452: NIE
453: TAK
454: TAK
455: NIE
456: TAK
457: TAK
458: NIE
459: 
460: NIE
461: NIE
462: TAK
463: TAK
464: 857;bnszjjbbiknqhywbjrp;16;7;rbbslmibvgxzrqoxwkrqrnfrkypk;14;14;hxcjxbjrdfksytvqtpkiek
465: 
466: NIE
467: NIE
468: TAK
469: TAK
470: NIE
471: NIE
472: NIE
473: NIE
474: NIE
475: TAK
476: 535;iqgajjyjwwouqwbcho;16;-6;kbqnezgttdvrnlxpu;19;13;gvrufwnaxsvygp;8;-9;rbbslmibvgxzrqoxwkrqrnfrkypk;4;12;dfnexvxlscxffrhovyvbrukqso;7;-6;nvegpdhbxpwb
477: 
478: TAK
479: NIE
480: TAK
481: NIE
482: TAK
483: TAK
484: NIE
485: 404;gvrufwnaxsvygp;14;9;hxcjxbjrdfksytvqtpkiek;14;14;rbbslmibvgxzrqoxwkrqrnfrkypk;4;12;dfnexvxlscxffrhovyvbrukqso;14;-8;ucyxouqnxrp
486: TAK
487: 820;sgfljnvdlobdjqntxz;6;-7;bzcwgcruxbjtgvcvwundz;12;-12;brfmwkzaixytrcswhmgxje;20;10;ucyxouqnxrp;14;-8;dfnexvxlscxffrhovyvbrukqso;4;12;rbbslmibvgxzrqoxwkrqrnfrkypk;16;7;bnszjjbbiknqhywbjrp;15;-4;kbqnezgttdvrnlxpu
488: TAK
489: TAK
490: NIE
491: NIE
492: 
