1: TAK
2: NIE
3: NIE
4: NIE
5: NIE
6: NIE
7: 
8: NIE
9: NIE
10: NIE
11: NIE
12: NIE
13: TAK
14: 
15: NIE
16: NIE
17: NIE
18: NIE
19: NIE
20: NIE
21: NIE
22: NIE
23: 
24: NIE
25: NIE
26: TAK
27: NIE
28: NIE
29: 
30: TAK
31: NIE
32: NIE
33: 
34: 
35: 
36: NIE
37: NIE
38: TAK
39: 
40: NIE
41: NIE
42: TAK
43: TAK
44: NIE
45: 
46: NIE
47: NIE
48: 
49: NIE
50: NIE
51: NIE
52: NIE
53: NIE
54: NIE
55: 
56: 
57: NIE
58: NIE
59: NIE
60: TAK
61: TAK
62: NIE
63: NIE
64: NIE
65: NIE
66: NIE
67: NIE
68: NIE
69: 
70: NIE
71: NIE
72: 
73: NIE
74: TAK
75: NIE
76: NIE
77: 
78: NIE
79: 
80: NIE
81: 
82: NIE
83: NIE
84: NIE
85: TAK
86: NIE
87: NIE
88: NIE
89: NIE
90: 
91: 
92: TAK
93: NIE
94: TAK
95: TAK
96: NIE
97: 
98: NIE
99: NIE
100: NIE
101: NIE
102: 
103: TAK
104: TAK
105: TAK
106: TAK
107: NIE
108: NIE
109: NIE
110: TAK
111: NIE
112: NIE
113: NIE
114: NIE
115: 
116: TAK
117: TAK
118: TAK
119: NIE
120: NIE
121: NIE
122: NIE
123: TAK
124: NIE
125: 
126: NIE
127: TAK
128: 
129: TAK
130: TAK
131: TAK
132: NIE
133: 
134: NIE
135: NIE
136: NIE
137: TAK
138: NIE
139: 
140: NIE
141: TAK
142: NIE
143: NIE
144: NIE
145: NIE
146: NIE
147: 
148: NIE
149: NIE
150: NIE
151: NIE
152: 
153: TAK
154: NIE
155: NIE
156: NIE
157: NIE
158: 
159: NIE
160: NIE
161: NIE
162: NIE
163: NIE
164: NIE
165: NIE
166: NIE
167: NIE
168: 
169: 
170: NIE
171: NIE
172: NIE
173: 
174: 
175: TAK
176: NIE
177: 
178: TAK
179: 
180: NIE
181: TAK
182: NIE
183: TAK
184: NIE
185: NIE
186: NIE
187: NIE
188: 
189: NIE
190: NIE
191: NIE
192: NIE
193: NIE
194: 
195: TAK
196: TAK
197: NIE
198: NIE
199: NIE
200: TAK
201: NIE
202: NIE
203: TAK
204: NIE
205: NIE
206: NIE
207: NIE
208: TAK
209: NIE
210: NIE
211: 
212: 
213: NIE
214: TAK
215: 
216: NIE
217: 
218: NIE
219: TAK
220: TAK
221: TAK
222: NIE
223: NIE
224: TAK
225: NIE
226: NIE
227: NIE
228: NIE
229: 
230: NIE
231: TAK
232: NIE
233: 
234: NIE
235: NIE
236: TAK
237: 
238: NIE
239: TAK
240: 
241: NIE
242: TAK
243: NIE
244: TAK
245: NIE
246: NIE
247: NIE
248: TAK
249: 
250: NIE
251: NIE
252: NIE
253: NIE
254: NIE
255: NIE
256: NIE
257: NIE
258: NIE
259: TAK
260: NIE
261: NIE
262: NIE
263: NIE
264: NIE
265: 
266: NIE
267: NIE
268: NIE
269: 
270: NIE
271: NIE
272: NIE
273: TAK
274: 
275: TAK
276: NIE
277: TAK
278: 
279: NIE
280: TAK
281: NIE
282: TAK
283: 
284: NIE
285: NIE
286: NIE
287: NIE
288: NIE
289: NIE
290: TAK
291: TAK
292: NIE
293: TAK
294: NIE
295: 
296: TAK
297: 
298: NIE
299: NIE
300: NIE
301: 
302: 
303: 
304: 
305: TAK
306: NIE
307: NIE
308: TAK
309: NIE
310: NIE
311: TAK
312: NIE
313: NIE
314: NIE
315: TAK
316: NIE
317: NIE
318: TAK
319: 
320: NIE
321: NIE
322: NIE
323: NIE
324: TAK
325: TAK
326: NIE
327: 
328: 
329: NIE
330: TAK
331: NIE
332: NIE
333: TAK
334: NIE
335: NIE
336: 
337: TAK
338: TAK
339: TAK
340: 
341: NIE
342: TAK
343: NIE
344: NIE
345: 
346: 312;urdjswcyva;7;-12;qlswzsxaefokighyevthffq
347: NIE
348: NIE
349: NIE
350: NIE
351: TAK
352: NIE
353: NIE
354: NIE
355: NIE
356: NIE
357: 
358: NIE
359: TAK
360: TAK
361: TAK
362: 
363: TAK
364: TAK
365: TAK
366: TAK
367: TAK
368: NIE
369: TAK
370: TAK
371: TAK
372: TAK
373: NIE
374: NIE
375: NIE
376: NIE
377: NIE
378: TAK
379: TAK
380: TAK
381: NIE
382: NIE
383: NIE
384: NIE
385: TAK
386: TAK
387: NIE
388: TAK
389: 
390: TAK
391: TAK
392: TAK
393: NIE
394: TAK
395: NIE
396: NIE
397: NIE
398: NIE
399: NIE
400: 
401: TAK
402: NIE
403: NIE
404: TAK
405: NIE
406: NIE
407: TAK
408: 
409: 
410: NIE
411: TAK
412: NIE
413: TAK
414: NIE
415: NIE
416: TAK
417: NIE
418: NIE
419: TAK
420: NIE
421: NIE
422: NIE
423: NIE
424: 
425: NIE
426: NIE
427: 
428: NIE
429: NIE
430: NIE
431: TAK
432: TAK
433: NIE
434: NIE
435: 682;yncdycbixotpzr;21;-12;tvktcprzmfxxvefxyoanx;29;12;qlswzsxaefokighyevthffq;7;6;urdjswcyva;9;12;ifbusvmipejuwqmbxynm
436: NIE
437: NIE
438: NIE
439: NIE
440: TAK
441: NIE
442: TAK
443: NIE
444: NIE
445: NIE
446: 
447: TAK
448: NIE
449: NIE
450: NIE
451: NIE
452: NIE
453: NIE
454: TAK
455: TAK
456: NIE
457: NIE
458: NIE
459: NIE
460: NIE
461: NIE
462: TAK
463: NIE
464: TAK
465: NIE
466: NIE
467: TAK
468: NIE
469: NIE
470: NIE
471: 
472: NIE
473: NIE
474: NIE
475: NIE
476: TAK
477: TAK
478: NIE
479: 
480: NIE
481: NIE
482: TAK
483: NIE
484: TAK
485: NIE
486: 
487: NIE
488: TAK
