1: NIE
2: NIE
3: NIE
4: NIE
5: NIE
6: 
7: TAK
8: NIE
9: NIE
10: TAK
11: TAK
12: TAK
13: 
14: NIE
15: NIE
16: TAK
17: NIE
18: NIE
19: NIE
20: 
21: TAK
22: NIE
23: NIE
24: NIE
25: NIE
26: NIE
27: TAK
28: TAK
29: NIE
30: NIE
31: TAK
32: NIE
33: TAK
34: NIE
35: 
36: 
37: TAK
38: NIE
39: NIE
40: TAK
41: NIE
42: 
43: NIE
44: NIE
45: NIE
46: 
47: NIE
48: NIE
49: 
50: TAK
51: 
52: NIE
53: NIE
54: NIE
55: NIE
56: NIE
57: NIE
58: NIE
59: TAK
60: NIE
61: TAK
62: TAK
63: 
64: TAK
65: TAK
66: 
67: NIE
68: 
69: NIE
70: NIE
71: NIE
72: TAK
73: NIE
74: TAK
75: NIE
76: TAK
77: NIE
78: NIE
79: NIE
80: NIE
81: NIE
82: NIE
83: NIE
84: TAK
85: TAK
86: 
87: TAK
88: NIE
89: TAK
90: NIE
91: TAK
92: NIE
93: NIE
94: NIE
95: 
96: TAK
97: NIE
98: NIE
99: 
100: NIE
101: NIE
102: NIE
103: TAK
104: NIE
105: NIE
106: NIE
107: TAK
108: NIE
109: TAK
110: NIE
111: NIE
112: TAK
113: TAK
114: NIE
115: 
116: TAK
117: NIE
118: NIE
119: NIE
120: NIE
121: NIE
122: NIE
123: NIE
124: 
125: 
126: NIE
127: 
128: NIE
129: NIE
130: TAK
131: NIE
132: TAK
133: NIE
134: TAK
135: NIE
136: NIE
137: 
138: NIE
139: TAK
140: 
141: NIE
142: 
143: NIE
144: TAK
145: NIE
146: TAK
147: NIE
148: NIE
149: NIE
150: NIE
151: 
152: NIE
153: NIE
154: NIE
155: NIE
156: 
157: TAK
158: TAK
159: NIE
160: TAK
161: NIE
162: 
163: TAK
164: NIE
165: 
166: NIE
167: NIE
168: NIE
169: TAK
170: TAK
171: NIE
172: TAK
173: TAK
174: NIE
175: NIE
176: NIE
177: 
178: NIE
179: NIE
180: NIE
181: TAK
182: TAK
183: TAK
184: NIE
185: TAK
186: NIE
187: NIE
188: NIE
189: TAK
190: TAK
191: TAK
192: NIE
193: NIE
194: TAK
195: 
196: TAK
197: NIE
198: TAK
199: 490;uothfwxeehnogkzjlmwpttebywbmy;12;14;kdbusznxahchqbfndddvspwexvsi;16;1;ngpshjnjykjgosw
200: NIE
201: TAK
202: NIE
203: TAK
204: NIE
205: NIE
206: NIE
207: TAK
208: NIE
209: TAK
210: TAK
211: NIE
212: TAK
213: NIE
214: 
215: TAK
216: NIE
217: NIE
218: NIE
219: TAK
220: TAK
221: NIE
222: NIE
223: NIE
224: NIE
225: 
226: NIE
227: NIE
228: NIE
229: NIE
230: TAK
231: 
232: 117;kdbusznxahchqbfndddvspwexvsi;12;14;uothfwxeehnogkzjlmwpttebywbmy
233: 
234: TAK
235: NIE
236: NIE
237: TAK
238: TAK
239: NIE
240: NIE
241: NIE
242: 
243: NIE
244: TAK
245: NIE
246: 
247: 
248: NIE
249: NIE
250: 
251: NIE
252: NIE
253: NIE
254: TAK
255: NIE
256: NIE
257: NIE
258: NIE
259: NIE
260: NIE
261: NIE
262: NIE
263: 786;ujnaklylxwfnomwqzbps;12;-5;kinkgstfwkmejlbwhxj;28;-3;xzpjuphafew;7;5;dznnceuogfsymzq;3;-2;egorppdavuutjtfeyvw;10;-12;wzipsnnfbtonukwttbblelyi;1;-11;zludoqxgobfjwqojw;26;-7;ngpshjnjykjgosw;16;11;gerthadhtnxqncbcb
264: TAK
265: NIE
266: 
267: NIE
268: NIE
269: TAK
270: NIE
271: NIE
272: TAK
273: NIE
274: NIE
275: TAK
276: NIE
277: NIE
278: NIE
279: TAK
280: 
281: NIE
282: 786;ujnaklylxwfnomwqzbps;22;5;brhkbieqhfpnuwsnrbowihjhzx;27;-5;kinkgstfwkmejlbwhxj;28;-3;xzpjuphafew;7;5;dznnceuogfsymzq;3;-2;egorppdavuutjtfeyvw;10;-12;wzipsnnfbtonukwttbblelyi;1;-11;zludoqxgobfjwqojw;26;-7;ngpshjnjykjgosw;16;11;gerthadhtnxqncbcb
283: TAK
284: NIE
285: NIE
286: 545;zludoqxgobfjwqojw;1;-11;wzipsnnfbtonukwttbblelyi
287: NIE
288: 490;uothfwxeehnogkzjlmwpttebywbmy;12;14;kdbusznxahchqbfndddvspwexvsi;16;1;ngpshjnjykjgosw
289: 
290: 
291: TAK
292: NIE
293: 
294: NIE
295: TAK
296: 
297: NIE
298: NIE
299: 
300: TAK
301: NIE
302: NIE
303: TAK
304: TAK
305: TAK
306: NIE
307: NIE
308: TAK
309: 24;tvkqriubifvfiiohybnchjyriqwa;26;12;uothfwxeehnogkzjlmwpttebywbmy;1;-7;ujnaklylxwfnomwqzbps;22;5;brhkbieqhfpnuwsnrbowihjhzx;27;-5;kinkgstfwkmejlbwhxj;28;-3;xzpjuphafew
310: NIE
311: NIE
312: NIE
313: 
314: TAK
315: TAK
316: NIE
317: TAK
318: NIE
319: NIE
320: 744;kinkgstfwkmejlbwhxj;26;-2;fsdkmbskdrjp;8;-7;uothfwxeehnogkzjlmwpttebywbmy
321: TAK
322: TAK
323: NIE
324: TAK
325: TAK
326: NIE
327: TAK
328: NIE
329: TAK
330: NIE
331: TAK
332: 490;fsdkmbskdrjp;8;-7;uothfwxeehnogkzjlmwpttebywbmy;12;14;kdbusznxahchqbfndddvspwexvsi;16;1;ngpshjnjykjgosw
333: NIE
334: NIE
335: NIE
336: TAK
337: 376;kdbusznxahchqbfndddvspwexvsi;12;14;uothfwxeehnogkzjlmwpttebywbmy
338: TAK
339: 
340: 376;kdbusznxahchqbfndddvspwexvsi;12;14;uothfwxeehnogkzjlmwpttebywbmy
341: TAK
342: NIE
343: TAK
344: 744;kinkgstfwkmejlbwhxj;26;-2;fsdkmbskdrjp;8;-7;uothfwxeehnogkzjlmwpttebywbmy
345: NIE
346: TAK
347: 
348: NIE
349: TAK
350: NIE
351: NIE
352: TAK
353: NIE
354: NIE
355: NIE
356: TAK
357: NIE
358: TAK
359: TAK
360: NIE
361: TAK
362: TAK
363: TAK
364: NIE
365: NIE
366: TAK
367: NIE
368: TAK
369: TAK
370: TAK
371: NIE
372: TAK
373: TAK
374: 
375: TAK
376: NIE
377: NIE
378: NIE
379: TAK
380: 786;ujnaklylxwfnomwqzbps;22;5;brhkbieqhfpnuwsnrbowihjhzx;27;-5;kinkgstfwkmejlbwhxj;26;-2;fsdkmbskdrjp;22;14;lmxgzoxjkzrpwzxe;23;8;knwtdysehjxwwcyqqnmblgwmjkt;10;9;xzpjuphafew;7;5;dznnceuogfsymzq;3;-2;egorppdavuutjtfeyvw;10;-12;wzipsnnfbtonukwttbblelyi;1;-11;zludoqxgobfjwqojw;26;-7;ngpshjnjykjgosw;16;11;gerthadhtnxqncbcb
381: TAK
382: NIE
383: TAK
384: TAK
385: 
386: NIE
387: TAK
388: TAK
389: TAK
390: NIE
391: NIE
392: TAK
393: TAK
394: NIE
395: NIE
396: NIE
397: TAK
398: NIE
399: TAK
400: 
401: TAK
402: TAK
403: 744;kinkgstfwkmejlbwhxj;26;-2;fsdkmbskdrjp;8;4;uothfwxeehnogkzjlmwpttebywbmy
404: TAK
405: TAK
406: TAK
407: TAK
408: NIE
409: TAK
410: TAK
411: 
412: 804;gerthadhtnxqncbcb;16;11;ngpshjnjykjgosw;14;15;wzipsnnfbtonukwttbblelyi;1;-11;zludoqxgobfjwqojw
413: NIE
414: TAK
415: TAK
416: NIE
417: NIE
418: TAK
419: TAK
420: NIE
421: 
422: 
423: NIE
424: NIE
425: 487;brhkbieqhfpnuwsnrbowihjhzx;22;5;ujnaklylxwfnomwqzbps;6;13;kdbusznxahchqbfndddvspwexvsi
426: TAK
427: NIE
428: 306;wzipsnnfbtonukwttbblelyi;1;-11;zludoqxgobfjwqojw;14;2;kdbusznxahchqbfndddvspwexvsi;12;14;uothfwxeehnogkzjlmwpttebywbmy
429: NIE
430: 357;nsfjbnfzrmggamtzweo;3;8;wzipsnnfbtonukwttbblelyi;10;-12;egorppdavuutjtfeyvw;3;-2;dznnceuogfsymzq;2;-5;brhkbieqhfpnuwsnrbowihjhzx;22;5;ujnaklylxwfnomwqzbps;6;-2;tvkqriubifvfiiohybnchjyriqwa;11;1;fsdkmbskdrjp
431: NIE
432: TAK
433: 
434: TAK
435: TAK
436: TAK
437: NIE
438: NIE
439: TAK
440: NIE
441: NIE
442: TAK
443: NIE
444: NIE
445: TAK
446: NIE
447: TAK
448: NIE
449: NIE
450: 
451: NIE
452: NIE
453: 
454: NIE
455: NIE
456: TAK
457: NIE
458: TAK
459: TAK
460: 38;knwtdysehjxwwcyqqnmblgwmjkt;23;8;lmxgzoxjkzrpwzxe;10;-8;dkzluvbkhxqnfeewtjwqdsmp;23;-7;fsdkmbskdrjp;26;-2;kinkgstfwkmejlbwhxj;10;2;egorppdavuutjtfeyvw;3;-2;dznnceuogfsymzq;2;-5;brhkbieqhfpnuwsnrbowihjhzx
461: NIE
462: TAK
463: NIE
464: TAK
465: NIE
466: NIE
467: NIE
468: TAK
469: 685;zludoqxgobfjwqojw;1;-11;wzipsnnfbtonukwttbblelyi;10;-12;egorppdavuutjtfeyvw;3;-2;dznnceuogfsymzq;7;5;xzpjuphafew;10;9;knwtdysehjxwwcyqqnmblgwmjkt;3;-7;ngpshjnjykjgosw;17;-4;uothfwxeehnogkzjlmwpttebywbmy;8;4;fsdkmbskdrjp
470: TAK
471: TAK
472: NIE
473: NIE
474: NIE
475: TAK
476: NIE
477: NIE
478: 376;kdbusznxahchqbfndddvspwexvsi;12;14;uothfwxeehnogkzjlmwpttebywbmy;8;4;fsdkmbskdrjp
479: 
480: NIE
481: NIE
482: 
483: 572;dznnceuogfsymzq;3;-2;egorppdavuutjtfeyvw;10;-12;wzipsnnfbtonukwttbblelyi;1;-11;zludoqxgobfjwqojw
484: NIE
485: NIE
486: 198;egorppdavuutjtfeyvw;10;-12;wzipsnnfbtonukwttbblelyi;1;-11;zludoqxgobfjwqojw
487: NIE
488: NIE
489: 376;kdbusznxahchqbfndddvspwexvsi;12;14;uothfwxeehnogkzjlmwpttebywbmy;8;4;fsdkmbskdrjp
