1: NIE
2: NIE
3: TAK
4: NIE
5: NIE
6: TAK
7: NIE
8: NIE
9: NIE
10: NIE
11: TAK
12: TAK
13: NIE
14: NIE
15: NIE
16: NIE
17: NIE
18: 
19: NIE
20: NIE
21: NIE
22: NIE
23: 
24: NIE
25: 
26: NIE
27: TAK
28: NIE
29: TAK
30: TAK
31: NIE
32: NIE
33: TAK
34: NIE
35: NIE
36: TAK
37: 
38: NIE
39: NIE
40: TAK
41: NIE
42: TAK
43: TAK
44: NIE
45: NIE
46: 
47: TAK
48: NIE
49: NIE
50: NIE
51: NIE
52: TAK
53: TAK
54: TAK
55: 
56: 
57: TAK
58: 
59: NIE
60: TAK
61: NIE
62: NIE
63: TAK
64: TAK
65: NIE
66: NIE
67: 
68: TAK
69: 
70: NIE
71: 
72: TAK
73: TAK
74: TAK
75: TAK
76: NIE
77: NIE
78: NIE
79: NIE
80: NIE
81: TAK
82: TAK
83: 
84: NIE
85: TAK
86: 
87: NIE
88: NIE
89: TAK
90: TAK
91: NIE
92: 
93: 
94: 
95: NIE
96: TAK
97: TAK
98: NIE
99: TAK
100: NIE
101: 543;mudwjpofexnlglozqlwcrylnc;28;-6;jimblodfsbbbr;1;15;bptpbyoyuj;15;1;shvytjjyvialigb;24;9;nmsvniihhvasfxvkgcitbwpxme;12;14;dbhhffqlpvxxkbrdjlm;11;15;nszntlhuafjfwnzouuopdxna
102: NIE
103: NIE
104: NIE
105: 543;mudwjpofexnlglozqlwcrylnc;28;-6;jimblodfsbbbr;1;15;bptpbyoyuj;15;1;shvytjjyvialigb;24;9;nmsvniihhvasfxvkgcitbwpxme;12;14;dbhhffqlpvxxkbrdjlm;11;15;nszntlhuafjfwnzouuopdxna
106: 338;uahqgsbirojhaggcznruhzmw;24;-15;bptpbyoyuj;15;1;shvytjjyvialigb;24;9;nmsvniihhvasfxvkgcitbwpxme
107: NIE
108: TAK
109: NIE
110: NIE
111: NIE
112: NIE
113: NIE
114: NIE
115: 
116: NIE
117: TAK
118: NIE
119: NIE
120: TAK
121: NIE
122: NIE
123: 
124: NIE
125: TAK
126: NIE
127: 
128: TAK
129: NIE
130: 
131: NIE
132: TAK
133: NIE
134: TAK
135: NIE
136: NIE
137: TAK
138: NIE
139: NIE
140: 
141: NIE
142: TAK
143: NIE
144: 620;azmaokvxarhotsirngdguip;2;-13;wimclswtxkrofjclihugk;28;-10;hxljfzxuspbzzedftidowqtqoezci;28;3;poxywjbjxgqrjr
145: NIE
146: TAK
147: TAK
148: NIE
149: NIE
150: NIE
151: TAK
152: NIE
153: NIE
154: NIE
155: 
156: 
157: TAK
158: NIE
159: TAK
160: TAK
161: NIE
162: TAK
163: NIE
164: NIE
165: NIE
166: TAK
167: TAK
168: TAK
169: NIE
170: TAK
171: NIE
172: 
173: NIE
174: TAK
175: NIE
176: NIE
177: NIE
178: NIE
179: 
180: NIE
181: TAK
182: NIE
183: 620;azmaokvxarhotsirngdguip;2;-13;wimclswtxkrofjclihugk;28;-10;hxljfzxuspbzzedftidowqtqoezci;28;3;poxywjbjxgqrjr;14;14;fehdeenfysolfsylimcv;12;-3;mudwjpofexnlglozqlwcrylnc
184: TAK
185: 48;neooqkldckcfolpt;1;-12;azmaokvxarhotsirngdguip;2;-13;wimclswtxkrofjclihugk;8;-11;nmsvniihhvasfxvkgcitbwpxme;12;14;dbhhffqlpvxxkbrdjlm;11;15;nszntlhuafjfwnzouuopdxna
186: NIE
187: NIE
188: 
189: 613;rcbcscyujoadrlvhweicnmbcdvm;17;9;uahqgsbirojhaggcznruhzmw;24;-15;bptpbyoyuj
190: TAK
191: NIE
192: TAK
193: NIE
194: 
195: TAK
196: TAK
197: NIE
198: TAK
199: TAK
200: 
201: NIE
202: 543;mudwjpofexnlglozqlwcrylnc;28;-6;jimblodfsbbbr;1;15;bptpbyoyuj;15;1;shvytjjyvialigb;24;9;nmsvniihhvasfxvkgcitbwpxme;12;14;dbhhffqlpvxxkbrdjlm;11;15;nszntlhuafjfwnzouuopdxna
203: NIE
204: TAK
205: 
206: 388;rcbcscyujoadrlvhweicnmbcdvm;17;9;uahqgsbirojhaggcznruhzmw;24;-15;bptpbyoyuj;15;1;shvytjjyvialigb
207: TAK
208: NIE
209: NIE
210: TAK
211: NIE
212: TAK
213: TAK
214: 
215: TAK
216: TAK
217: NIE
218: 
219: TAK
220: NIE
221: TAK
222: TAK
223: 
224: 
225: 338;uahqgsbirojhaggcznruhzmw;24;-15;bptpbyoyuj;15;1;shvytjjyvialigb;24;9;nmsvniihhvasfxvkgcitbwpxme
226: TAK
227: NIE
228: NIE
229: NIE
230: NIE
231: 
232: NIE
233: NIE
234: TAK
235: NIE
236: NIE
237: 
238: 613;rcbcscyujoadrlvhweicnmbcdvm;17;9;uahqgsbirojhaggcznruhzmw;24;-15;bptpbyoyuj
239: NIE
240: 
241: TAK
242: NIE
243: TAK
244: TAK
245: NIE
246: NIE
247: NIE
248: NIE
249: TAK
250: NIE
251: TAK
252: TAK
253: NIE
254: TAK
255: TAK
256: NIE
257: NIE
258: TAK
259: 
260: TAK
261: NIE
262: NIE
263: 336;hxljfzxuspbzzedftidowqtqoezci;28;-10;wimclswtxkrofjclihugk
264: NIE
265: TAK
266: NIE
267: NIE
268: TAK
269: NIE
270: NIE
271: TAK
272: TAK
273: TAK
274: NIE
275: NIE
276: NIE
277: NIE
278: NIE
279: NIE
280: TAK
281: NIE
282: NIE
283: TAK
284: NIE
285: TAK
286: NIE
287: TAK
288: NIE
289: NIE
290: TAK
291: TAK
292: NIE
293: NIE
294: TAK
295: NIE
296: NIE
297: TAK
298: TAK
299: NIE
300: 
301: TAK
302: NIE
303: NIE
304: TAK
305: NIE
306: TAK
307: TAK
308: NIE
309: TAK
310: 921;uahqgsbirojhaggcznruhzmw;17;9;rcbcscyujoadrlvhweicnmbcdvm;23;-15;dbhhffqlpvxxkbrdjlm;25;6;hioeqkiaoxmra;4;1;nmsvniihhvasfxvkgcitbwpxme;24;9;shvytjjyvialigb;15;1;bptpbyoyuj;22;13;wimclswtxkrofjclihugk
311: TAK
312: NIE
313: 
314: 623;rcbcscyujoadrlvhweicnmbcdvm;17;9;uahqgsbirojhaggcznruhzmw;24;-15;bptpbyoyuj;15;1;shvytjjyvialigb;2;12;poxywjbjxgqrjr;28;3;hxljfzxuspbzzedftidowqtqoezci;5;13;mudwjpofexnlglozqlwcrylnc
315: TAK
316: NIE
317: NIE
318: 30;hxljfzxuspbzzedftidowqtqoezci;5;13;mudwjpofexnlglozqlwcrylnc;28;-6;jimblodfsbbbr
319: TAK
320: 6;fehdeenfysolfsylimcv;12;-3;mudwjpofexnlglozqlwcrylnc;5;13;hxljfzxuspbzzedftidowqtqoezci;28;-10;wimclswtxkrofjclihugk;2;-13;azmaokvxarhotsirngdguip;1;-12;neooqkldckcfolpt
321: TAK
322: NIE
323: 316;hxljfzxuspbzzedftidowqtqoezci;5;13;mudwjpofexnlglozqlwcrylnc;15;-1;nszntlhuafjfwnzouuopdxna;19;-3;uahqgsbirojhaggcznruhzmw
324: TAK
325: TAK
326: 
327: TAK
328: NIE
329: 
330: TAK
331: TAK
332: TAK
333: 
334: NIE
335: NIE
336: NIE
337: 370;dbhhffqlpvxxkbrdjlm;11;15;nszntlhuafjfwnzouuopdxna;15;-1;mudwjpofexnlglozqlwcrylnc;28;-6;jimblodfsbbbr;1;15;bptpbyoyuj;15;1;shvytjjyvialigb;2;12;poxywjbjxgqrjr;28;3;hxljfzxuspbzzedftidowqtqoezci;28;-10;wimclswtxkrofjclihugk;2;-13;azmaokvxarhotsirngdguip
338: TAK
339: TAK
340: 338;uahqgsbirojhaggcznruhzmw;24;-15;bptpbyoyuj;15;1;shvytjjyvialigb;24;9;nmsvniihhvasfxvkgcitbwpxme
341: TAK
342: 336;hxljfzxuspbzzedftidowqtqoezci;28;-10;wimclswtxkrofjclihugk
343: 
344: NIE
345: NIE
346: NIE
347: 88;bptpbyoyuj;1;15;jimblodfsbbbr;28;-6;mudwjpofexnlglozqlwcrylnc
348: NIE
349: TAK
350: NIE
351: 
352: 
353: NIE
354: TAK
355: 
356: TAK
357: NIE
358: TAK
359: TAK
360: NIE
361: TAK
362: 
363: NIE
364: 
365: NIE
366: TAK
367: 977;hioeqkiaoxmra;4;1;nmsvniihhvasfxvkgcitbwpxme;24;9;shvytjjyvialigb;2;12;poxywjbjxgqrjr;14;14;fehdeenfysolfsylimcv
368: TAK
369: 3;dbhhffqlpvxxkbrdjlm;25;6;hioeqkiaoxmra;29;-3;gkmjfjzzqygpffrhazmsbpynfod;5;7;bptpbyoyuj;1;15;jimblodfsbbbr;28;-6;mudwjpofexnlglozqlwcrylnc;5;13;hxljfzxuspbzzedftidowqtqoezci
370: NIE
371: TAK
372: TAK
373: TAK
374: 336;hxljfzxuspbzzedftidowqtqoezci;28;-10;wimclswtxkrofjclihugk
375: NIE
376: NIE
377: TAK
378: 477;jimblodfsbbbr;2;12;azmaokvxarhotsirngdguip;1;-12;neooqkldckcfolpt;18;12;uahqgsbirojhaggcznruhzmw
379: TAK
380: 585;shvytjjyvialigb;9;-15;dbhhffqlpvxxkbrdjlm
381: 623;rcbcscyujoadrlvhweicnmbcdvm;17;9;uahqgsbirojhaggcznruhzmw;24;-15;bptpbyoyuj;15;1;shvytjjyvialigb;2;12;poxywjbjxgqrjr;28;3;hxljfzxuspbzzedftidowqtqoezci;5;13;mudwjpofexnlglozqlwcrylnc
382: NIE
383: 838;azmaokvxarhotsirngdguip;2;-13;wimclswtxkrofjclihugk;22;13;bptpbyoyuj;15;1;shvytjjyvialigb
384: NIE
385: NIE
386: TAK
387: 
388: NIE
389: TAK
390: NIE
391: NIE
392: 477;jimblodfsbbbr;2;12;azmaokvxarhotsirngdguip;1;-12;neooqkldckcfolpt;18;12;uahqgsbirojhaggcznruhzmw
393: TAK
394: NIE
395: NIE
396: TAK
397: TAK
398: TAK
399: TAK
400: NIE
401: NIE
402: TAK
403: TAK
404: NIE
405: TAK
406: 620;azmaokvxarhotsirngdguip;2;-13;wimclswtxkrofjclihugk;28;-10;hxljfzxuspbzzedftidowqtqoezci;28;3;poxywjbjxgqrjr;14;14;fehdeenfysolfsylimcv;12;-3;mudwjpofexnlglozqlwcrylnc;5;-3;gkmjfjzzqygpffrhazmsbpynfod;5;7;bptpbyoyuj;1;15;jimblodfsbbbr;21;12;nmsvniihhvasfxvkgcitbwpxme;24;9;shvytjjyvialigb;9;-15;dbhhffqlpvxxkbrdjlm;11;15;nszntlhuafjfwnzouuopdxna
407: 
408: NIE
409: TAK
410: TAK
411: TAK
412: TAK
413: 914;shvytjjyvialigb;9;-15;dbhhffqlpvxxkbrdjlm;23;-15;rcbcscyujoadrlvhweicnmbcdvm;17;9;uahqgsbirojhaggcznruhzmw;24;-15;bptpbyoyuj;1;15;jimblodfsbbbr
414: TAK
415: NIE
416: 3;dbhhffqlpvxxkbrdjlm;25;6;hioeqkiaoxmra;29;-3;gkmjfjzzqygpffrhazmsbpynfod;5;7;bptpbyoyuj;1;15;jimblodfsbbbr;28;-6;mudwjpofexnlglozqlwcrylnc;5;13;hxljfzxuspbzzedftidowqtqoezci
417: 613;rcbcscyujoadrlvhweicnmbcdvm;17;9;uahqgsbirojhaggcznruhzmw;24;-15;bptpbyoyuj;22;13;wimclswtxkrofjclihugk;28;-10;hxljfzxuspbzzedftidowqtqoezci;28;3;poxywjbjxgqrjr;2;12;shvytjjyvialigb;24;9;nmsvniihhvasfxvkgcitbwpxme;4;1;hioeqkiaoxmra
418: TAK
419: TAK
420: TAK
421: 584;cbwjgkdkgmbutithtasjbkwxmqx;2;12;jimblodfsbbbr;1;15;bptpbyoyuj;5;7;gkmjfjzzqygpffrhazmsbpynfod;5;-3;mudwjpofexnlglozqlwcrylnc;12;-3;fehdeenfysolfsylimcv
422: NIE
423: NIE
424: 430;gkmjfjzzqygpffrhazmsbpynfod;5;7;bptpbyoyuj;1;15;jimblodfsbbbr;2;12;azmaokvxarhotsirngdguip
425: 
426: TAK
427: NIE
428: TAK
429: NIE
430: NIE
431: NIE
432: 
433: NIE
434: NIE
435: NIE
436: 388;rcbcscyujoadrlvhweicnmbcdvm;17;9;uahqgsbirojhaggcznruhzmw;24;-15;bptpbyoyuj;1;15;jimblodfsbbbr;2;12;azmaokvxarhotsirngdguip;14;-10;shvytjjyvialigb
437: NIE
438: NIE
439: TAK
440: NIE
441: NIE
442: NIE
443: TAK
444: NIE
445: NIE
446: TAK
447: 
448: TAK
449: TAK
450: TAK
451: NIE
452: TAK
453: TAK
454: NIE
455: NIE
456: TAK
457: NIE
458: TAK
459: NIE
460: NIE
461: 
462: NIE
463: TAK
464: 
465: TAK
466: 592;jimblodfsbbbr;2;12;azmaokvxarhotsirngdguip;1;-10;neooqkldckcfolpt;18;12;uahqgsbirojhaggcznruhzmw
467: TAK
468: TAK
469: NIE
470: NIE
471: TAK
472: TAK
473: 460;nmsvniihhvasfxvkgcitbwpxme;24;9;shvytjjyvialigb;2;12;poxywjbjxgqrjr;14;14;fehdeenfysolfsylimcv;18;-8;nszntlhuafjfwnzouuopdxna;11;15;dbhhffqlpvxxkbrdjlm;23;-15;rcbcscyujoadrlvhweicnmbcdvm
474: NIE
475: NIE
476: TAK
477: TAK
478: NIE
479: 
480: NIE
481: TAK
482: NIE
483: TAK
484: TAK
485: NIE
486: NIE
487: NIE
488: TAK
489: NIE
490: TAK
491: TAK
492: NIE
493: 76;hioeqkiaoxmra;1;-12;uahqgsbirojhaggcznruhzmw;19;-3;nszntlhuafjfwnzouuopdxna
