1: 
2: TAK
3: NIE
4: 
5: TAK
6: 
7: NIE
8: NIE
9: NIE
10: TAK
11: 
12: TAK
13: NIE
14: NIE
15: 
16: TAK
17: NIE
18: NIE
19: 
20: NIE
21: NIE
22: TAK
23: 
24: 
25: NIE
26: 
27: NIE
28: NIE
29: NIE
30: TAK
31: NIE
32: NIE
33: 
34: NIE
35: TAK
36: NIE
37: NIE
38: NIE
39: 
40: NIE
41: NIE
42: 
43: TAK
44: NIE
45: NIE
46: NIE
47: 
48: TAK
49: NIE
50: NIE
51: TAK
52: NIE
53: 
54: TAK
55: NIE
56: NIE
57: NIE
58: TAK
59: TAK
60: 
61: 
62: TAK
63: NIE
64: NIE
65: NIE
66: NIE
67: TAK
68: NIE
69: NIE
70: NIE
71: NIE
72: TAK
73: 
74: NIE
75: NIE
76: 
77: TAK
78: TAK
79: NIE
80: TAK
81: NIE
82: NIE
83: NIE
84: NIE
85: NIE
86: 
87: NIE
88: NIE
89: NIE
90: NIE
91: 
92: TAK
93: TAK
94: TAK
95: TAK
96: NIE
97: NIE
98: TAK
99: NIE
100: NIE
101: NIE
102: NIE
103: 
104: NIE
105: TAK
106: NIE
107: 
108: NIE
109: 
110: NIE
111: NIE
112: TAK
113: NIE
114: NIE
115: 
116: NIE
117: TAK
118: 
119: NIE
120: NIE
121: TAK
122: NIE
123: TAK
124: NIE
125: NIE
126: 
127: 
128: NIE
129: NIE
130: NIE
131: NIE
132: NIE
133: NIE
134: TAK
135: NIE
136: NIE
137: TAK
138: NIE
139: 
140: NIE
141: NIE
142: NIE
143: NIE
144: NIE
145: NIE
146: NIE
147: TAK
148: NIE
149: TAK
150: NIE
151: TAK
152: NIE
153: NIE
154: 
155: NIE
156: TAK
157: NIE
158: NIE
159: TAK
160: NIE
161: NIE
162: TAK
163: NIE
164: TAK
165: NIE
166: 
167: NIE
168: TAK
169: 
170: 
171: 
172: NIE
173: NIE
174: TAK
175: TAK
176: 898;yvfpdgknyojcw;13;-13;fcvxhfptbvkyosahidrcta;25;-2;mgmbjjycculbiyyzqme;12;-11;ovfzpnqgruyyarjilsmyizycgpuxp;18;7;gkiktlozthikkeaelruonqkatee;11;-3;eibceirjodwotfrqbuwvnascsbc;7;11;dtpbxvsruhwonxppofmmmbktvbjwd;27;2;ppqxvfqatiahvukbbdycxcyws;5;4;aqgkldnwbrpnxeqjpqnukyvuzt
177: 
178: TAK
179: TAK
180: TAK
181: NIE
182: TAK
183: NIE
184: NIE
185: NIE
186: NIE
187: NIE
188: TAK
189: TAK
190: 847;yvfpdgknyojcw;13;-13;fcvxhfptbvkyosahidrcta;25;-2;mgmbjjycculbiyyzqme;12;-11;ovfzpnqgruyyarjilsmyizycgpuxp;18;7;gkiktlozthikkeaelruonqkatee;11;-3;eibceirjodwotfrqbuwvnascsbc
191: NIE
192: NIE
193: 
194: NIE
195: 
196: 120;cfdpxpsquwezhknbbkreyhasekxiu;18;-12;fjgltpxoalnwsxifdij;14;3;beutevnsgayfg
197: 
198: NIE
199: 
200: NIE
201: 120;cfdpxpsquwezhknbbkreyhasekxiu;18;-12;fjgltpxoalnwsxifdij;14;3;beutevnsgayfg
202: NIE
203: NIE
204: NIE
205: NIE
206: 
207: NIE
208: TAK
209: TAK
210: NIE
211: 
212: 
213: 
214: TAK
215: NIE
216: TAK
217: TAK
218: NIE
219: 
220: TAK
221: NIE
222: NIE
223: 
224: NIE
225: NIE
226: NIE
227: NIE
228: TAK
229: TAK
230: 
231: TAK
232: TAK
233: NIE
234: NIE
235: 100;dtpbxvsruhwonxppofmmmbktvbjwd;28;6;ovfzpnqgruyyarjilsmyizycgpuxp
236: NIE
237: 
238: NIE
239: NIE
240: NIE
241: TAK
242: NIE
243: NIE
244: 
245: 
246: NIE
247: NIE
248: NIE
249: NIE
250: NIE
251: NIE
252: 
253: TAK
254: NIE
255: NIE
256: NIE
257: NIE
258: NIE
259: TAK
260: NIE
261: 
262: NIE
263: NIE
264: NIE
265: NIE
266: TAK
267: NIE
268: TAK
269: NIE
270: NIE
271: TAK
272: TAK
273: TAK
274: TAK
275: NIE
276: 
277: NIE
278: TAK
279: NIE
280: TAK
281: NIE
282: 
283: NIE
284: NIE
285: NIE
286: NIE
287: 
288: NIE
289: 
290: NIE
291: TAK
292: NIE
293: TAK
294: TAK
295: 
296: NIE
297: NIE
298: 
299: TAK
300: NIE
301: TAK
302: NIE
303: NIE
304: 
305: NIE
306: NIE
307: 319;aqgkldnwbrpnxeqjpqnukyvuzt;5;4;ppqxvfqatiahvukbbdycxcyws;27;2;dtpbxvsruhwonxppofmmmbktvbjwd;13;15;yvfpdgknyojcw;13;-13;fcvxhfptbvkyosahidrcta
308: TAK
309: TAK
310: TAK
311: TAK
312: NIE
313: NIE
314: NIE
315: NIE
316: NIE
317: NIE
318: NIE
319: 898;yvfpdgknyojcw;13;-13;fcvxhfptbvkyosahidrcta;25;15;mgmbjjycculbiyyzqme;12;-11;ovfzpnqgruyyarjilsmyizycgpuxp;18;7;gkiktlozthikkeaelruonqkatee;11;-3;eibceirjodwotfrqbuwvnascsbc;7;11;dtpbxvsruhwonxppofmmmbktvbjwd;27;2;ppqxvfqatiahvukbbdycxcyws;5;4;aqgkldnwbrpnxeqjpqnukyvuzt
320: NIE
321: NIE
322: NIE
323: NIE
324: NIE
325: NIE
326: NIE
327: TAK
328: NIE
329: NIE
330: 
331: TAK
332: NIE
333: NIE
334: 898;yvfpdgknyojcw;13;-13;fcvxhfptbvkyosahidrcta;25;15;mgmbjjycculbiyyzqme;12;-11;ovfzpnqgruyyarjilsmyizycgpuxp;18;7;gkiktlozthikkeaelruonqkatee;11;-3;eibceirjodwotfrqbuwvnascsbc;7;11;dtpbxvsruhwonxppofmmmbktvbjwd;27;2;ppqxvfqatiahvukbbdycxcyws;5;4;aqgkldnwbrpnxeqjpqnukyvuzt
335: NIE
336: TAK
337: NIE
338: NIE
339: NIE
340: NIE
341: NIE
342: TAK
343: NIE
344: NIE
345: NIE
346: 
347: 
348: NIE
349: NIE
350: 789;mgmbjjycculbiyyzqme;25;15;fcvxhfptbvkyosahidrcta;24;1;aqgkldnwbrpnxeqjpqnukyvuzt;5;4;ppqxvfqatiahvukbbdycxcyws
351: TAK
352: NIE
353: TAK
354: NIE
355: NIE
356: TAK
357: 
358: 
359: NIE
360: TAK
361: TAK
362: NIE
363: NIE
364: NIE
365: NIE
366: 697;mgmbjjycculbiyyzqme;25;15;fcvxhfptbvkyosahidrcta;13;-13;yvfpdgknyojcw
367: NIE
368: NIE
369: TAK
370: TAK
371: NIE
372: TAK
373: NIE
374: NIE
375: 
376: NIE
377: NIE
378: TAK
379: NIE
380: TAK
381: TAK
382: NIE
383: NIE
384: TAK
385: TAK
386: NIE
387: TAK
388: TAK
389: NIE
390: NIE
391: NIE
392: TAK
393: TAK
394: NIE
395: 921;fjgltpxoalnwsxifdij;14;3;beutevnsgayfg;8;3;eibceirjodwotfrqbuwvnascsbc;11;-3;gkiktlozthikkeaelruonqkatee;18;7;ovfzpnqgruyyarjilsmyizycgpuxp;12;-9;mgmbjjycculbiyyzqme
396: NIE
397: NIE
398: NIE
399: 100;djunheipdgfju;20;4;ppqxvfqatiahvukbbdycxcyws;27;14;dtpbxvsruhwonxppofmmmbktvbjwd;28;6;ovfzpnqgruyyarjilsmyizycgpuxp
400: NIE
401: 
402: 608;fjgltpxoalnwsxifdij;14;3;beutevnsgayfg;8;3;eibceirjodwotfrqbuwvnascsbc;7;11;dtpbxvsruhwonxppofmmmbktvbjwd;27;14;ppqxvfqatiahvukbbdycxcyws;27;-4;udazcpovxhpyfrpqbci;4;-4;yvfpdgknyojcw
403: 131;aqgkldnwbrpnxeqjpqnukyvuzt;5;4;ppqxvfqatiahvukbbdycxcyws;27;-4;udazcpovxhpyfrpqbci;3;-13;eibceirjodwotfrqbuwvnascsbc
404: NIE
405: NIE
406: TAK
407: NIE
408: NIE
409: NIE
410: NIE
411: TAK
412: NIE
413: NIE
414: TAK
415: TAK
416: NIE
417: 965;ppqxvfqatiahvukbbdycxcyws;27;14;dtpbxvsruhwonxppofmmmbktvbjwd
418: TAK
419: TAK
420: 
421: NIE
422: NIE
423: NIE
424: TAK
425: 
426: TAK
427: NIE
428: TAK
429: 226;djunheipdgfju;12;3;rhzvirducgiyibqxauojlewfrxa
430: TAK
431: 148;ppqxvfqatiahvukbbdycxcyws;5;4;aqgkldnwbrpnxeqjpqnukyvuzt;24;1;fcvxhfptbvkyosahidrcta
432: NIE
433: TAK
434: NIE
435: TAK
436: NIE
437: TAK
438: NIE
439: 
440: TAK
441: NIE
442: NIE
443: TAK
444: TAK
445: 266;dtpbxvsruhwonxppofmmmbktvbjwd;7;11;eibceirjodwotfrqbuwvnascsbc;3;-13;udazcpovxhpyfrpqbci
446: NIE
447: 
448: NIE
449: 
450: TAK
451: TAK
452: 337;rhzvirducgiyibqxauojlewfrxa;26;-8;aqgkldnwbrpnxeqjpqnukyvuzt;6;15;fjgltpxoalnwsxifdij;14;3;beutevnsgayfg;8;3;eibceirjodwotfrqbuwvnascsbc
453: TAK
454: TAK
455: TAK
456: 
457: 337;rhzvirducgiyibqxauojlewfrxa;26;-8;aqgkldnwbrpnxeqjpqnukyvuzt;6;15;fjgltpxoalnwsxifdij;14;3;beutevnsgayfg;8;3;eibceirjodwotfrqbuwvnascsbc
458: TAK
459: 217;beutevnsgayfg;5;9;yvfpdgknyojcw;2;-4;rhzvirducgiyibqxauojlewfrxa
460: TAK
461: NIE
462: 697;mgmbjjycculbiyyzqme;25;15;fcvxhfptbvkyosahidrcta;13;-13;yvfpdgknyojcw
463: NIE
464: TAK
465: NIE
466: NIE
467: TAK
468: 766;gkiktlozthikkeaelruonqkatee;9;-12;hkdtquiirgpjgiui
469: NIE
470: 217;beutevnsgayfg;5;9;yvfpdgknyojcw;2;-4;rhzvirducgiyibqxauojlewfrxa
471: NIE
472: NIE
473: NIE
474: TAK
475: NIE
476: 131;aqgkldnwbrpnxeqjpqnukyvuzt;5;4;ppqxvfqatiahvukbbdycxcyws;27;-4;udazcpovxhpyfrpqbci;3;-13;eibceirjodwotfrqbuwvnascsbc
477: 
478: TAK
479: NIE
480: TAK
481: NIE
482: NIE
483: NIE
484: NIE
485: NIE
486: NIE
487: 766;gkiktlozthikkeaelruonqkatee;9;-12;hkdtquiirgpjgiui
488: 217;beutevnsgayfg;5;9;yvfpdgknyojcw;2;-4;rhzvirducgiyibqxauojlewfrxa
489: TAK
490: TAK
491: TAK
492: NIE
493: 
