1: NIE
2: NIE
3: 
4: NIE
5: NIE
6: 
7: 
8: NIE
9: NIE
10: NIE
11: NIE
12: TAK
13: 
14: 
15: NIE
16: NIE
17: NIE
18: TAK
19: NIE
20: NIE
21: NIE
22: NIE
23: NIE
24: NIE
25: NIE
26: NIE
27: NIE
28: NIE
29: NIE
30: 
31: NIE
32: NIE
33: TAK
34: NIE
35: NIE
36: NIE
37: 
38: NIE
39: NIE
40: 
41: NIE
42: NIE
43: 
44: NIE
45: NIE
46: NIE
47: NIE
48: NIE
49: TAK
50: NIE
51: NIE
52: 
53: 
54: NIE
55: TAK
56: TAK
57: NIE
58: NIE
59: 
60: NIE
61: NIE
62: NIE
63: 
64: NIE
65: 
66: NIE
67: NIE
68: NIE
69: 
70: NIE
71: NIE
72: NIE
73: NIE
74: NIE
75: TAK
76: NIE
77: 
78: 
79: 
80: NIE
81: TAK
82: 
83: NIE
84: NIE
85: NIE
86: TAK
87: TAK
88: TAK
89: NIE
90: NIE
91: NIE
92: 
93: NIE
94: 
95: NIE
96: NIE
97: NIE
98: NIE
99: 
100: TAK
101: NIE
102: NIE
103: TAK
104: NIE
105: NIE
106: NIE
107: 
108: NIE
109: 
110: NIE
111: NIE
112: NIE
113: NIE
114: 
115: NIE
116: NIE
117: TAK
118: NIE
119: 
120: NIE
121: NIE
122: NIE
123: NIE
124: NIE
125: 
126: NIE
127: NIE
128: NIE
129: TAK
130: NIE
131: NIE
132: NIE
133: 
134: TAK
135: NIE
136: 
137: NIE
138: NIE
139: NIE
140: 
141: NIE
142: 
143: 
144: 
145: NIE
146: 
147: NIE
148: NIE
149: TAK
150: NIE
151: NIE
152: NIE
153: 
154: TAK
155: TAK
156: TAK
157: NIE
158: TAK
159: NIE
160: NIE
161: TAK
162: NIE
163: TAK
164: 48;wtnykojkpvftvyaxilqvwatdh;5;6;pvlmzchscqqjczafxpn;23;13;apdrphehqmypid;26;9;oczsluucmdgnfnkwapbjaamt;27;1;egobgiikdmrhekiamjtukmeu;16;2;rxbrvtyhvfmjrcvogdntgtsgcifd
165: TAK
166: 
167: NIE
168: 
169: NIE
170: NIE
171: 
172: NIE
173: TAK
174: NIE
175: NIE
176: NIE
177: 48;wtnykojkpvftvyaxilqvwatdh;5;6;pvlmzchscqqjczafxpn;23;13;apdrphehqmypid;26;9;oczsluucmdgnfnkwapbjaamt;27;1;egobgiikdmrhekiamjtukmeu;16;2;rxbrvtyhvfmjrcvogdntgtsgcifd
178: NIE
179: TAK
180: NIE
181: NIE
182: NIE
183: NIE
184: NIE
185: TAK
186: 
187: NIE
188: NIE
189: TAK
190: NIE
191: NIE
192: NIE
193: NIE
194: NIE
195: 
196: TAK
197: TAK
198: TAK
199: NIE
200: NIE
201: 
202: NIE
203: TAK
204: NIE
205: NIE
206: NIE
207: 
208: NIE
209: TAK
210: 
211: NIE
212: NIE
213: NIE
214: NIE
215: TAK
216: NIE
217: NIE
218: NIE
219: NIE
220: NIE
221: NIE
222: NIE
223: TAK
224: NIE
225: NIE
226: TAK
227: TAK
228: NIE
229: NIE
230: TAK
231: NIE
232: TAK
233: NIE
234: NIE
235: NIE
236: NIE
237: 
238: NIE
239: NIE
240: NIE
241: NIE
242: NIE
243: NIE
244: TAK
245: NIE
246: NIE
247: TAK
248: NIE
249: NIE
250: TAK
251: TAK
252: NIE
253: 
254: NIE
255: NIE
256: NIE
257: NIE
258: NIE
259: 
260: NIE
261: NIE
262: 
263: NIE
264: 
265: NIE
266: TAK
267: NIE
268: NIE
269: NIE
270: TAK
271: NIE
272: NIE
273: 
274: NIE
275: TAK
276: NIE
277: NIE
278: NIE
279: NIE
280: NIE
281: NIE
282: NIE
283: 
284: NIE
285: NIE
286: NIE
287: TAK
288: NIE
289: NIE
290: 
291: TAK
292: 
293: NIE
294: NIE
295: NIE
296: 
297: NIE
298: NIE
299: TAK
300: 
301: TAK
302: NIE
303: NIE
304: NIE
305: 
306: 
307: TAK
308: TAK
309: NIE
310: 
311: NIE
312: NIE
313: TAK
314: NIE
315: NIE
316: TAK
317: TAK
318: 
319: NIE
320: TAK
321: TAK
322: NIE
323: 
324: NIE
325: NIE
326: TAK
327: NIE
328: 
329: 29;wtnykojkpvftvyaxilqvwatdh;5;6;pvlmzchscqqjczafxpn;23;13;apdrphehqmypid;26;14;oczsluucmdgnfnkwapbjaamt
330: NIE
331: TAK
332: NIE
333: TAK
334: NIE
335: NIE
336: NIE
337: NIE
338: NIE
339: NIE
340: TAK
341: NIE
342: NIE
343: NIE
344: TAK
345: 
346: TAK
347: TAK
348: NIE
349: NIE
350: NIE
351: NIE
352: NIE
353: NIE
354: TAK
355: NIE
356: NIE
357: NIE
358: NIE
359: NIE
360: NIE
361: TAK
362: NIE
363: 275;vzeekjuresw;21;-10;qgfozwdushbsnvxexfxhxna;9;7;rxbrvtyhvfmjrcvogdntgtsgcifd;5;1;ertyuczrgarjicdmlzm;13;-1;pvlmzchscqqjczafxpn;5;6;wtnykojkpvftvyaxilqvwatdh
364: TAK
365: 48;wtnykojkpvftvyaxilqvwatdh;5;6;pvlmzchscqqjczafxpn;23;13;apdrphehqmypid;26;14;oczsluucmdgnfnkwapbjaamt;27;1;egobgiikdmrhekiamjtukmeu;16;2;rxbrvtyhvfmjrcvogdntgtsgcifd
366: NIE
367: NIE
368: NIE
369: TAK
370: 
371: TAK
372: NIE
373: TAK
374: 
375: NIE
376: NIE
377: NIE
378: TAK
379: TAK
380: NIE
381: NIE
382: NIE
383: 
384: NIE
385: NIE
386: 
387: TAK
388: NIE
389: NIE
390: TAK
391: NIE
392: TAK
393: NIE
394: NIE
395: 
396: NIE
397: TAK
398: TAK
399: TAK
400: NIE
401: TAK
402: NIE
403: NIE
404: 
405: 300;ysffjdaxckllucjzvez;26;-3;qgfozwdushbsnvxexfxhxna;9;7;rxbrvtyhvfmjrcvogdntgtsgcifd;16;2;egobgiikdmrhekiamjtukmeu;27;1;oczsluucmdgnfnkwapbjaamt;26;14;apdrphehqmypid
406: NIE
407: 
408: NIE
409: NIE
410: TAK
411: NIE
412: NIE
413: 
414: TAK
415: TAK
416: NIE
417: NIE
418: NIE
419: NIE
420: NIE
421: TAK
422: TAK
423: 740;qptubhagrfpcgs;10;-1;ysffjdaxckllucjzvez
424: TAK
425: 
426: NIE
427: NIE
428: 
429: 
430: 29;wtnykojkpvftvyaxilqvwatdh;5;6;pvlmzchscqqjczafxpn;23;13;apdrphehqmypid;26;14;oczsluucmdgnfnkwapbjaamt
431: TAK
432: TAK
433: NIE
434: NIE
435: TAK
436: NIE
437: TAK
438: NIE
439: TAK
440: NIE
441: 
442: TAK
443: NIE
444: TAK
445: NIE
446: NIE
447: NIE
448: NIE
449: 
450: 
451: NIE
452: TAK
453: TAK
454: TAK
455: TAK
456: 185;ysffjdaxckllucjzvez;8;8;xthcijsmlkyhectjig;15;1;egobgiikdmrhekiamjtukmeu
457: NIE
458: NIE
459: TAK
460: TAK
461: NIE
462: NIE
463: 
464: TAK
465: NIE
466: 
467: TAK
468: TAK
469: NIE
470: 
471: NIE
472: NIE
473: 185;ysffjdaxckllucjzvez;8;8;xthcijsmlkyhectjig;15;1;egobgiikdmrhekiamjtukmeu
474: TAK
475: NIE
476: NIE
477: TAK
478: TAK
479: TAK
480: NIE
481: 
482: 
483: NIE
484: NIE
485: 808;xthcijsmlkyhectjig;15;1;egobgiikdmrhekiamjtukmeu;27;1;oczsluucmdgnfnkwapbjaamt;28;-4;eijxbrblyfdp
486: NIE
487: NIE
488: NIE
489: NIE
490: TAK
491: 21;egobgiikdmrhekiamjtukmeu;15;1;xthcijsmlkyhectjig;8;8;ysffjdaxckllucjzvez
492: TAK
493: NIE
494: NIE
