1: NIE
2: NIE
3: 
4: NIE
5: NIE
6: NIE
7: NIE
8: NIE
9: NIE
10: NIE
11: NIE
12: NIE
13: NIE
14: 
15: NIE
16: NIE
17: NIE
18: NIE
19: 
20: NIE
21: NIE
22: TAK
23: NIE
24: NIE
25: NIE
26: TAK
27: TAK
28: NIE
29: TAK
30: NIE
31: NIE
32: NIE
33: NIE
34: NIE
35: 
36: TAK
37: NIE
38: TAK
39: NIE
40: NIE
41: 
42: NIE
43: 
44: NIE
45: NIE
46: NIE
47: NIE
48: NIE
49: NIE
50: TAK
51: NIE
52: NIE
53: TAK
54: NIE
55: TAK
56: NIE
57: NIE
58: 
59: TAK
60: NIE
61: NIE
62: NIE
63: NIE
64: NIE
65: 
66: NIE
67: NIE
68: NIE
69: NIE
70: TAK
71: NIE
72: NIE
73: TAK
74: TAK
75: NIE
76: NIE
77: NIE
78: NIE
79: NIE
80: 
81: 402;aiizxyjnhvmfzwfcjfpmvdrozfadv;9;3;umzifgevbzvxmkzqbmreksdfalw
82: NIE
83: TAK
84: NIE
85: 
86: TAK
87: 
88: NIE
89: NIE
90: TAK
91: NIE
92: TAK
93: TAK
94: NIE
95: NIE
96: 
97: 
98: TAK
99: 
100: NIE
101: NIE
102: NIE
103: TAK
104: NIE
105: NIE
106: TAK
107: TAK
108: TAK
109: NIE
110: NIE
111: 
112: TAK
113: TAK
114: NIE
115: NIE
116: NIE
117: NIE
118: NIE
119: NIE
120: NIE
121: NIE
122: NIE
123: TAK
124: NIE
125: NIE
126: NIE
127: 
128: NIE
129: NIE
130: NIE
131: 
132: NIE
133: TAK
134: 289;tetovtzwlpzdolzbwzyvigqfer;22;-12;wahqvkdlqecritusmwbu;28;-12;gemxdiofltoogaruyzwifvpzj
135: 398;hskantucwkzkxufjqwhgwok;14;9;wahqvkdlqecritusmwbu;28;-12;gemxdiofltoogaruyzwifvpzj
136: 
137: 
138: 
139: NIE
140: 402;aiizxyjnhvmfzwfcjfpmvdrozfadv;9;3;umzifgevbzvxmkzqbmreksdfalw
141: TAK
142: TAK
143: NIE
144: NIE
145: NIE
146: NIE
147: TAK
148: TAK
149: TAK
150: NIE
151: TAK
152: TAK
153: 
154: NIE
155: 
156: NIE
157: NIE
158: TAK
159: NIE
160: 
161: TAK
162: TAK
163: NIE
164: NIE
165: NIE
166: NIE
167: TAK
168: TAK
169: 
170: 
171: TAK
172: TAK
173: TAK
174: NIE
175: NIE
176: TAK
177: NIE
178: 
179: NIE
180: NIE
181: 
182: NIE
183: NIE
184: 
185: NIE
186: TAK
187: NIE
188: TAK
189: NIE
190: NIE
191: NIE
192: TAK
193: NIE
194: TAK
195: TAK
196: NIE
197: TAK
198: TAK
199: NIE
200: TAK
201: TAK
202: TAK
203: NIE
204: NIE
205: 797;xwtqbasoyygokssxpds;18;14;wahqvkdlqecritusmwbu;22;-12;tetovtzwlpzdolzbwzyvigqfer
206: 901;eorvaoyuczbddyaowghvlyfdzkkg;27;-5;aiizxyjnhvmfzwfcjfpmvdrozfadv;23;5;gebcdpzurcddjbk;8;-1;tetovtzwlpzdolzbwzyvigqfer;28;13;jkzwckackxnbqofrwomcnt;15;12;jxgtxdriszdeecd
207: NIE
208: NIE
209: 
210: 289;tetovtzwlpzdolzbwzyvigqfer;22;-12;wahqvkdlqecritusmwbu;28;-12;gemxdiofltoogaruyzwifvpzj
211: NIE
212: TAK
213: TAK
214: TAK
215: NIE
216: TAK
217: TAK
218: NIE
219: NIE
220: 
221: NIE
222: NIE
223: NIE
224: TAK
225: NIE
226: TAK
227: NIE
228: NIE
229: NIE
230: NIE
231: 484;eorvaoyuczbddyaowghvlyfdzkkg;27;-5;aiizxyjnhvmfzwfcjfpmvdrozfadv;23;5;gebcdpzurcddjbk
232: 112;hskantucwkzkxufjqwhgwok;14;9;wahqvkdlqecritusmwbu;28;-12;gemxdiofltoogaruyzwifvpzj;9;1;qpjmelwjtahwbeuoovgr;27;6;gebcdpzurcddjbk;23;5;aiizxyjnhvmfzwfcjfpmvdrozfadv;27;-5;eorvaoyuczbddyaowghvlyfdzkkg;28;13;umzifgevbzvxmkzqbmreksdfalw
233: NIE
234: NIE
235: TAK
236: TAK
237: NIE
238: TAK
239: TAK
240: TAK
241: 142;gemxdiofltoogaruyzwifvpzj;9;1;qpjmelwjtahwbeuoovgr;27;6;gebcdpzurcddjbk;6;8;hskantucwkzkxufjqwhgwok;14;9;wahqvkdlqecritusmwbu;18;14;xwtqbasoyygokssxpds;11;-8;kovqkjffpyqoulgxmzmkzsy;25;-12;nuvdlqdbpzdoditbjhzroudpbiol
242: NIE
243: 
244: NIE
245: TAK
246: NIE
247: 402;aiizxyjnhvmfzwfcjfpmvdrozfadv;27;-5;eorvaoyuczbddyaowghvlyfdzkkg;28;13;umzifgevbzvxmkzqbmreksdfalw
248: NIE
249: NIE
250: 
251: NIE
252: NIE
253: TAK
254: TAK
255: NIE
256: TAK
257: NIE
258: NIE
259: NIE
260: TAK
261: TAK
262: NIE
263: TAK
264: TAK
265: NIE
266: TAK
267: TAK
268: NIE
269: NIE
270: NIE
271: 
272: NIE
273: NIE
274: NIE
275: NIE
276: 402;aiizxyjnhvmfzwfcjfpmvdrozfadv;27;-5;eorvaoyuczbddyaowghvlyfdzkkg;28;13;umzifgevbzvxmkzqbmreksdfalw
277: NIE
278: TAK
279: TAK
280: NIE
281: NIE
282: TAK
283: 
284: NIE
285: NIE
286: NIE
287: TAK
288: NIE
289: 
290: 
291: NIE
292: NIE
293: 796;gebcdpzurcddjbk;6;8;hskantucwkzkxufjqwhgwok
294: 
295: NIE
296: NIE
297: TAK
298: TAK
299: NIE
300: NIE
301: NIE
302: 395;umzifgevbzvxmkzqbmreksdfalw;12;3;xwtqbasoyygokssxpds;11;-8;kovqkjffpyqoulgxmzmkzsy;25;-12;nuvdlqdbpzdoditbjhzroudpbiol;12;-2;jxgtxdriszdeecd
303: NIE
304: 901;eorvaoyuczbddyaowghvlyfdzkkg;27;-5;aiizxyjnhvmfzwfcjfpmvdrozfadv;23;5;gebcdpzurcddjbk;8;9;tetovtzwlpzdolzbwzyvigqfer;28;13;jkzwckackxnbqofrwomcnt;15;12;jxgtxdriszdeecd
305: NIE
306: NIE
307: TAK
308: TAK
309: TAK
310: TAK
311: 
312: NIE
313: TAK
314: NIE
315: 967;kovqkjffpyqoulgxmzmkzsy;11;-8;xwtqbasoyygokssxpds;18;14;wahqvkdlqecritusmwbu;14;9;hskantucwkzkxufjqwhgwok;6;8;gebcdpzurcddjbk;8;9;tetovtzwlpzdolzbwzyvigqfer
316: TAK
317: 296;hskantucwkzkxufjqwhgwok;1;13;xwtqbasoyygokssxpds;11;-8;kovqkjffpyqoulgxmzmkzsy
318: TAK
319: NIE
320: NIE
321: TAK
322: 112;hskantucwkzkxufjqwhgwok;14;9;wahqvkdlqecritusmwbu;28;-12;gemxdiofltoogaruyzwifvpzj;9;1;qpjmelwjtahwbeuoovgr;27;6;gebcdpzurcddjbk;23;5;aiizxyjnhvmfzwfcjfpmvdrozfadv;27;-5;eorvaoyuczbddyaowghvlyfdzkkg;28;13;umzifgevbzvxmkzqbmreksdfalw
323: TAK
324: NIE
325: NIE
326: NIE
327: 
328: TAK
329: NIE
330: 
331: TAK
332: TAK
333: 
334: NIE
335: NIE
336: NIE
337: TAK
338: NIE
339: TAK
340: NIE
341: 
342: NIE
343: 
344: 
345: TAK
346: TAK
347: TAK
348: TAK
349: NIE
350: TAK
351: NIE
352: TAK
353: TAK
354: TAK
355: 439;jxgtxdriszdeecd;15;12;jkzwckackxnbqofrwomcnt;28;13;tetovtzwlpzdolzbwzyvigqfer;8;9;gebcdpzurcddjbk;23;5;aiizxyjnhvmfzwfcjfpmvdrozfadv;27;-5;eorvaoyuczbddyaowghvlyfdzkkg;1;-9;huyovpzcjmfwfbablcolytuordwo
356: TAK
357: NIE
358: TAK
359: TAK
360: TAK
361: TAK
362: 
363: NIE
364: TAK
365: NIE
366: NIE
367: NIE
368: TAK
369: 
370: NIE
371: NIE
372: NIE
373: NIE
374: NIE
375: 
376: 372;qodszlwnjzvzhitxwbypvw;3;-8;nuvdlqdbpzdoditbjhzroudpbiol;22;-10;umzifgevbzvxmkzqbmreksdfalw;12;3;xwtqbasoyygokssxpds;1;13;hskantucwkzkxufjqwhgwok;14;9;wahqvkdlqecritusmwbu
377: TAK
378: TAK
379: TAK
380: NIE
381: TAK
382: TAK
383: NIE
384: 
385: NIE
386: NIE
387: NIE
388: NIE
389: TAK
390: NIE
391: NIE
392: TAK
393: TAK
394: NIE
395: NIE
396: TAK
397: NIE
398: TAK
399: NIE
400: NIE
401: NIE
402: TAK
403: 
404: NIE
405: NIE
406: NIE
407: TAK
408: NIE
409: NIE
410: NIE
411: 
412: TAK
413: NIE
414: 
415: NIE
416: 797;xwtqbasoyygokssxpds;24;-2;jxgtxdriszdeecd;25;5;wahqvkdlqecritusmwbu;14;9;hskantucwkzkxufjqwhgwok;6;8;gebcdpzurcddjbk;8;9;tetovtzwlpzdolzbwzyvigqfer
417: TAK
418: TAK
419: NIE
420: 296;hskantucwkzkxufjqwhgwok;1;13;xwtqbasoyygokssxpds;11;-8;kovqkjffpyqoulgxmzmkzsy
421: TAK
422: NIE
423: NIE
424: 
425: NIE
426: TAK
427: NIE
428: NIE
429: TAK
430: NIE
431: TAK
432: TAK
433: TAK
434: NIE
435: NIE
436: TAK
437: NIE
438: 972;xwtqbasoyygokssxpds;12;3;umzifgevbzvxmkzqbmreksdfalw;22;-10;nuvdlqdbpzdoditbjhzroudpbiol
439: NIE
440: TAK
441: NIE
442: TAK
443: NIE
444: NIE
445: NIE
446: TAK
447: NIE
448: NIE
449: NIE
450: TAK
451: NIE
452: NIE
453: 112;hskantucwkzkxufjqwhgwok;14;9;wahqvkdlqecritusmwbu;28;-12;gemxdiofltoogaruyzwifvpzj;9;1;qpjmelwjtahwbeuoovgr;27;6;gebcdpzurcddjbk;23;5;aiizxyjnhvmfzwfcjfpmvdrozfadv;27;-5;eorvaoyuczbddyaowghvlyfdzkkg;1;-9;huyovpzcjmfwfbablcolytuordwo;17;-15;umzifgevbzvxmkzqbmreksdfalw
454: TAK
455: TAK
456: NIE
457: TAK
458: 972;xwtqbasoyygokssxpds;12;3;umzifgevbzvxmkzqbmreksdfalw;22;-10;nuvdlqdbpzdoditbjhzroudpbiol
459: TAK
460: TAK
461: NIE
462: NIE
463: NIE
464: 
465: NIE
466: TAK
467: NIE
468: NIE
469: NIE
470: NIE
471: TAK
472: NIE
473: NIE
474: TAK
475: 112;hskantucwkzkxufjqwhgwok;14;9;wahqvkdlqecritusmwbu;28;-12;gemxdiofltoogaruyzwifvpzj;9;1;qpjmelwjtahwbeuoovgr;27;6;gebcdpzurcddjbk;23;5;aiizxyjnhvmfzwfcjfpmvdrozfadv;27;-5;eorvaoyuczbddyaowghvlyfdzkkg;1;-9;huyovpzcjmfwfbablcolytuordwo;17;-15;umzifgevbzvxmkzqbmreksdfalw
476: NIE
477: TAK
478: TAK
479: TAK
480: TAK
481: TAK
482: NIE
483: TAK
484: NIE
485: TAK
486: NIE
487: TAK
488: NIE
489: NIE
490: NIE
491: NIE
