1: TAK
2: TAK
3: TAK
4: NIE
5: NIE
6: NIE
7: 
8: NIE
9: 
10: TAK
11: NIE
12: NIE
13: NIE
14: 
15: TAK
16: TAK
17: NIE
18: NIE
19: NIE
20: 
21: NIE
22: TAK
23: NIE
24: 
25: NIE
26: NIE
27: TAK
28: NIE
29: NIE
30: NIE
31: NIE
32: NIE
33: NIE
34: TAK
35: NIE
36: 
37: NIE
38: 
39: NIE
40: NIE
41: TAK
42: 
43: TAK
44: NIE
45: NIE
46: NIE
47: NIE
48: NIE
49: TAK
50: 
51: NIE
52: NIE
53: TAK
54: TAK
55: 
56: NIE
57: NIE
58: TAK
59: NIE
60: NIE
61: NIE
62: TAK
63: 
64: NIE
65: NIE
66: NIE
67: NIE
68: NIE
69: NIE
70: 
71: NIE
72: TAK
73: NIE
74: NIE
75: NIE
76: NIE
77: NIE
78: NIE
79: NIE
80: TAK
81: 
82: NIE
83: 
84: NIE
85: TAK
86: NIE
87: NIE
88: TAK
89: TAK
90: NIE
91: 
92: 
93: NIE
94: NIE
95: NIE
96: NIE
97: NIE
98: NIE
99: NIE
100: NIE
101: NIE
102: TAK
103: TAK
104: TAK
105: 
106: NIE
107: TAK
108: NIE
109: NIE
110: 
111: TAK
112: TAK
113: 859;tmltbihcjsmgonwn;2;7;otoxufknegkaocuappbxw;16;3;zwpifkvrfzonpbkcgdjlsifyjztwp
114: NIE
115: TAK
116: NIE
117: 
118: NIE
119: 
120: TAK
121: NIE
122: NIE
123: TAK
124: 
125: NIE
126: TAK
127: NIE
128: TAK
129: TAK
130: 
131: NIE
132: NIE
133: NIE
134: NIE
135: NIE
136: 
137: NIE
138: NIE
139: NIE
140: TAK
141: 
142: TAK
143: NIE
144: TAK
145: TAK
146: NIE
147: NIE
148: TAK
149: 859;tmltbihcjsmgonwn;2;7;otoxufknegkaocuappbxw;16;3;zwpifkvrfzonpbkcgdjlsifyjztwp
150: NIE
151: NIE
152: NIE
153: TAK
154: NIE
155: TAK
156: 172;nbzpkvtukfih;3;-14;kzzqlbgnxjcombksjan;13;4;zwpifkvrfzonpbkcgdjlsifyjztwp;16;3;otoxufknegkaocuappbxw;2;7;tmltbihcjsmgonwn
157: NIE
158: TAK
159: TAK
160: NIE
161: TAK
162: NIE
163: NIE
164: NIE
165: TAK
166: TAK
167: NIE
168: 
169: NIE
170: TAK
171: TAK
172: NIE
173: NIE
174: TAK
175: TAK
176: TAK
177: TAK
178: 
179: TAK
180: TAK
181: NIE
182: TAK
183: TAK
184: 69;zwpifkvrfzonpbkcgdjlsifyjztwp;11;-5;yxioldpyidekvqmevrqfalrqals;5;-14;hvkbulqmlchwbiomlvbledz
185: NIE
186: 
187: NIE
188: NIE
189: 75;yxioldpyidekvqmevrqfalrqals;11;-5;zwpifkvrfzonpbkcgdjlsifyjztwp;7;9;admmbhoofbfkqfza
190: NIE
191: NIE
192: NIE
193: 
194: NIE
195: NIE
196: TAK
197: NIE
198: NIE
199: NIE
200: NIE
201: TAK
202: NIE
203: 
204: NIE
205: NIE
206: TAK
207: 69;zwpifkvrfzonpbkcgdjlsifyjztwp;11;-5;yxioldpyidekvqmevrqfalrqals;5;-14;hvkbulqmlchwbiomlvbledz
208: TAK
209: 
210: TAK
211: NIE
212: NIE
213: TAK
214: TAK
215: TAK
216: TAK
217: NIE
218: 
219: NIE
220: NIE
221: TAK
222: TAK
223: NIE
224: NIE
225: NIE
226: NIE
227: 
228: NIE
229: TAK
230: NIE
231: TAK
232: NIE
233: NIE
234: NIE
235: NIE
236: TAK
237: 
238: NIE
239: NIE
240: NIE
241: NIE
242: NIE
243: 351;zovmzzlkvwzpzeqewjbpmqyuxwg;24;-15;tmltbihcjsmgonwn;21;-3;epaphlxfuybqnlvgtsh;1;8;admmbhoofbfkqfza;7;9;zwpifkvrfzonpbkcgdjlsifyjztwp;11;-5;yxioldpyidekvqmevrqfalrqals;18;-5;cppcmxsaciym;6;-2;gosoeikuzbnpyk;16;13;tlmudvgomvmds
244: TAK
245: NIE
246: NIE
247: 
248: NIE
249: 
250: NIE
251: 
252: NIE
253: TAK
254: 75;yxioldpyidekvqmevrqfalrqals;11;-5;zwpifkvrfzonpbkcgdjlsifyjztwp;7;9;admmbhoofbfkqfza
255: NIE
256: NIE
257: NIE
258: NIE
259: 
260: 
261: NIE
262: NIE
263: NIE
264: 
265: TAK
266: 930;yxioldpyidekvqmevrqfalrqals;18;-5;cppcmxsaciym;6;-2;gosoeikuzbnpyk;18;4;lhhvkpntanrw
267: NIE
268: NIE
269: TAK
270: NIE
271: NIE
272: NIE
273: TAK
274: TAK
275: TAK
276: NIE
277: TAK
278: 867;admmbhoofbfkqfza;7;9;zwpifkvrfzonpbkcgdjlsifyjztwp;13;4;kzzqlbgnxjcombksjan
279: 
280: NIE
281: NIE
282: NIE
283: NIE
284: NIE
285: TAK
286: TAK
287: NIE
288: TAK
289: NIE
290: TAK
291: NIE
292: TAK
293: TAK
294: TAK
295: 
296: NIE
297: NIE
298: TAK
299: TAK
300: 
301: 926;zwpifkvrfzonpbkcgdjlsifyjztwp;11;-5;yxioldpyidekvqmevrqfalrqals
302: NIE
303: TAK
304: NIE
305: 
306: 
307: 437;epxseasvlpo;26;12;exiujnscfzfqqvtdphheyktve;12;14;admmbhoofbfkqfza;1;8;epaphlxfuybqnlvgtsh;21;-3;tmltbihcjsmgonwn
308: TAK
309: NIE
310: 938;hvkbulqmlchwbiomlvbledz;5;-14;yxioldpyidekvqmevrqfalrqals;11;-5;zwpifkvrfzonpbkcgdjlsifyjztwp
311: 
312: 75;yxioldpyidekvqmevrqfalrqals;11;-5;zwpifkvrfzonpbkcgdjlsifyjztwp;7;9;admmbhoofbfkqfza
313: 
314: TAK
315: NIE
316: TAK
317: TAK
318: TAK
319: TAK
320: NIE
321: TAK
322: NIE
323: TAK
324: NIE
325: NIE
326: TAK
327: TAK
328: TAK
329: 
330: NIE
331: NIE
332: TAK
333: TAK
334: TAK
335: 859;tmltbihcjsmgonwn;2;7;otoxufknegkaocuappbxw;16;3;zwpifkvrfzonpbkcgdjlsifyjztwp
336: NIE
337: TAK
338: TAK
339: TAK
340: TAK
341: NIE
342: TAK
343: TAK
344: NIE
345: TAK
346: TAK
347: TAK
348: TAK
349: TAK
350: TAK
351: 418;dqgvzlfwemvvalwk;7;-9;gmjroypvtbwp;29;15;yxioldpyidekvqmevrqfalrqals;5;-14;hvkbulqmlchwbiomlvbledz
352: NIE
353: TAK
354: 
355: TAK
356: NIE
357: TAK
358: TAK
359: NIE
360: NIE
361: TAK
362: NIE
363: NIE
364: NIE
365: 
366: 
367: 437;epxseasvlpo;26;12;exiujnscfzfqqvtdphheyktve;12;14;admmbhoofbfkqfza;1;8;epaphlxfuybqnlvgtsh;21;-3;tmltbihcjsmgonwn
368: NIE
369: NIE
370: TAK
371: NIE
372: 
373: 411;tmltbihcjsmgonwn;7;-15;zwpifkvrfzonpbkcgdjlsifyjztwp;11;-5;yxioldpyidekvqmevrqfalrqals;5;-14;hvkbulqmlchwbiomlvbledz
374: 583;otoxufknegkaocuappbxw;15;-10;epaphlxfuybqnlvgtsh;1;8;admmbhoofbfkqfza;14;9;gmjroypvtbwp
375: TAK
376: TAK
377: NIE
378: 71;gosoeikuzbnpyk;6;-2;cppcmxsaciym;18;-5;yxioldpyidekvqmevrqfalrqals
379: NIE
380: 915;epaphlxfuybqnlvgtsh;21;-3;tmltbihcjsmgonwn
381: TAK
382: TAK
383: TAK
384: 
385: NIE
386: TAK
387: TAK
388: TAK
389: NIE
390: TAK
391: 437;epxseasvlpo;26;12;exiujnscfzfqqvtdphheyktve;12;14;admmbhoofbfkqfza;1;8;epaphlxfuybqnlvgtsh;21;-3;tmltbihcjsmgonwn
392: TAK
393: NIE
394: NIE
395: TAK
396: TAK
397: 583;otoxufknegkaocuappbxw;15;-10;epaphlxfuybqnlvgtsh;1;8;admmbhoofbfkqfza;14;9;gmjroypvtbwp
398: NIE
399: TAK
400: 
401: TAK
402: TAK
403: NIE
404: TAK
405: NIE
406: TAK
407: 804;exiujnscfzfqqvtdphheyktve;12;14;admmbhoofbfkqfza;1;8;epaphlxfuybqnlvgtsh
408: NIE
409: TAK
410: NIE
411: NIE
412: NIE
413: NIE
414: TAK
415: TAK
416: NIE
417: TAK
418: NIE
419: NIE
420: 
421: TAK
422: NIE
423: TAK
424: NIE
425: NIE
426: TAK
427: NIE
428: NIE
429: TAK
430: TAK
431: 288;zwpifkvrfzonpbkcgdjlsifyjztwp;11;-5;yxioldpyidekvqmevrqfalrqals;18;-5;cppcmxsaciym;6;-2;gosoeikuzbnpyk;18;4;lhhvkpntanrw;22;-7;epxseasvlpo
432: TAK
433: NIE
434: NIE
435: TAK
436: TAK
437: NIE
438: TAK
439: TAK
440: NIE
441: TAK
442: NIE
443: NIE
444: TAK
445: NIE
446: TAK
447: TAK
448: TAK
449: TAK
450: NIE
451: TAK
452: 753;gmjroypvtbwp;14;9;admmbhoofbfkqfza;16;7;cppcmxsaciym
453: TAK
454: 
455: NIE
456: NIE
457: TAK
458: TAK
459: NIE
460: 
461: TAK
462: TAK
463: NIE
464: NIE
465: TAK
466: NIE
467: 
468: TAK
469: TAK
470: NIE
471: TAK
472: TAK
473: 833;cppcmxsaciym;6;-2;gosoeikuzbnpyk;18;4;lhhvkpntanrw
474: TAK
475: TAK
476: TAK
477: TAK
478: 301;gosoeikuzbnpyk;6;-2;cppcmxsaciym;2;9;tmltbihcjsmgonwn;24;-15;zovmzzlkvwzpzeqewjbpmqyuxwg;12;-3;kzzqlbgnxjcombksjan
479: NIE
480: 507;lhhvkpntanrw;22;-7;epxseasvlpo;26;12;exiujnscfzfqqvtdphheyktve;7;9;tlmudvgomvmds;16;13;gosoeikuzbnpyk;6;-2;cppcmxsaciym;18;-5;yxioldpyidekvqmevrqfalrqals;11;-5;zwpifkvrfzonpbkcgdjlsifyjztwp;7;9;admmbhoofbfkqfza;14;9;gmjroypvtbwp;7;-9;dqgvzlfwemvvalwk;28;-11;tmltbihcjsmgonwn;24;-15;zovmzzlkvwzpzeqewjbpmqyuxwg;12;-3;kzzqlbgnxjcombksjan;28;-9;epaphlxfuybqnlvgtsh
481: NIE
482: NIE
483: NIE
484: TAK
485: 249;admmbhoofbfkqfza;14;9;gmjroypvtbwp;7;-9;dqgvzlfwemvvalwk
486: TAK
487: NIE
488: TAK
