1: NIE
2: NIE
3: 
4: NIE
5: NIE
6: TAK
7: NIE
8: NIE
9: NIE
10: NIE
11: NIE
12: 
13: TAK
14: NIE
15: 
16: NIE
17: NIE
18: 
19: NIE
20: 
21: NIE
22: NIE
23: NIE
24: 
25: NIE
26: NIE
27: NIE
28: NIE
29: NIE
30: NIE
31: 
32: NIE
33: NIE
34: 
35: NIE
36: 
37: 
38: NIE
39: 
40: NIE
41: NIE
42: TAK
43: TAK
44: TAK
45: TAK
46: NIE
47: TAK
48: NIE
49: NIE
50: NIE
51: TAK
52: TAK
53: NIE
54: 
55: NIE
56: NIE
57: 
58: NIE
59: 
60: NIE
61: NIE
62: NIE
63: NIE
64: TAK
65: NIE
66: NIE
67: TAK
68: NIE
69: 
70: NIE
71: NIE
72: NIE
73: NIE
74: NIE
75: NIE
76: NIE
77: NIE
78: NIE
79: NIE
80: 
81: NIE
82: TAK
83: NIE
84: NIE
85: TAK
86: TAK
87: NIE
88: TAK
89: NIE
90: NIE
91: NIE
92: NIE
93: NIE
94: NIE
95: NIE
96: NIE
97: 
98: NIE
99: NIE
100: NIE
101: TAK
102: 
103: TAK
104: 
105: 
106: NIE
107: NIE
108: TAK
109: NIE
110: NIE
111: NIE
112: NIE
113: NIE
114: NIE
115: NIE
116: NIE
117: TAK
118: NIE
119: 
120: NIE
121: NIE
122: NIE
123: NIE
124: TAK
125: NIE
126: 
127: TAK
128: NIE
129: NIE
130: NIE
131: NIE
132: NIE
133: NIE
134: TAK
135: TAK
136: 
137: 
138: 
139: TAK
140: NIE
141: NIE
142: NIE
143: NIE
144: TAK
145: NIE
146: TAK
147: NIE
148: NIE
149: NIE
150: 
151: NIE
152: NIE
153: NIE
154: 
155: NIE
156: NIE
157: NIE
158: NIE
159: NIE
160: NIE
161: TAK
162: NIE
163: NIE
164: NIE
165: NIE
166: 
167: NIE
168: NIE
169: NIE
170: NIE
171: NIE
172: TAK
173: 
174: NIE
175: NIE
176: NIE
177: NIE
178: TAK
179: TAK
180: TAK
181: NIE
182: NIE
183: NIE
184: 
185: NIE
186: NIE
187: 
188: 
189: NIE
190: TAK
191: NIE
192: NIE
193: TAK
194: 
195: NIE
196: NIE
197: TAK
198: NIE
199: NIE
200: NIE
201: NIE
202: NIE
203: NIE
204: NIE
205: NIE
206: NIE
207: 
208: NIE
209: 
210: NIE
211: TAK
212: NIE
213: NIE
214: NIE
215: NIE
216: TAK
217: NIE
218: NIE
219: NIE
220: NIE
221: 
222: TAK
223: NIE
224: NIE
225: 
226: TAK
227: 163;ltwqaphhbyzaaajqjsgzujuzup;3;-5;shgrjfjcnewoocme;7;-8;kmewahuneyiaqktpashwd;6;-8;trhkrqxcbjohhoocduclvvxqk;14;-2;sfgssbqichpliqlisntjxlpwizqj
228: 
229: TAK
230: TAK
231: NIE
232: 
233: TAK
234: NIE
235: 
236: TAK
237: TAK
238: NIE
239: NIE
240: 
241: NIE
242: NIE
243: 
244: NIE
245: 
246: NIE
247: 
248: NIE
249: NIE
250: TAK
251: TAK
252: NIE
253: TAK
254: NIE
255: NIE
256: TAK
257: NIE
258: 
259: TAK
260: NIE
261: NIE
262: NIE
263: NIE
264: TAK
265: NIE
266: NIE
267: NIE
268: TAK
269: TAK
270: TAK
271: NIE
272: 
273: NIE
274: NIE
275: NIE
276: TAK
277: TAK
278: TAK
279: NIE
280: NIE
281: NIE
282: NIE
283: TAK
284: TAK
285: NIE
286: TAK
287: NIE
288: NIE
289: 
290: TAK
291: TAK
292: NIE
293: TAK
294: NIE
295: 
296: TAK
297: 
298: 
299: 
300: NIE
301: 
302: TAK
303: TAK
304: TAK
305: NIE
306: NIE
307: NIE
308: NIE
309: 
310: TAK
311: TAK
312: TAK
313: TAK
314: 
315: TAK
316: 
317: NIE
318: 
319: 
320: TAK
321: NIE
322: 
323: TAK
324: NIE
325: TAK
326: 830;iqkqncaebbvvxfjhl;3;7;shgrjfjcnewoocme;3;-5;ltwqaphhbyzaaajqjsgzujuzup;5;1;tubjeyophmfxpncydkvhp;6;-2;giykhvilesfjdzbeukfuka
327: NIE
328: TAK
329: TAK
330: TAK
331: NIE
332: TAK
333: NIE
334: TAK
335: 
336: NIE
337: TAK
338: NIE
339: NIE
340: NIE
341: NIE
342: 
343: TAK
344: TAK
345: NIE
346: TAK
347: TAK
348: NIE
349: NIE
350: 
351: TAK
352: NIE
353: TAK
354: TAK
355: NIE
356: TAK
357: NIE
358: TAK
359: TAK
360: NIE
361: TAK
362: NIE
363: TAK
364: NIE
365: TAK
366: NIE
367: TAK
368: NIE
369: TAK
370: NIE
371: TAK
372: TAK
373: 
374: NIE
375: TAK
376: 
377: TAK
378: NIE
379: TAK
380: NIE
381: TAK
382: TAK
383: NIE
384: NIE
385: TAK
386: 673;hfppnjhqzqsghgqxrasgtbdhscr;17;-2;tubjeyophmfxpncydkvhp;5;1;ltwqaphhbyzaaajqjsgzujuzup;22;-15;giykhvilesfjdzbeukfuka;17;-6;shgrjfjcnewoocme;3;7;iqkqncaebbvvxfjhl
387: NIE
388: NIE
389: TAK
390: 
391: TAK
392: TAK
393: TAK
394: NIE
395: 
396: NIE
397: NIE
398: 
399: TAK
400: 
401: NIE
402: NIE
403: NIE
404: 
405: NIE
406: NIE
407: NIE
408: NIE
409: TAK
410: NIE
411: NIE
412: NIE
413: TAK
414: NIE
415: NIE
416: NIE
417: 689;akxlwkmujgezuwejhsdlssbuhy;19;13;nzwwrjoosemjoubymqapxdqsb;3;7;giykhvilesfjdzbeukfuka;17;11;zvkobwnvevwqctyozqvivvmcryjnk;22;-12;vsauhnzhsjcbapuhxlsfwusatgo
418: 
419: NIE
420: NIE
421: NIE
422: NIE
423: NIE
424: TAK
425: NIE
426: NIE
427: NIE
428: 720;zvkobwnvevwqctyozqvivvmcryjnk;17;11;giykhvilesfjdzbeukfuka;3;7;nzwwrjoosemjoubymqapxdqsb;1;9;kmewahuneyiaqktpashwd;6;-8;trhkrqxcbjohhoocduclvvxqk;9;15;iqkqncaebbvvxfjhl;3;7;shgrjfjcnewoocme;3;-5;ltwqaphhbyzaaajqjsgzujuzup;5;1;tubjeyophmfxpncydkvhp;17;-2;hfppnjhqzqsghgqxrasgtbdhscr
429: TAK
430: TAK
431: NIE
432: 
433: NIE
434: NIE
435: NIE
436: NIE
437: 
438: NIE
439: TAK
440: TAK
441: TAK
442: TAK
443: NIE
444: TAK
445: TAK
446: NIE
447: TAK
448: 
449: 
450: 256;idjohvedpjswwzxst;25;-8;zvkobwnvevwqctyozqvivvmcryjnk;17;11;giykhvilesfjdzbeukfuka;17;-6;shgrjfjcnewoocme;3;7;iqkqncaebbvvxfjhl;9;15;trhkrqxcbjohhoocduclvvxqk;6;-8;kmewahuneyiaqktpashwd;1;9;nzwwrjoosemjoubymqapxdqsb;19;13;akxlwkmujgezuwejhsdlssbuhy;25;6;scrchgruqykrofywlovernkkqqt
451: NIE
452: NIE
453: NIE
454: TAK
455: TAK
456: 
457: NIE
458: TAK
459: NIE
460: TAK
461: NIE
462: NIE
463: TAK
464: NIE
465: TAK
466: 
467: TAK
468: 
469: NIE
470: 
471: TAK
472: NIE
473: TAK
474: TAK
475: NIE
476: TAK
477: NIE
478: NIE
479: NIE
480: TAK
481: NIE
482: NIE
483: 
484: TAK
485: NIE
486: NIE
487: NIE
488: NIE
489: TAK
490: NIE
491: NIE
492: NIE
