1: NIE
2: NIE
3: NIE
4: 
5: 
6: NIE
7: NIE
8: TAK
9: TAK
10: NIE
11: 
12: NIE
13: NIE
14: NIE
15: 
16: NIE
17: NIE
18: NIE
19: NIE
20: NIE
21: NIE
22: NIE
23: NIE
24: TAK
25: NIE
26: 
27: NIE
28: NIE
29: NIE
30: NIE
31: 
32: NIE
33: NIE
34: 
35: NIE
36: NIE
37: NIE
38: NIE
39: TAK
40: NIE
41: NIE
42: 
43: NIE
44: NIE
45: NIE
46: 
47: NIE
48: TAK
49: 
50: NIE
51: NIE
52: NIE
53: NIE
54: NIE
55: 
56: NIE
57: NIE
58: NIE
59: NIE
60: NIE
61: TAK
62: NIE
63: TAK
64: NIE
65: NIE
66: TAK
67: NIE
68: NIE
69: 
70: TAK
71: TAK
72: NIE
73: NIE
74: NIE
75: TAK
76: TAK
77: NIE
78: NIE
79: TAK
80: TAK
81: NIE
82: TAK
83: NIE
84: TAK
85: NIE
86: 
87: NIE
88: TAK
89: TAK
90: TAK
91: NIE
92: TAK
93: NIE
94: NIE
95: 
96: NIE
97: NIE
98: NIE
99: NIE
100: NIE
101: NIE
102: 
103: 
104: NIE
105: NIE
106: 
107: NIE
108: TAK
109: TAK
110: 
111: NIE
112: 
113: NIE
114: NIE
115: NIE
116: NIE
117: NIE
118: TAK
119: NIE
120: NIE
121: NIE
122: NIE
123: NIE
124: TAK
125: NIE
126: NIE
127: NIE
128: NIE
129: TAK
130: TAK
131: NIE
132: NIE
133: NIE
134: NIE
135: TAK
136: NIE
137: TAK
138: NIE
139: TAK
140: NIE
141: NIE
142: NIE
143: TAK
144: 786;wgfungsriqrykfbsbxxc;1;11;opksprtajbwpit;23;-10;nlofuvewlluompwljg
145: NIE
146: TAK
147: NIE
148: 
149: NIE
150: NIE
151: NIE
152: NIE
153: NIE
154: NIE
155: TAK
156: TAK
157: NIE
158: TAK
159: NIE
160: 
161: NIE
162: TAK
163: 
164: NIE
165: NIE
166: NIE
167: NIE
168: NIE
169: TAK
170: TAK
171: 
172: 
173: NIE
174: NIE
175: 
176: 
177: NIE
178: TAK
179: 
180: 
181: TAK
182: 
183: TAK
184: 
185: 
186: NIE
187: 
188: NIE
189: NIE
190: TAK
191: NIE
192: NIE
193: NIE
194: NIE
195: NIE
196: TAK
197: TAK
198: 
199: NIE
200: 
201: NIE
202: NIE
203: TAK
204: NIE
205: TAK
206: TAK
207: TAK
208: TAK
209: TAK
210: TAK
211: NIE
212: NIE
213: NIE
214: NIE
215: TAK
216: NIE
217: NIE
218: TAK
219: NIE
220: TAK
221: TAK
222: 
223: NIE
224: TAK
225: 
226: NIE
227: TAK
228: NIE
229: NIE
230: NIE
231: NIE
232: 
233: NIE
234: TAK
235: 
236: NIE
237: NIE
238: TAK
239: NIE
240: TAK
241: TAK
242: TAK
243: NIE
244: TAK
245: 
246: 
247: 
248: TAK
249: NIE
250: TAK
251: TAK
252: NIE
253: NIE
254: NIE
255: NIE
256: NIE
257: NIE
258: NIE
259: TAK
260: TAK
261: NIE
262: TAK
263: NIE
264: NIE
265: NIE
266: NIE
267: 
268: 
269: TAK
270: NIE
271: TAK
272: TAK
273: TAK
274: NIE
275: NIE
276: NIE
277: TAK
278: 
279: NIE
280: TAK
281: 789;nlofuvewlluompwljg;5;-9;ayimdzujml;14;-9;lboojmoqojnfpamnluvxa
282: 
283: TAK
284: 100;penhxihgmexuzclkamo;14;-8;stikxhabvcsnniz
285: NIE
286: TAK
287: TAK
288: NIE
289: TAK
290: TAK
291: NIE
292: TAK
293: TAK
294: TAK
295: NIE
296: TAK
297: NIE
298: NIE
299: TAK
300: NIE
301: 
302: 
303: NIE
304: TAK
305: NIE
306: TAK
307: NIE
308: TAK
309: TAK
310: NIE
311: NIE
312: NIE
313: TAK
314: TAK
315: NIE
316: 
317: TAK
318: NIE
319: NIE
320: NIE
321: NIE
322: TAK
323: 
324: TAK
325: NIE
326: TAK
327: TAK
328: TAK
329: NIE
330: TAK
331: TAK
332: NIE
333: 
334: NIE
335: TAK
336: NIE
337: TAK
338: TAK
339: TAK
340: TAK
341: NIE
342: NIE
343: NIE
344: TAK
345: TAK
346: NIE
347: NIE
348: NIE
349: 
350: NIE
351: NIE
352: TAK
353: 
354: TAK
355: 246;stikxhabvcsnniz;11;2;gazwtkoecqtvr;5;-13;yjnaiptqgabknrjqk;28;-9;olwzbpznwbhyafau
356: TAK
357: NIE
358: TAK
359: NIE
360: TAK
361: NIE
362: NIE
363: NIE
364: NIE
365: TAK
366: 520;nlofuvewlluompwljg;6;-10;stikxhabvcsnniz;14;-8;penhxihgmexuzclkamo;18;2;dpifnqcjwaazcqgpfidnqxbrij
367: NIE
368: NIE
369: TAK
370: NIE
371: NIE
372: TAK
373: NIE
374: NIE
375: TAK
376: 
377: NIE
378: NIE
379: NIE
380: 
381: TAK
382: NIE
383: TAK
384: 906;cnraxegwapknckwrngjgz;26;-7;penhxihgmexuzclkamo;14;-8;stikxhabvcsnniz;11;2;gazwtkoecqtvr;5;-13;yjnaiptqgabknrjqk;7;-7;owyhbwccxyosnbiuvdatolpeahalq;2;4;ayimdzujml;14;-9;lboojmoqojnfpamnluvxa;26;-15;tbxglzsbqefesosjgguto
385: TAK
386: NIE
387: NIE
388: TAK
389: NIE
390: TAK
391: NIE
392: 520;nlofuvewlluompwljg;6;-10;stikxhabvcsnniz;14;-8;penhxihgmexuzclkamo;18;2;dpifnqcjwaazcqgpfidnqxbrij
393: NIE
394: TAK
395: TAK
396: NIE
397: NIE
398: TAK
399: TAK
400: 332;olwzbpznwbhyafau;28;-9;yjnaiptqgabknrjqk;5;-13;gazwtkoecqtvr;18;5;ohgtmajgjrpd
401: TAK
402: NIE
403: NIE
404: NIE
405: TAK
406: TAK
407: 
408: NIE
409: NIE
410: TAK
411: NIE
412: NIE
413: NIE
414: TAK
415: NIE
416: TAK
417: NIE
418: NIE
419: TAK
420: NIE
421: TAK
422: TAK
423: 
424: NIE
425: TAK
426: 462;vaygwufypbzohnp;6;-2;opksprtajbwpit;1;11;wgfungsriqrykfbsbxxc;8;7;viwrkyfontcvsbbwl;14;3;penhxihgmexuzclkamo;18;10;dpifnqcjwaazcqgpfidnqxbrij
427: TAK
428: TAK
429: TAK
430: TAK
431: NIE
432: TAK
433: NIE
434: TAK
435: TAK
436: NIE
437: NIE
438: NIE
439: NIE
440: TAK
441: NIE
442: TAK
443: TAK
444: NIE
445: NIE
446: NIE
447: TAK
448: NIE
449: TAK
450: NIE
451: 789;nlofuvewlluompwljg;5;-9;ayimdzujml;14;-9;lboojmoqojnfpamnluvxa
452: NIE
453: NIE
454: 647;vaygwufypbzohnp;6;-2;opksprtajbwpit;1;11;wgfungsriqrykfbsbxxc;8;7;viwrkyfontcvsbbwl;14;3;penhxihgmexuzclkamo;18;10;dpifnqcjwaazcqgpfidnqxbrij
455: NIE
456: 184;olwzbpznwbhyafau;21;-4;dpifnqcjwaazcqgpfidnqxbrij;18;10;penhxihgmexuzclkamo;26;-7;cnraxegwapknckwrngjgz;4;11;lboojmoqojnfpamnluvxa;25;-10;stikxhabvcsnniz;6;-10;nlofuvewlluompwljg;5;-9;ayimdzujml;2;4;owyhbwccxyosnbiuvdatolpeahalq;7;-7;yjnaiptqgabknrjqk;5;-13;gazwtkoecqtvr
457: TAK
458: TAK
459: NIE
460: TAK
461: TAK
462: NIE
463: TAK
464: TAK
465: TAK
466: TAK
467: 
468: TAK
469: NIE
470: NIE
471: NIE
472: NIE
473: 17;olwzbpznwbhyafau;21;12;dpifnqcjwaazcqgpfidnqxbrij
474: 
475: 663;wgfungsriqrykfbsbxxc;1;11;opksprtajbwpit;8;14;yjnaiptqgabknrjqk;8;-13;nlofuvewlluompwljg;6;-10;stikxhabvcsnniz;2;-6;bzocoarslojywsgvimxjituxxy
476: TAK
477: NIE
478: TAK
479: NIE
480: 109;viwrkyfontcvsbbwl;8;7;wgfungsriqrykfbsbxxc;1;11;opksprtajbwpit;8;14;yjnaiptqgabknrjqk;7;-7;owyhbwccxyosnbiuvdatolpeahalq;16;5;penhxihgmexuzclkamo;18;10;dpifnqcjwaazcqgpfidnqxbrij;17;-5;tbxglzsbqefesosjgguto;26;-15;lboojmoqojnfpamnluvxa;14;-9;ayimdzujml;5;-9;nlofuvewlluompwljg;6;-10;stikxhabvcsnniz;2;-6;bzocoarslojywsgvimxjituxxy
481: NIE
482: NIE
483: NIE
484: TAK
485: NIE
486: TAK
487: 
488: NIE
489: NIE
