1: 
2: 
3: 
4: NIE
5: NIE
6: 
7: NIE
8: NIE
9: NIE
10: NIE
11: NIE
12: NIE
13: TAK
14: NIE
15: NIE
16: NIE
17: NIE
18: TAK
19: TAK
20: NIE
21: 
22: TAK
23: 
24: NIE
25: TAK
26: NIE
27: NIE
28: NIE
29: NIE
30: NIE
31: NIE
32: TAK
33: NIE
34: NIE
35: NIE
36: NIE
37: NIE
38: NIE
39: NIE
40: NIE
41: 
42: TAK
43: NIE
44: 
45: 
46: NIE
47: NIE
48: NIE
49: NIE
50: NIE
51: TAK
52: NIE
53: NIE
54: TAK
55: NIE
56: NIE
57: NIE
58: NIE
59: NIE
60: NIE
61: NIE
62: NIE
63: NIE
64: NIE
65: TAK
66: 
67: TAK
68: NIE
69: TAK
70: NIE
71: TAK
72: NIE
73: NIE
74: TAK
75: TAK
76: NIE
77: TAK
78: TAK
79: NIE
80: NIE
81: NIE
82: NIE
83: TAK
84: 
85: NIE
86: NIE
87: TAK
88: NIE
89: 
90: 
91: TAK
92: NIE
93: 
94: NIE
95: TAK
96: NIE
97: NIE
98: NIE
99: NIE
100: NIE
101: TAK
102: 
103: NIE
104: NIE
105: NIE
106: TAK
107: NIE
108: TAK
109: NIE
110: NIE
111: TAK
112: NIE
113: NIE
114: NIE
115: TAK
116: TAK
117: NIE
118: 924;pdthztjkufhmtqquznrsjjpsrjdz;19;-5;mfclwsbuhab;27;10;hjephfetiqyyzld;16;1;unwforirjxydxpyopesfekca;19;15;lrmyrskbsoxkhoa
119: NIE
120: NIE
121: TAK
122: TAK
123: NIE
124: TAK
125: NIE
126: NIE
127: NIE
128: TAK
129: TAK
130: TAK
131: TAK
132: NIE
133: NIE
134: TAK
135: 
136: TAK
137: TAK
138: TAK
139: TAK
140: 
141: NIE
142: NIE
143: NIE
144: NIE
145: NIE
146: TAK
147: TAK
148: 
149: NIE
150: 
151: 
152: NIE
153: TAK
154: TAK
155: NIE
156: 
157: TAK
158: NIE
159: NIE
160: TAK
161: NIE
162: TAK
163: 
164: TAK
165: NIE
166: NIE
167: TAK
168: NIE
169: NIE
170: TAK
171: NIE
172: TAK
173: 666;wbmjbmfqjkfavy;12;15;mfclwsbuhab;27;10;hjephfetiqyyzld;18;14;lrmyrskbsoxkhoa;19;15;unwforirjxydxpyopesfekca;13;-9;yemkycvqtrpntqyxrprgkhiaui
174: NIE
175: NIE
176: NIE
177: NIE
178: 
179: TAK
180: NIE
181: 
182: NIE
183: NIE
184: NIE
185: NIE
186: 
187: NIE
188: TAK
189: NIE
190: NIE
191: NIE
192: TAK
193: NIE
194: NIE
195: TAK
196: 
197: NIE
198: TAK
199: 
200: NIE
201: TAK
202: NIE
203: 
204: NIE
205: 
206: NIE
207: TAK
208: 
209: NIE
210: NIE
211: NIE
212: TAK
213: 
214: TAK
215: TAK
216: 666;wbmjbmfqjkfavy;12;15;mfclwsbuhab;27;10;hjephfetiqyyzld;18;14;lrmyrskbsoxkhoa;19;15;unwforirjxydxpyopesfekca;13;-9;yemkycvqtrpntqyxrprgkhiaui
217: NIE
218: 103;wbmjbmfqjkfavy;12;15;mfclwsbuhab;27;10;hjephfetiqyyzld;18;14;lrmyrskbsoxkhoa
219: TAK
220: NIE
221: NIE
222: NIE
223: NIE
224: NIE
225: TAK
226: NIE
227: NIE
228: TAK
229: 
230: TAK
231: NIE
232: NIE
233: TAK
234: TAK
235: NIE
236: 47;wbmjbmfqjkfavy;12;15;mfclwsbuhab
237: 
238: TAK
239: TAK
240: TAK
241: NIE
242: 666;wbmjbmfqjkfavy;12;15;mfclwsbuhab;27;10;hjephfetiqyyzld;18;14;lrmyrskbsoxkhoa;19;15;unwforirjxydxpyopesfekca;13;-9;yemkycvqtrpntqyxrprgkhiaui
243: NIE
244: 
245: NIE
246: 
247: NIE
248: TAK
249: 47;wbmjbmfqjkfavy;12;15;mfclwsbuhab
250: TAK
251: NIE
252: TAK
253: TAK
254: TAK
255: TAK
256: NIE
257: NIE
258: TAK
259: 
260: TAK
261: NIE
262: TAK
263: NIE
264: TAK
265: NIE
266: TAK
267: NIE
268: 177;lzuxsogdahvvtwsxigrlijf;3;4;yemkycvqtrpntqyxrprgkhiaui;6;-11;sdasuuevnsuz;9;-9;wbmjbmfqjkfavy
269: NIE
270: NIE
271: TAK
272: NIE
273: NIE
274: NIE
275: TAK
276: TAK
277: TAK
278: NIE
279: 
280: TAK
281: 
282: NIE
283: TAK
284: NIE
285: 624;pdthztjkufhmtqquznrsjjpsrjdz;19;-5;mfclwsbuhab;12;15;wbmjbmfqjkfavy;14;-7;vdcrmfuarsoagenzsxuusygna;11;-1;pwxtcbjcartntqcqlyqrgv
286: 
287: NIE
288: NIE
289: NIE
290: NIE
291: TAK
292: NIE
293: NIE
294: NIE
295: 
296: NIE
297: NIE
298: TAK
299: NIE
300: TAK
301: TAK
302: NIE
303: NIE
304: 
305: NIE
306: NIE
307: NIE
308: NIE
309: 
310: 
311: NIE
312: NIE
313: NIE
314: 530;lzuxsogdahvvtwsxigrlijf;3;4;yemkycvqtrpntqyxrprgkhiaui;6;-11;sdasuuevnsuz
315: NIE
316: NIE
317: NIE
318: NIE
319: TAK
320: 
321: NIE
322: NIE
323: NIE
324: NIE
325: TAK
326: TAK
327: NIE
328: NIE
329: NIE
330: TAK
331: NIE
332: TAK
333: NIE
334: 
335: TAK
336: 
337: TAK
338: NIE
339: TAK
340: NIE
341: NIE
342: TAK
343: TAK
344: TAK
345: 
346: TAK
347: TAK
348: 
349: NIE
350: TAK
351: NIE
352: NIE
353: TAK
354: TAK
355: NIE
356: TAK
357: NIE
358: NIE
359: TAK
360: TAK
361: TAK
362: TAK
363: TAK
364: TAK
365: NIE
366: TAK
367: NIE
368: TAK
369: NIE
370: TAK
371: NIE
372: TAK
373: 873;pwxtcbjcartntqcqlyqrgv;11;-1;vdcrmfuarsoagenzsxuusygna;14;-7;wbmjbmfqjkfavy;9;-9;sdasuuevnsuz;6;-11;yemkycvqtrpntqyxrprgkhiaui
374: 
375: TAK
376: TAK
377: NIE
378: TAK
379: NIE
380: 717;yemkycvqtrpntqyxrprgkhiaui;17;8;hjephfetiqyyzld;27;10;mfclwsbuhab;19;-5;pdthztjkufhmtqquznrsjjpsrjdz;23;-9;swrrlrfcvxh;10;-5;sdasuuevnsuz;9;-9;wbmjbmfqjkfavy;14;-7;vdcrmfuarsoagenzsxuusygna
381: NIE
382: TAK
383: NIE
384: NIE
385: TAK
386: TAK
387: NIE
388: TAK
389: TAK
390: 
391: TAK
392: NIE
393: NIE
394: 
395: NIE
396: NIE
397: TAK
398: 
399: NIE
400: NIE
401: TAK
402: TAK
403: NIE
404: 908;lrmyrskbsoxkhoa;19;15;unwforirjxydxpyopesfekca;5;11;kymhmnnrojvcvektzrglwj
405: NIE
406: NIE
407: NIE
408: TAK
409: TAK
410: TAK
411: NIE
412: 938;pdthztjkufhmtqquznrsjjpsrjdz;23;-9;swrrlrfcvxh;10;-5;sdasuuevnsuz;9;-9;wbmjbmfqjkfavy
413: TAK
414: 905;pwxtcbjcartntqcqlyqrgv;8;-15;vprpawbsvvhpzjehxfkyyjbe;10;-4;lfkqztpsccmhlbdbtxagospzkj;9;13;lrmyrskbsoxkhoa
415: NIE
416: TAK
417: 134;lzuxsogdahvvtwsxigrlijf;21;4;lfkqztpsccmhlbdbtxagospzkj;10;-4;vprpawbsvvhpzjehxfkyyjbe;4;-9;yemkycvqtrpntqyxrprgkhiaui;13;-9;unwforirjxydxpyopesfekca;13;2;pwxtcbjcartntqcqlyqrgv
418: TAK
419: 
420: TAK
421: TAK
422: NIE
423: NIE
424: 53;sdasuuevnsuz;6;-11;yemkycvqtrpntqyxrprgkhiaui;4;-9;vprpawbsvvhpzjehxfkyyjbe
425: NIE
426: NIE
427: NIE
428: NIE
429: 
430: NIE
431: 558;wbmjbmfqjkfavy;9;-9;sdasuuevnsuz;6;-11;yemkycvqtrpntqyxrprgkhiaui;4;-9;vprpawbsvvhpzjehxfkyyjbe
432: TAK
433: TAK
434: NIE
435: TAK
436: TAK
437: TAK
438: NIE
439: NIE
440: NIE
441: 
442: NIE
443: NIE
444: NIE
445: TAK
446: TAK
447: TAK
448: TAK
449: TAK
450: NIE
451: 501;pwxtcbjcartntqcqlyqrgv;8;-15;vprpawbsvvhpzjehxfkyyjbe;10;-4;lfkqztpsccmhlbdbtxagospzkj
452: 47;wbmjbmfqjkfavy;14;-7;vdcrmfuarsoagenzsxuusygna;11;-1;pwxtcbjcartntqcqlyqrgv;8;-15;vprpawbsvvhpzjehxfkyyjbe;10;-4;lfkqztpsccmhlbdbtxagospzkj;5;3;mfclwsbuhab
453: 
454: NIE
455: NIE
456: TAK
457: TAK
458: 159;lzuxsogdahvvtwsxigrlijf;21;4;lfkqztpsccmhlbdbtxagospzkj;5;3;mfclwsbuhab;19;-5;pdthztjkufhmtqquznrsjjpsrjdz
459: 
460: 
461: NIE
462: 
463: TAK
464: NIE
465: NIE
466: NIE
467: NIE
468: NIE
469: TAK
470: NIE
471: TAK
472: TAK
473: NIE
474: NIE
475: TAK
476: NIE
477: 733;lrmyrskbsoxkhoa;9;13;lfkqztpsccmhlbdbtxagospzkj;2;-11;hjephfetiqyyzld;9;-8;unwforirjxydxpyopesfekca
478: TAK
479: NIE
480: TAK
481: TAK
482: TAK
483: 177;lzuxsogdahvvtwsxigrlijf;21;4;lfkqztpsccmhlbdbtxagospzkj;10;-4;vprpawbsvvhpzjehxfkyyjbe;4;-9;yemkycvqtrpntqyxrprgkhiaui;6;-11;sdasuuevnsuz;9;-9;wbmjbmfqjkfavy
484: TAK
