1: 
2: NIE
3: NIE
4: TAK
5: TAK
6: NIE
7: TAK
8: 
9: NIE
10: NIE
11: TAK
12: NIE
13: TAK
14: NIE
15: TAK
16: 
17: NIE
18: NIE
19: TAK
20: NIE
21: TAK
22: NIE
23: 
24: NIE
25: TAK
26: NIE
27: NIE
28: NIE
29: NIE
30: NIE
31: NIE
32: 
33: 
34: NIE
35: NIE
36: NIE
37: TAK
38: NIE
39: NIE
40: NIE
41: NIE
42: NIE
43: NIE
44: NIE
45: NIE
46: NIE
47: NIE
48: TAK
49: NIE
50: NIE
51: 
52: NIE
53: NIE
54: 
55: NIE
56: NIE
57: TAK
58: 
59: NIE
60: NIE
61: TAK
62: NIE
63: 
64: NIE
65: NIE
66: TAK
67: NIE
68: TAK
69: NIE
70: NIE
71: TAK
72: NIE
73: TAK
74: NIE
75: TAK
76: TAK
77: TAK
78: NIE
79: 
80: NIE
81: NIE
82: 
83: 
84: 
85: NIE
86: 
87: NIE
88: 
89: NIE
90: NIE
91: NIE
92: NIE
93: NIE
94: 
95: NIE
96: 
97: NIE
98: NIE
99: 
100: TAK
101: NIE
102: NIE
103: NIE
104: NIE
105: NIE
106: TAK
107: NIE
108: 
109: 
110: TAK
111: NIE
112: NIE
113: TAK
114: NIE
115: NIE
116: NIE
117: NIE
118: TAK
119: NIE
120: NIE
121: NIE
122: NIE
123: NIE
124: NIE
125: TAK
126: TAK
127: 
128: NIE
129: NIE
130: NIE
131: NIE
132: TAK
133: NIE
134: NIE
135: TAK
136: NIE
137: 131;znxvxueslqmmctavphwnibxh;24;10;sdggrmpiubwqgvouturi;28;-8;qkmtrdiygxozwifzlccz
138: NIE
139: NIE
140: NIE
141: TAK
142: 131;znxvxueslqmmctavphwnibxh;24;10;sdggrmpiubwqgvouturi;28;-8;qkmtrdiygxozwifzlccz
143: TAK
144: NIE
145: NIE
146: NIE
147: NIE
148: NIE
149: NIE
150: TAK
151: TAK
152: TAK
153: TAK
154: TAK
155: TAK
156: NIE
157: NIE
158: NIE
159: 
160: NIE
161: NIE
162: 145;shbrfjyewcjwchvhsvkxhvr;28;11;znxvxueslqmmctavphwnibxh;24;10;sdggrmpiubwqgvouturi
163: TAK
164: NIE
165: 
166: 
167: TAK
168: NIE
169: NIE
170: TAK
171: NIE
172: TAK
173: NIE
174: NIE
175: TAK
176: NIE
177: NIE
178: NIE
179: TAK
180: NIE
181: NIE
182: NIE
183: 
184: NIE
185: NIE
186: NIE
187: NIE
188: TAK
189: NIE
190: NIE
191: NIE
192: TAK
193: TAK
194: NIE
195: NIE
196: NIE
197: NIE
198: NIE
199: 362;sdggrmpiubwqgvouturi;24;10;znxvxueslqmmctavphwnibxh;22;-11;xvlygxpondksckdfp;7;15;bfqnhbwxbvdcbvmrlbizijrgqowfz
200: 145;shbrfjyewcjwchvhsvkxhvr;28;11;znxvxueslqmmctavphwnibxh;24;10;sdggrmpiubwqgvouturi
201: NIE
202: 581;fkijqlifkfcgmwtcihgbictpy;28;9;xvlygxpondksckdfp;22;-11;znxvxueslqmmctavphwnibxh;28;11;shbrfjyewcjwchvhsvkxhvr
203: TAK
204: 
205: NIE
206: TAK
207: TAK
208: TAK
209: NIE
210: NIE
211: NIE
212: TAK
213: TAK
214: NIE
215: NIE
216: TAK
217: NIE
218: TAK
219: TAK
220: TAK
221: TAK
222: TAK
223: NIE
224: NIE
225: NIE
226: NIE
227: NIE
228: TAK
229: NIE
230: NIE
231: NIE
232: NIE
233: NIE
234: NIE
235: 
236: NIE
237: 
238: TAK
239: 
240: NIE
241: TAK
242: NIE
243: TAK
244: NIE
245: 
246: 
247: NIE
248: TAK
249: TAK
250: TAK
251: NIE
252: NIE
253: NIE
254: NIE
255: TAK
256: NIE
257: 
258: 
259: TAK
260: TAK
261: TAK
262: NIE
263: NIE
264: TAK
265: NIE
266: TAK
267: TAK
268: TAK
269: NIE
270: NIE
271: NIE
272: NIE
273: TAK
274: NIE
275: 
276: NIE
277: TAK
278: NIE
279: TAK
280: NIE
281: NIE
282: 
283: NIE
284: 
285: NIE
286: NIE
287: 
288: TAK
289: 898;znxvxueslqmmctavphwnibxh;6;5;pkenclpzhwrjkqenfhmwgbwafqp
290: TAK
291: 
292: NIE
293: 
294: NIE
295: 
296: 
297: TAK
298: TAK
299: 
300: NIE
301: NIE
302: TAK
303: NIE
304: NIE
305: 
306: NIE
307: NIE
308: NIE
309: TAK
310: NIE
311: TAK
312: TAK
313: TAK
314: NIE
315: NIE
316: TAK
317: TAK
318: NIE
319: 
320: NIE
321: NIE
322: TAK
323: TAK
324: NIE
325: TAK
326: NIE
327: NIE
328: TAK
329: TAK
330: NIE
331: TAK
332: 
333: TAK
334: NIE
335: NIE
336: NIE
337: TAK
338: NIE
339: NIE
340: NIE
341: TAK
342: NIE
343: NIE
344: NIE
345: NIE
346: 971;fkijqlifkfcgmwtcihgbictpy;16;7;enuyqfbxwfrcoxtaod;27;7;znxvxueslqmmctavphwnibxh;22;-11;xvlygxpondksckdfp;7;15;bfqnhbwxbvdcbvmrlbizijrgqowfz;7;2;xnnffjtzoupkaopnrdbo;4;-14;opoofzqvexqpkb
347: 
348: NIE
349: TAK
350: TAK
351: TAK
352: NIE
353: NIE
354: NIE
355: NIE
356: NIE
357: TAK
358: TAK
359: NIE
360: 
361: NIE
362: 382;pkenclpzhwrjkqenfhmwgbwafqp;11;12;ryjhmtuhayafjzkgbved;20;10;kclovdmeaoljfac
363: NIE
364: TAK
365: TAK
366: NIE
367: TAK
368: NIE
369: 204;ryjhmtuhayafjzkgbved;11;12;pkenclpzhwrjkqenfhmwgbwafqp;6;5;znxvxueslqmmctavphwnibxh;27;7;enuyqfbxwfrcoxtaod;3;-1;qkmtrdiygxozwifzlccz
370: NIE
371: 
372: TAK
373: NIE
374: TAK
375: TAK
376: TAK
377: TAK
378: NIE
379: NIE
380: TAK
381: TAK
382: NIE
383: NIE
384: 
385: NIE
386: TAK
387: NIE
388: NIE
389: 
390: TAK
391: 625;xnnffjtzoupkaopnrdbo;4;-14;opoofzqvexqpkb;16;-6;xbhgpmtxxlkiqunsczqwez;13;8;ryjhmtuhayafjzkgbved;11;12;pkenclpzhwrjkqenfhmwgbwafqp;15;10;bfqnhbwxbvdcbvmrlbizijrgqowfz;7;15;xvlygxpondksckdfp;28;6;iafbnmcllgjrikmu
392: NIE
393: TAK
394: TAK
395: NIE
396: TAK
397: NIE
398: TAK
399: TAK
400: NIE
401: TAK
402: TAK
403: NIE
404: NIE
405: TAK
406: TAK
407: TAK
408: TAK
409: TAK
410: NIE
411: NIE
412: NIE
413: NIE
414: 728;iafbnmcllgjrikmu;17;7;xnnffjtzoupkaopnrdbo;7;2;bfqnhbwxbvdcbvmrlbizijrgqowfz;7;15;xvlygxpondksckdfp;4;12;xbhgpmtxxlkiqunsczqwez;13;8;ryjhmtuhayafjzkgbved
415: NIE
416: 
417: 
418: TAK
419: TAK
420: TAK
421: TAK
422: TAK
423: NIE
424: NIE
425: NIE
426: TAK
427: NIE
428: NIE
429: TAK
430: 
431: 
432: TAK
433: TAK
434: 131;enuyqfbxwfrcoxtaod;27;7;znxvxueslqmmctavphwnibxh;24;10;sdggrmpiubwqgvouturi;28;5;qkmtrdiygxozwifzlccz
435: NIE
436: NIE
437: NIE
438: TAK
439: TAK
440: TAK
441: NIE
442: NIE
443: 540;kclovdmeaoljfac;2;3;iafbnmcllgjrikmu;10;3;rzpyudsnxlx
444: TAK
445: NIE
446: NIE
447: 
448: NIE
449: 
450: 204;ryjhmtuhayafjzkgbved;11;12;pkenclpzhwrjkqenfhmwgbwafqp;6;5;znxvxueslqmmctavphwnibxh;27;7;enuyqfbxwfrcoxtaod;3;-1;qkmtrdiygxozwifzlccz
451: 906;pkenclpzhwrjkqenfhmwgbwafqp;6;5;znxvxueslqmmctavphwnibxh;27;7;enuyqfbxwfrcoxtaod
452: TAK
453: TAK
454: 
455: TAK
456: 382;pkenclpzhwrjkqenfhmwgbwafqp;11;12;ryjhmtuhayafjzkgbved;20;10;kclovdmeaoljfac
457: TAK
458: NIE
459: TAK
460: TAK
461: TAK
462: TAK
463: NIE
464: 
465: NIE
466: TAK
467: NIE
468: 167;rzpyudsnxlx;25;-11;znxvxueslqmmctavphwnibxh;3;12;fkijqlifkfcgmwtcihgbictpy;5;10;xnnffjtzoupkaopnrdbo;17;7;iafbnmcllgjrikmu;2;3;kclovdmeaoljfac
469: TAK
470: TAK
471: TAK
472: NIE
473: TAK
474: 989;opoofzqvexqpkb;16;-6;xbhgpmtxxlkiqunsczqwez;13;8;ryjhmtuhayafjzkgbved
475: TAK
476: TAK
477: NIE
478: 382;pkenclpzhwrjkqenfhmwgbwafqp;11;12;ryjhmtuhayafjzkgbved;20;10;kclovdmeaoljfac
479: 204;ryjhmtuhayafjzkgbved;11;12;pkenclpzhwrjkqenfhmwgbwafqp;6;5;znxvxueslqmmctavphwnibxh;27;7;enuyqfbxwfrcoxtaod;3;-1;qkmtrdiygxozwifzlccz
480: TAK
481: NIE
482: NIE
483: NIE
484: NIE
485: NIE
486: 
487: TAK
488: NIE
489: 
