1: NIE
2: NIE
3: 
4: NIE
5: TAK
6: TAK
7: 
8: NIE
9: NIE
10: NIE
11: 
12: NIE
13: NIE
14: NIE
15: NIE
16: NIE
17: 
18: NIE
19: NIE
20: NIE
21: NIE
22: TAK
23: 
24: NIE
25: NIE
26: NIE
27: TAK
28: NIE
29: TAK
30: TAK
31: NIE
32: NIE
33: NIE
34: NIE
35: NIE
36: 
37: TAK
38: NIE
39: NIE
40: NIE
41: TAK
42: 
43: NIE
44: NIE
45: NIE
46: NIE
47: TAK
48: NIE
49: TAK
50: NIE
51: TAK
52: NIE
53: TAK
54: TAK
55: 
56: NIE
57: NIE
58: NIE
59: 
60: NIE
61: TAK
62: NIE
63: NIE
64: TAK
65: 
66: NIE
67: 
68: NIE
69: NIE
70: TAK
71: NIE
72: NIE
73: TAK
74: 
75: TAK
76: NIE
77: NIE
78: TAK
79: 
80: NIE
81: 
82: NIE
83: NIE
84: TAK
85: NIE
86: TAK
87: NIE
88: NIE
89: NIE
90: TAK
91: NIE
92: NIE
93: NIE
94: NIE
95: TAK
96: NIE
97: NIE
98: NIE
99: TAK
100: NIE
101: 
102: TAK
103: 
104: NIE
105: NIE
106: 
107: TAK
108: NIE
109: TAK
110: NIE
111: NIE
112: NIE
113: TAK
114: 
115: NIE
116: TAK
117: NIE
118: 
119: TAK
120: TAK
121: TAK
122: NIE
123: NIE
124: NIE
125: 
126: NIE
127: TAK
128: NIE
129: NIE
130: 
131: 
132: NIE
133: TAK
134: NIE
135: NIE
136: NIE
137: TAK
138: TAK
139: 
140: NIE
141: NIE
142: TAK
143: NIE
144: NIE
145: NIE
146: NIE
147: NIE
148: 92;xhzwbcrttlgrgpmccjjhzsuaof;2;3;msvrljfmadrqim;4;14;ezpxucfzcyz;18;9;jidibxirecctqzflvoivnbq;18;2;kchbrebrygncisaf
149: NIE
150: TAK
151: NIE
152: TAK
153: TAK
154: TAK
155: NIE
156: NIE
157: TAK
158: NIE
159: 
160: NIE
161: NIE
162: TAK
163: NIE
164: 
165: NIE
166: TAK
167: TAK
168: NIE
169: NIE
170: NIE
171: NIE
172: TAK
173: NIE
174: NIE
175: NIE
176: NIE
177: TAK
178: NIE
179: NIE
180: NIE
181: NIE
182: NIE
183: TAK
184: NIE
185: NIE
186: NIE
187: TAK
188: TAK
189: TAK
190: NIE
191: NIE
192: NIE
193: NIE
194: 
195: NIE
196: NIE
197: TAK
198: NIE
199: NIE
200: NIE
201: NIE
202: NIE
203: NIE
204: NIE
205: NIE
206: TAK
207: NIE
208: NIE
209: 
210: NIE
211: TAK
212: TAK
213: NIE
214: NIE
215: TAK
216: NIE
217: NIE
218: NIE
219: TAK
220: TAK
221: TAK
222: NIE
223: NIE
224: NIE
225: 
226: NIE
227: NIE
228: 
229: NIE
230: 120;msvrljfmadrqim;4;14;ezpxucfzcyz;18;9;jidibxirecctqzflvoivnbq;18;2;kchbrebrygncisaf;21;1;cyvpjpjaylciyepti;24;8;rwhgfjxtgqpjkyg
231: NIE
232: NIE
233: TAK
234: NIE
235: 
236: NIE
237: 
238: NIE
239: NIE
240: 
241: NIE
242: NIE
243: 
244: TAK
245: NIE
246: TAK
247: 
248: NIE
249: TAK
250: NIE
251: NIE
252: TAK
253: 
254: NIE
255: NIE
256: NIE
257: NIE
258: 
259: TAK
260: NIE
261: TAK
262: TAK
263: 196;ukzwitjechwa;7;11;jnmxkvwiwyzrtlamtpyx;15;4;msvrljfmadrqim;4;14;ezpxucfzcyz;18;12;jidibxirecctqzflvoivnbq
264: NIE
265: NIE
266: 
267: TAK
268: TAK
269: 
270: TAK
271: NIE
272: 
273: NIE
274: NIE
275: 829;wfepwnbwubkkwdxhuevtmksupj;10;9;jidibxirecctqzflvoivnbq;18;12;ezpxucfzcyz;7;11;ultivqwziy;19;-7;ukzwitjechwa;7;11;jnmxkvwiwyzrtlamtpyx;15;4;msvrljfmadrqim;29;-5;cyvpjpjaylciyepti;26;8;fakrsfkfqpuqvlgf
276: NIE
277: NIE
278: NIE
279: TAK
280: NIE
281: 
282: NIE
283: TAK
284: NIE
285: NIE
286: 
287: TAK
288: TAK
289: NIE
290: NIE
291: 
292: NIE
293: NIE
294: NIE
295: NIE
296: TAK
297: NIE
298: NIE
299: TAK
300: NIE
301: TAK
302: NIE
303: TAK
304: NIE
305: NIE
306: NIE
307: 
308: TAK
309: TAK
310: TAK
311: NIE
312: 92;xhzwbcrttlgrgpmccjjhzsuaof;2;3;msvrljfmadrqim;4;14;ezpxucfzcyz;18;12;jidibxirecctqzflvoivnbq;18;2;kchbrebrygncisaf;21;1;cyvpjpjaylciyepti
313: 
314: NIE
315: NIE
316: NIE
317: 829;wfepwnbwubkkwdxhuevtmksupj;10;9;jidibxirecctqzflvoivnbq;18;12;ezpxucfzcyz;7;11;ultivqwziy;19;-7;ukzwitjechwa;7;11;jnmxkvwiwyzrtlamtpyx;15;4;msvrljfmadrqim;29;-5;cyvpjpjaylciyepti;26;8;fakrsfkfqpuqvlgf
318: TAK
319: NIE
320: NIE
321: NIE
322: TAK
323: NIE
324: TAK
325: TAK
326: TAK
327: TAK
328: TAK
329: TAK
330: TAK
331: NIE
332: NIE
333: NIE
334: NIE
335: NIE
336: 829;wfepwnbwubkkwdxhuevtmksupj;10;9;jidibxirecctqzflvoivnbq;18;12;ezpxucfzcyz;7;11;ultivqwziy;19;-7;ukzwitjechwa;7;11;jnmxkvwiwyzrtlamtpyx;15;4;msvrljfmadrqim;29;-5;cyvpjpjaylciyepti;26;8;fakrsfkfqpuqvlgf
337: NIE
338: NIE
339: NIE
340: NIE
341: 76;fakrsfkfqpuqvlgf;26;8;cyvpjpjaylciyepti;29;-5;msvrljfmadrqim;4;14;ezpxucfzcyz;7;11;ultivqwziy
342: TAK
343: 
344: TAK
345: TAK
346: TAK
347: NIE
348: 
349: NIE
350: TAK
351: NIE
352: TAK
353: NIE
354: TAK
355: TAK
356: 728;betsermozpwcofvujxna;20;12;dtrrulysit;5;-9;msvrljfmadrqim;1;4;nwgdohkzvluvgs
357: TAK
358: NIE
359: NIE
360: TAK
361: TAK
362: TAK
363: 
364: TAK
365: NIE
366: NIE
367: 728;betsermozpwcofvujxna;20;12;dtrrulysit;5;-9;msvrljfmadrqim;1;4;nwgdohkzvluvgs
368: TAK
369: 
370: TAK
371: NIE
372: TAK
373: NIE
374: NIE
375: NIE
376: TAK
377: NIE
378: NIE
379: TAK
380: NIE
381: NIE
382: 613;ukzwitjechwa;7;11;jnmxkvwiwyzrtlamtpyx;15;4;msvrljfmadrqim;2;3;xhzwbcrttlgrgpmccjjhzsuaof
383: NIE
384: TAK
385: NIE
386: TAK
387: NIE
388: 
389: NIE
390: NIE
391: NIE
392: TAK
393: TAK
394: NIE
395: TAK
396: NIE
397: NIE
398: NIE
399: TAK
400: NIE
401: 
402: TAK
403: NIE
404: NIE
405: NIE
406: NIE
407: NIE
408: TAK
409: 
410: NIE
411: NIE
412: TAK
413: TAK
414: TAK
415: NIE
416: 30;nwgdohkzvluvgs;1;4;msvrljfmadrqim;5;-9;dtrrulysit;11;-6;cyvpjpjaylciyepti;24;8;rwhgfjxtgqpjkyg
417: TAK
418: NIE
419: 
420: NIE
421: TAK
422: 
423: TAK
424: TAK
425: NIE
426: TAK
427: NIE
428: TAK
429: NIE
430: NIE
431: NIE
432: 
433: NIE
434: NIE
435: NIE
436: 
437: NIE
438: TAK
439: TAK
440: NIE
441: 
442: NIE
443: 
444: TAK
445: TAK
446: NIE
447: TAK
448: TAK
449: TAK
450: TAK
451: TAK
452: TAK
453: TAK
454: TAK
455: TAK
456: NIE
457: TAK
458: NIE
459: TAK
460: TAK
461: TAK
462: TAK
463: TAK
464: 583;rwhgfjxtgqpjkyg;21;13;cilaesetrtwpnxazufwb
465: TAK
466: NIE
467: NIE
468: NIE
469: 520;betsermozpwcofvujxna;20;12;dtrrulysit;5;-9;msvrljfmadrqim;15;4;jnmxkvwiwyzrtlamtpyx;28;5;szjrxunharowtwbtgvooh;13;6;wfepwnbwubkkwdxhuevtmksupj;15;-6;ezpxucfzcyz
470: NIE
471: 
472: NIE
473: 
474: NIE
475: NIE
476: NIE
477: TAK
478: TAK
479: NIE
480: 496;cyvpjpjaylciyepti;11;-6;dtrrulysit;5;-9;msvrljfmadrqim;15;4;jnmxkvwiwyzrtlamtpyx;28;5;szjrxunharowtwbtgvooh;22;4;betsermozpwcofvujxna;16;-15;motsnlrhnxgpxhdqgmxl
481: NIE
482: NIE
483: TAK
484: TAK
485: NIE
486: 
487: TAK
488: TAK
489: NIE
490: NIE
