1: 
2: NIE
3: NIE
4: 
5: 
6: NIE
7: 
8: NIE
9: NIE
10: NIE
11: 
12: NIE
13: TAK
14: NIE
15: NIE
16: 
17: NIE
18: 
19: TAK
20: NIE
21: NIE
22: NIE
23: TAK
24: 
25: NIE
26: TAK
27: NIE
28: NIE
29: TAK
30: NIE
31: NIE
32: NIE
33: TAK
34: NIE
35: NIE
36: NIE
37: NIE
38: NIE
39: 
40: NIE
41: 
42: 
43: NIE
44: NIE
45: NIE
46: TAK
47: TAK
48: NIE
49: 
50: NIE
51: TAK
52: NIE
53: TAK
54: TAK
55: NIE
56: NIE
57: TAK
58: NIE
59: NIE
60: TAK
61: NIE
62: NIE
63: TAK
64: 
65: NIE
66: NIE
67: NIE
68: NIE
69: NIE
70: NIE
71: NIE
72: NIE
73: 
74: NIE
75: NIE
76: NIE
77: NIE
78: NIE
79: NIE
80: NIE
81: 
82: NIE
83: NIE
84: 
85: NIE
86: 
87: NIE
88: NIE
89: NIE
90: NIE
91: 
92: NIE
93: 
94: NIE
95: NIE
96: TAK
97: NIE
98: NIE
99: TAK
100: NIE
101: NIE
102: 
103: NIE
104: NIE
105: NIE
106: NIE
107: 
108: NIE
109: NIE
110: NIE
111: 
112: NIE
113: NIE
114: NIE
115: NIE
116: TAK
117: NIE
118: 
119: NIE
120: NIE
121: TAK
122: NIE
123: NIE
124: NIE
125: TAK
126: NIE
127: NIE
128: NIE
129: NIE
130: TAK
131: 
132: TAK
133: NIE
134: NIE
135: 
136: TAK
137: TAK
138: TAK
139: NIE
140: TAK
141: NIE
142: TAK
143: 
144: NIE
145: 
146: NIE
147: 
148: NIE
149: 
150: NIE
151: TAK
152: NIE
153: NIE
154: 
155: NIE
156: TAK
157: TAK
158: TAK
159: NIE
160: 377;aoqhzznttamijefhdmfrzbdzwnk;27;-15;gdcvjlhrfbi
161: TAK
162: NIE
163: NIE
164: NIE
165: NIE
166: TAK
167: NIE
168: 
169: TAK
170: TAK
171: NIE
172: TAK
173: TAK
174: NIE
175: TAK
176: 
177: TAK
178: TAK
179: TAK
180: NIE
181: NIE
182: NIE
183: TAK
184: NIE
185: NIE
186: NIE
187: 410;znevymzvjvmet;1;13;bgmpmhctkpyanpzngk;1;-4;odqxprqkhohhwhnowipozd;26;-7;gdcvjlhrfbi
188: TAK
189: TAK
190: TAK
191: TAK
192: NIE
193: NIE
194: TAK
195: NIE
196: NIE
197: TAK
198: 
199: NIE
200: NIE
201: 
202: NIE
203: NIE
204: 
205: TAK
206: NIE
207: TAK
208: 376;lopalwmhoiksddcvzianrivnrm;1;15;evlhbmdoyryyqj;13;7;bgmpmhctkpyanpzngk
209: TAK
210: NIE
211: TAK
212: NIE
213: TAK
214: TAK
215: NIE
216: TAK
217: 268;gdcvjlhrfbi;26;-7;odqxprqkhohhwhnowipozd;1;-4;bgmpmhctkpyanpzngk;1;13;znevymzvjvmet;20;-2;evlhbmdoyryyqj;1;15;lopalwmhoiksddcvzianrivnrm;8;4;qweeljiiuipuwse
218: NIE
219: TAK
220: NIE
221: NIE
222: 
223: 
224: 
225: NIE
226: NIE
227: TAK
228: 
229: TAK
230: NIE
231: TAK
232: TAK
233: NIE
234: 
235: TAK
236: NIE
237: 
238: TAK
239: NIE
240: NIE
241: 
242: NIE
243: TAK
244: NIE
245: 
246: NIE
247: TAK
248: NIE
249: NIE
250: NIE
251: NIE
252: 
253: TAK
254: TAK
255: TAK
256: NIE
257: TAK
258: TAK
259: NIE
260: NIE
261: NIE
262: 
263: TAK
264: NIE
265: TAK
266: NIE
267: TAK
268: TAK
269: 
270: NIE
271: 
272: TAK
273: 
274: NIE
275: NIE
276: NIE
277: NIE
278: NIE
279: TAK
280: 
281: TAK
282: 
283: TAK
284: NIE
285: TAK
286: NIE
287: TAK
288: 
289: TAK
290: 
291: TAK
292: TAK
293: TAK
294: NIE
295: TAK
296: TAK
297: NIE
298: TAK
299: TAK
300: TAK
301: NIE
302: TAK
303: NIE
304: NIE
305: NIE
306: NIE
307: NIE
308: TAK
309: NIE
310: 
311: NIE
312: TAK
313: 
314: 
315: 22;oohmzstqyxygygspt;26;-1;wdumndcxkye;4;5;odqxprqkhohhwhnowipozd;11;-13;gdhlpxrkdmgkorvwbyxjgsua;10;15;evlhbmdoyryyqj;1;15;lopalwmhoiksddcvzianrivnrm;4;10;bgmpmhctkpyanpzngk;1;13;znevymzvjvmet;24;1;izzlnqsopfhkgusryzye
316: TAK
317: NIE
318: NIE
319: TAK
320: TAK
321: NIE
322: NIE
323: 
324: NIE
325: NIE
326: TAK
327: 
328: 154;odifrhlpxfmuqudeur;28;-3;gdcvjlhrfbi;26;-7;odqxprqkhohhwhnowipozd;1;-4;bgmpmhctkpyanpzngk;13;7;evlhbmdoyryyqj;1;15;lopalwmhoiksddcvzianrivnrm;19;8;romipoyeplm
329: TAK
330: TAK
331: NIE
332: 
333: NIE
334: NIE
335: NIE
336: NIE
337: NIE
338: NIE
339: TAK
340: 
341: NIE
342: NIE
343: NIE
344: NIE
345: TAK
346: TAK
347: NIE
348: NIE
349: TAK
350: NIE
351: TAK
352: TAK
353: TAK
354: TAK
355: TAK
356: 621;oohmzstqyxygygspt;4;2;odifrhlpxfmuqudeur
357: NIE
358: TAK
359: 
360: NIE
361: TAK
362: TAK
363: NIE
364: NIE
365: 515;znevymzvjvmet;14;15;odifrhlpxfmuqudeur
366: TAK
367: NIE
368: TAK
369: 268;gdcvjlhrfbi;26;-7;odqxprqkhohhwhnowipozd;1;-4;bgmpmhctkpyanpzngk;1;13;znevymzvjvmet;11;13;gdhlpxrkdmgkorvwbyxjgsua;10;15;evlhbmdoyryyqj;1;15;lopalwmhoiksddcvzianrivnrm;8;4;qweeljiiuipuwse
370: NIE
371: NIE
372: NIE
373: NIE
374: 
375: NIE
376: TAK
377: TAK
378: NIE
379: NIE
380: TAK
381: TAK
382: TAK
383: TAK
384: TAK
385: TAK
386: NIE
387: 
388: TAK
389: NIE
390: 883;odifrhlpxfmuqudeur;28;-3;gdcvjlhrfbi;26;-7;odqxprqkhohhwhnowipozd;1;-4;bgmpmhctkpyanpzngk;13;7;evlhbmdoyryyqj
391: TAK
392: NIE
393: NIE
394: NIE
395: NIE
396: NIE
397: NIE
398: TAK
399: NIE
400: TAK
401: TAK
402: NIE
403: 
404: NIE
405: 
406: TAK
407: TAK
408: TAK
409: TAK
410: TAK
411: TAK
412: NIE
413: TAK
414: TAK
415: 
416: NIE
417: TAK
418: NIE
419: NIE
420: TAK
421: 
422: TAK
423: NIE
424: 465;ouuujijlym;22;15;znevymzvjvmet
425: 949;oohmzstqyxygygspt;4;12;odifrhlpxfmuqudeur;14;15;znevymzvjvmet;11;13;gdhlpxrkdmgkorvwbyxjgsua;12;12;aoqhzznttamijefhdmfrzbdzwnk
426: TAK
427: NIE
428: NIE
429: TAK
430: NIE
431: NIE
432: 962;aoqhzznttamijefhdmfrzbdzwnk;12;12;gdhlpxrkdmgkorvwbyxjgsua;10;15;evlhbmdoyryyqj;1;15;lopalwmhoiksddcvzianrivnrm
433: TAK
434: TAK
435: 376;lopalwmhoiksddcvzianrivnrm;1;15;evlhbmdoyryyqj;13;7;bgmpmhctkpyanpzngk
436: TAK
437: TAK
438: 
439: TAK
440: TAK
441: TAK
442: TAK
443: NIE
444: TAK
445: NIE
446: TAK
447: TAK
448: TAK
449: NIE
450: TAK
451: NIE
452: NIE
453: NIE
454: 
455: NIE
456: TAK
457: TAK
458: NIE
459: NIE
460: NIE
461: TAK
462: 468;aoqhzznttamijefhdmfrzbdzwnk;12;12;gdhlpxrkdmgkorvwbyxjgsua;3;-13;ouuujijlym;4;-4;wdeligsultnisvwzhymltmzthjqvp;9;13;izzlnqsopfhkgusryzye
463: NIE
464: 986;bgmpmhctkpyanpzngk;13;7;evlhbmdoyryyqj;4;11;gcvvvqtyrsjzmdahjeztvyiof;1;-10;oohmzstqyxygygspt
465: TAK
466: 412;znevymzvjvmet;1;13;bgmpmhctkpyanpzngk;13;7;evlhbmdoyryyqj;1;15;lopalwmhoiksddcvzianrivnrm
467: NIE
468: 
469: TAK
470: TAK
471: 
472: TAK
473: TAK
474: NIE
475: TAK
476: NIE
477: NIE
478: TAK
479: NIE
480: NIE
481: TAK
482: TAK
483: TAK
484: NIE
485: NIE
486: TAK
487: NIE
488: TAK
489: 
490: NIE
491: NIE
492: NIE
493: 616;gdcvjlhrfbi;28;-3;odifrhlpxfmuqudeur;14;15;znevymzvjvmet;1;13;bgmpmhctkpyanpzngk;1;-4;odqxprqkhohhwhnowipozd;4;5;wdumndcxkye
