1: TAK
2: 
3: 
4: NIE
5: NIE
6: NIE
7: NIE
8: NIE
9: TAK
10: NIE
11: NIE
12: NIE
13: NIE
14: NIE
15: TAK
16: 
17: NIE
18: NIE
19: TAK
20: 
21: NIE
22: NIE
23: 
24: TAK
25: NIE
26: 
27: NIE
28: 
29: 
30: TAK
31: NIE
32: NIE
33: 
34: NIE
35: TAK
36: NIE
37: TAK
38: NIE
39: 
40: NIE
41: TAK
42: 
43: 
44: 
45: NIE
46: NIE
47: NIE
48: TAK
49: NIE
50: NIE
51: NIE
52: NIE
53: NIE
54: NIE
55: 
56: NIE
57: NIE
58: NIE
59: TAK
60: 
61: TAK
62: NIE
63: 
64: TAK
65: NIE
66: NIE
67: NIE
68: NIE
69: NIE
70: 
71: NIE
72: NIE
73: NIE
74: NIE
75: NIE
76: TAK
77: NIE
78: NIE
79: TAK
80: 
81: NIE
82: NIE
83: NIE
84: TAK
85: NIE
86: TAK
87: 
88: NIE
89: NIE
90: NIE
91: NIE
92: TAK
93: 
94: NIE
95: NIE
96: NIE
97: NIE
98: 
99: 
100: TAK
101: NIE
102: NIE
103: NIE
104: NIE
105: NIE
106: 
107: 
108: 
109: NIE
110: NIE
111: NIE
112: NIE
113: NIE
114: TAK
115: NIE
116: 
117: TAK
118: NIE
119: 
120: NIE
121: NIE
122: NIE
123: NIE
124: NIE
125: NIE
126: NIE
127: 
128: NIE
129: NIE
130: NIE
131: NIE
132: NIE
133: TAK
134: NIE
135: NIE
136: 
137: NIE
138: 
139: NIE
140: NIE
141: NIE
142: NIE
143: 
144: NIE
145: NIE
146: 
147: TAK
148: NIE
149: 
150: TAK
151: 
152: TAK
153: TAK
154: NIE
155: TAK
156: 
157: TAK
158: NIE
159: NIE
160: 611;bbafybmspbybtjonhbmkzzs;18;12;wxhsnrqvkoytmzdesunzlxontlshr;3;-15;tpgtezshaupy;21;10;epgicwiscvukprsef
161: NIE
162: TAK
163: 
164: NIE
165: TAK
166: NIE
167: NIE
168: NIE
169: TAK
170: NIE
171: 
172: NIE
173: NIE
174: NIE
175: NIE
176: TAK
177: NIE
178: NIE
179: TAK
180: NIE
181: NIE
182: NIE
183: TAK
184: NIE
185: NIE
186: TAK
187: NIE
188: TAK
189: 
190: NIE
191: NIE
192: 
193: NIE
194: NIE
195: NIE
196: 
197: NIE
198: NIE
199: NIE
200: 
201: TAK
202: NIE
203: NIE
204: 528;hyytiaadiowlepozbykijvadddmye;24;-11;bbafybmspbybtjonhbmkzzs;18;12;wxhsnrqvkoytmzdesunzlxontlshr
205: NIE
206: TAK
207: 
208: NIE
209: NIE
210: TAK
211: 
212: TAK
213: NIE
214: NIE
215: 150;wxhsnrqvkoytmzdesunzlxontlshr;3;-15;tpgtezshaupy;21;10;epgicwiscvukprsef;23;10;wbkpqrjhpkncuxcodc
216: NIE
217: NIE
218: TAK
219: NIE
220: NIE
221: 
222: NIE
223: NIE
224: NIE
225: NIE
226: TAK
227: TAK
228: NIE
229: TAK
230: TAK
231: NIE
232: TAK
233: NIE
234: NIE
235: NIE
236: NIE
237: NIE
238: NIE
239: NIE
240: NIE
241: NIE
242: NIE
243: TAK
244: NIE
245: NIE
246: TAK
247: NIE
248: NIE
249: 
250: NIE
251: 
252: 
253: TAK
254: NIE
255: NIE
256: TAK
257: 
258: TAK
259: NIE
260: NIE
261: NIE
262: 615;wxhsnrqvkoytmzdesunzlxontlshr;18;12;bbafybmspbybtjonhbmkzzs
263: NIE
264: TAK
265: 
266: TAK
267: NIE
268: TAK
269: TAK
270: NIE
271: TAK
272: TAK
273: NIE
274: NIE
275: 835;oemyfuqdpiprtc;26;-12;wxhsnrqvkoytmzdesunzlxontlshr;3;-15;tpgtezshaupy;21;10;epgicwiscvukprsef;23;10;wbkpqrjhpkncuxcodc;6;3;wbfuongjpjnsxlzdwlhjsvwzot
276: 
277: TAK
278: TAK
279: TAK
280: NIE
281: TAK
282: NIE
283: TAK
284: 860;wxhsnrqvkoytmzdesunzlxontlshr;18;12;bbafybmspbybtjonhbmkzzs;24;-11;hyytiaadiowlepozbykijvadddmye;2;-5;wbfuongjpjnsxlzdwlhjsvwzot
285: TAK
286: TAK
287: TAK
288: 
289: NIE
290: 
291: 
292: 
293: NIE
294: NIE
295: TAK
296: TAK
297: NIE
298: TAK
299: NIE
300: NIE
301: TAK
302: NIE
303: NIE
304: TAK
305: NIE
306: 
307: NIE
308: TAK
309: 
310: TAK
311: NIE
312: NIE
313: TAK
314: NIE
315: NIE
316: 
317: NIE
318: TAK
319: NIE
320: NIE
321: NIE
322: NIE
323: NIE
324: NIE
325: TAK
326: TAK
327: 
328: NIE
329: 
330: TAK
331: 860;wxhsnrqvkoytmzdesunzlxontlshr;18;12;bbafybmspbybtjonhbmkzzs;24;-11;hyytiaadiowlepozbykijvadddmye;2;-5;wbfuongjpjnsxlzdwlhjsvwzot
332: NIE
333: NIE
334: TAK
335: TAK
336: NIE
337: NIE
338: NIE
339: TAK
340: NIE
341: NIE
342: TAK
343: NIE
344: NIE
345: TAK
346: TAK
347: TAK
348: TAK
349: 
350: NIE
351: NIE
352: NIE
353: TAK
354: NIE
355: NIE
356: NIE
357: NIE
358: 860;wxhsnrqvkoytmzdesunzlxontlshr;18;12;bbafybmspbybtjonhbmkzzs;24;-11;hyytiaadiowlepozbykijvadddmye;2;-5;wbfuongjpjnsxlzdwlhjsvwzot
359: NIE
360: 
361: NIE
362: NIE
363: TAK
364: NIE
365: TAK
366: TAK
367: 697;tevprwaqlplwjsnfdaaui;1;1;wbfuongjpjnsxlzdwlhjsvwzot;6;3;wbkpqrjhpkncuxcodc
368: 
369: 
370: TAK
371: TAK
372: 
373: TAK
374: NIE
375: 48;ffmcrqqtvjxryqpaiaptzb;13;10;epgicwiscvukprsef;6;-13;sqjalnkjnfclnaognchsug;10;14;kntrfgkvdvlcoa;11;1;tevprwaqlplwjsnfdaaui;1;1;wbfuongjpjnsxlzdwlhjsvwzot;13;-5;lmelfonhrvwnga
376: 
377: NIE
378: NIE
379: NIE
380: TAK
381: TAK
382: NIE
383: 
384: NIE
385: NIE
386: 
387: TAK
388: NIE
389: 959;sddpwheeyvaazg;29;6;fptbxlgviqmzisg;19;5;bbafybmspbybtjonhbmkzzs;11;-10;ljkahtgorbotcukijfljsrgajubr;16;10;epgicwiscvukprsef;21;10;tpgtezshaupy;3;-15;wxhsnrqvkoytmzdesunzlxontlshr;23;-7;ffmcrqqtvjxryqpaiaptzb
390: NIE
391: NIE
392: 48;ffmcrqqtvjxryqpaiaptzb;13;10;epgicwiscvukprsef;6;-13;sqjalnkjnfclnaognchsug;10;14;kntrfgkvdvlcoa;11;1;tevprwaqlplwjsnfdaaui;1;1;wbfuongjpjnsxlzdwlhjsvwzot;13;-5;lmelfonhrvwnga
393: NIE
394: 
395: NIE
396: TAK
397: 
398: TAK
399: NIE
400: 
401: TAK
402: NIE
403: TAK
404: 
405: NIE
406: 650;bbafybmspbybtjonhbmkzzs;19;8;lmelfonhrvwnga
407: TAK
408: TAK
409: 
410: TAK
411: NIE
412: NIE
413: TAK
414: NIE
415: NIE
416: NIE
417: 299;oemyfuqdpiprtc;5;-7;fptbxlgviqmzisg;27;-11;lmelfonhrvwnga;13;-5;wbfuongjpjnsxlzdwlhjsvwzot;1;1;tevprwaqlplwjsnfdaaui
418: NIE
419: 
420: NIE
421: TAK
422: TAK
423: NIE
424: NIE
425: NIE
426: 
427: TAK
428: 
429: NIE
430: NIE
431: TAK
432: TAK
433: NIE
434: TAK
435: NIE
436: TAK
437: TAK
438: 
439: NIE
440: 592;ffmcrqqtvjxryqpaiaptzb;11;-9;brnfrqybglihasgzmqtewokviryd
441: NIE
442: 479;wbkpqrjhpkncuxcodc;23;10;epgicwiscvukprsef;16;10;ljkahtgorbotcukijfljsrgajubr
443: NIE
444: TAK
445: TAK
446: TAK
447: TAK
448: NIE
449: TAK
450: NIE
451: 528;hyytiaadiowlepozbykijvadddmye;24;-11;bbafybmspbybtjonhbmkzzs;19;8;lmelfonhrvwnga;13;-5;wbfuongjpjnsxlzdwlhjsvwzot;6;3;wbkpqrjhpkncuxcodc;1;15;wxhsnrqvkoytmzdesunzlxontlshr
452: 514;tevprwaqlplwjsnfdaaui;21;3;epgicwiscvukprsef;16;10;ljkahtgorbotcukijfljsrgajubr
453: NIE
454: NIE
455: TAK
456: TAK
457: NIE
458: TAK
459: TAK
460: NIE
461: NIE
462: TAK
463: TAK
464: NIE
465: NIE
466: NIE
467: NIE
468: 
469: TAK
470: 48;ffmcrqqtvjxryqpaiaptzb;13;10;epgicwiscvukprsef;6;9;sqjalnkjnfclnaognchsug;10;14;kntrfgkvdvlcoa;11;1;tevprwaqlplwjsnfdaaui;1;1;wbfuongjpjnsxlzdwlhjsvwzot;13;-5;lmelfonhrvwnga
471: TAK
472: 907;tevprwaqlplwjsnfdaaui;1;1;wbfuongjpjnsxlzdwlhjsvwzot;2;-5;hyytiaadiowlepozbykijvadddmye;24;-11;bbafybmspbybtjonhbmkzzs;19;5;fptbxlgviqmzisg;29;6;sddpwheeyvaazg
473: NIE
474: NIE
475: TAK
476: NIE
477: NIE
478: NIE
479: TAK
480: TAK
481: NIE
482: 
483: 
484: TAK
485: TAK
486: TAK
487: NIE
488: TAK
489: NIE
