1: TAK
2: TAK
3: 
4: NIE
5: NIE
6: NIE
7: NIE
8: TAK
9: NIE
10: NIE
11: NIE
12: NIE
13: NIE
14: TAK
15: 
16: NIE
17: NIE
18: 
19: NIE
20: NIE
21: NIE
22: 
23: NIE
24: NIE
25: NIE
26: 
27: NIE
28: NIE
29: TAK
30: NIE
31: NIE
32: 
33: NIE
34: TAK
35: NIE
36: NIE
37: NIE
38: NIE
39: 
40: NIE
41: NIE
42: NIE
43: TAK
44: NIE
45: NIE
46: NIE
47: TAK
48: NIE
49: TAK
50: NIE
51: NIE
52: TAK
53: 
54: NIE
55: NIE
56: NIE
57: TAK
58: NIE
59: NIE
60: TAK
61: NIE
62: TAK
63: NIE
64: NIE
65: TAK
66: NIE
67: 
68: NIE
69: NIE
70: NIE
71: NIE
72: NIE
73: NIE
74: TAK
75: NIE
76: NIE
77: TAK
78: NIE
79: NIE
80: NIE
81: TAK
82: TAK
83: TAK
84: 
85: TAK
86: NIE
87: NIE
88: NIE
89: TAK
90: TAK
91: NIE
92: 
93: NIE
94: NIE
95: TAK
96: 
97: 
98: NIE
99: 
100: NIE
101: TAK
102: TAK
103: 
104: TAK
105: NIE
106: 
107: NIE
108: NIE
109: NIE
110: 
111: NIE
112: NIE
113: NIE
114: NIE
115: NIE
116: 
117: 
118: NIE
119: TAK
120: NIE
121: NIE
122: TAK
123: NIE
124: TAK
125: NIE
126: TAK
127: NIE
128: TAK
129: NIE
130: NIE
131: NIE
132: NIE
133: 
134: TAK
135: 
136: TAK
137: 
138: NIE
139: NIE
140: 
141: NIE
142: NIE
143: 
144: NIE
145: NIE
146: NIE
147: TAK
148: 
149: NIE
150: NIE
151: NIE
152: NIE
153: 586;ewafjkguppyjxtvaew;1;5;dwwiqfwomknw;20;-7;vvmfrhplawfcabchkpqeefd
154: NIE
155: TAK
156: NIE
157: TAK
158: NIE
159: TAK
160: TAK
161: NIE
162: NIE
163: NIE
164: NIE
165: TAK
166: NIE
167: 
168: TAK
169: NIE
170: TAK
171: NIE
172: 
173: NIE
174: NIE
175: TAK
176: TAK
177: TAK
178: NIE
179: TAK
180: NIE
181: TAK
182: NIE
183: NIE
184: NIE
185: TAK
186: NIE
187: 
188: TAK
189: TAK
190: NIE
191: NIE
192: NIE
193: NIE
194: TAK
195: NIE
196: NIE
197: NIE
198: NIE
199: 
200: NIE
201: NIE
202: NIE
203: NIE
204: NIE
205: NIE
206: TAK
207: 229;iqcidmosebhd;6;-4;kszqyyywvypnomtxjbpraleekcj;18;13;bapqizwipuzprvq;25;6;ywpqyztkooqpxtw
208: 
209: NIE
210: NIE
211: TAK
212: TAK
213: TAK
214: NIE
215: NIE
216: 
217: NIE
218: TAK
219: NIE
220: NIE
221: NIE
222: NIE
223: NIE
224: NIE
225: 
226: NIE
227: TAK
228: NIE
229: NIE
230: NIE
231: 361;iqcidmosebhd;6;-4;kszqyyywvypnomtxjbpraleekcj;18;13;bapqizwipuzprvq;25;6;ywpqyztkooqpxtw;20;7;ewafjkguppyjxtvaew;1;5;dwwiqfwomknw;20;-7;vvmfrhplawfcabchkpqeefd;17;-12;uvodmvzchl
232: NIE
233: 
234: NIE
235: NIE
236: NIE
237: TAK
238: TAK
239: NIE
240: NIE
241: NIE
242: TAK
243: NIE
244: 
245: TAK
246: NIE
247: NIE
248: NIE
249: NIE
250: NIE
251: 361;iqcidmosebhd;6;-4;kszqyyywvypnomtxjbpraleekcj;18;13;bapqizwipuzprvq;25;6;ywpqyztkooqpxtw;20;7;ewafjkguppyjxtvaew;1;5;dwwiqfwomknw;20;-7;vvmfrhplawfcabchkpqeefd;17;-12;uvodmvzchl
252: NIE
253: NIE
254: 
255: TAK
256: TAK
257: NIE
258: TAK
259: NIE
260: NIE
261: NIE
262: NIE
263: NIE
264: NIE
265: 
266: TAK
267: NIE
268: TAK
269: NIE
270: 566;vvmfrhplawfcabchkpqeefd;20;-7;dwwiqfwomknw
271: NIE
272: TAK
273: NIE
274: TAK
275: NIE
276: NIE
277: TAK
278: NIE
279: NIE
280: TAK
281: NIE
282: NIE
283: TAK
284: TAK
285: TAK
286: TAK
287: NIE
288: TAK
289: TAK
290: NIE
291: NIE
292: 
293: NIE
294: 
295: NIE
296: TAK
297: NIE
298: 
299: NIE
300: TAK
301: 893;iqcidmosebhd;6;-4;kszqyyywvypnomtxjbpraleekcj;8;-4;vvmfrhplawfcabchkpqeefd;20;-7;dwwiqfwomknw;25;1;qxisafltwqapcwcpx;11;-11;iieyqwraxuzmd
302: TAK
303: TAK
304: TAK
305: TAK
306: TAK
307: TAK
308: TAK
309: 
310: TAK
311: NIE
312: 15;ywpqyztkooqpxtw;20;7;ewafjkguppyjxtvaew;1;5;dwwiqfwomknw;25;11;tlsdlplclm
313: NIE
314: NIE
315: NIE
316: TAK
317: 
318: NIE
319: TAK
320: NIE
321: NIE
322: TAK
323: TAK
324: NIE
325: 
326: NIE
327: TAK
328: NIE
329: 
330: 
331: NIE
332: NIE
333: NIE
334: NIE
335: NIE
336: 385;wytyjxcvbl;24;13;ywpqyztkooqpxtw;25;6;bapqizwipuzprvq;18;13;kszqyyywvypnomtxjbpraleekcj;8;-4;vvmfrhplawfcabchkpqeefd;17;-12;uvodmvzchl;22;14;dwwiqfwomknw;9;-2;iieyqwraxuzmd;3;-2;xwleyyddtp;15;-1;zlcgcugvmdkzzpzkiwtkurfs;20;-3;waliepskpxetxh
337: TAK
338: 
339: TAK
340: NIE
341: TAK
342: NIE
343: TAK
344: NIE
345: 
346: NIE
347: TAK
348: NIE
349: NIE
350: NIE
351: TAK
352: TAK
353: 586;wytyjxcvbl;24;13;ywpqyztkooqpxtw;20;7;ewafjkguppyjxtvaew;1;5;dwwiqfwomknw;20;-7;vvmfrhplawfcabchkpqeefd
354: NIE
355: NIE
356: NIE
357: NIE
358: NIE
359: TAK
360: TAK
361: TAK
362: TAK
363: NIE
364: TAK
365: TAK
366: 361;iqcidmosebhd;6;-4;kszqyyywvypnomtxjbpraleekcj;6;1;cymecigxfucybtlbpqfrrizdzphfw;7;9;bapqizwipuzprvq;25;6;ywpqyztkooqpxtw;20;7;ewafjkguppyjxtvaew;1;5;dwwiqfwomknw;20;-7;vvmfrhplawfcabchkpqeefd;17;-12;uvodmvzchl
367: NIE
368: TAK
369: TAK
370: NIE
371: TAK
372: NIE
373: TAK
374: NIE
375: TAK
376: 
377: 
378: 733;dwwiqfwomknw;1;5;ewafjkguppyjxtvaew;20;7;ywpqyztkooqpxtw;25;6;bapqizwipuzprvq;7;9;cymecigxfucybtlbpqfrrizdzphfw;6;1;kszqyyywvypnomtxjbpraleekcj;8;-4;vvmfrhplawfcabchkpqeefd
379: NIE
380: 
381: NIE
382: NIE
383: NIE
384: NIE
385: TAK
386: NIE
387: TAK
388: TAK
389: NIE
390: TAK
391: NIE
392: TAK
393: NIE
394: NIE
395: TAK
396: 
397: TAK
398: TAK
399: 
400: 
401: TAK
402: NIE
403: TAK
404: NIE
405: TAK
406: NIE
407: NIE
408: TAK
409: 168;ddfclzcskwpcyggxiywassovejwiq;27;5;vvmfrhplawfcabchkpqeefd;8;-4;kszqyyywvypnomtxjbpraleekcj;17;3;wytyjxcvbl
410: TAK
411: TAK
412: NIE
413: TAK
414: TAK
415: TAK
416: NIE
417: NIE
418: NIE
419: TAK
420: NIE
421: 805;waliepskpxetxh;13;2;dwwiqfwomknw;9;-2;iieyqwraxuzmd;11;-11;qxisafltwqapcwcpx;16;6;iqcidmosebhd;6;-4;kszqyyywvypnomtxjbpraleekcj;8;-4;vvmfrhplawfcabchkpqeefd;27;5;ddfclzcskwpcyggxiywassovejwiq
422: TAK
423: NIE
424: TAK
425: 284;ddfclzcskwpcyggxiywassovejwiq;27;5;vvmfrhplawfcabchkpqeefd;8;-4;kszqyyywvypnomtxjbpraleekcj;6;1;cymecigxfucybtlbpqfrrizdzphfw
426: NIE
427: 
428: TAK
429: NIE
430: NIE
431: NIE
432: NIE
433: TAK
434: 
435: TAK
436: NIE
437: TAK
438: NIE
439: TAK
440: NIE
441: 20;cymecigxfucybtlbpqfrrizdzphfw;6;1;kszqyyywvypnomtxjbpraleekcj;8;-4;vvmfrhplawfcabchkpqeefd;8;2;iieyqwraxuzmd;3;-2;xwleyyddtp
442: TAK
443: NIE
444: NIE
445: NIE
446: TAK
447: 531;cymecigxfucybtlbpqfrrizdzphfw;6;1;kszqyyywvypnomtxjbpraleekcj;8;-4;vvmfrhplawfcabchkpqeefd;8;2;iieyqwraxuzmd;3;-2;xwleyyddtp;15;-1;zlcgcugvmdkzzpzkiwtkurfs
448: TAK
449: 663;xyqhqrxrqvnlveajrvi;13;14;cymecigxfucybtlbpqfrrizdzphfw;6;1;kszqyyywvypnomtxjbpraleekcj;6;-4;iqcidmosebhd;12;11;waliepskpxetxh;13;2;dwwiqfwomknw;25;11;tlsdlplclm
450: NIE
451: NIE
452: 
453: TAK
454: NIE
455: NIE
456: 937;wytyjxcvbl;9;2;uvodmvzchl;27;15;xwleyyddtp;15;-1;zlcgcugvmdkzzpzkiwtkurfs
457: TAK
458: 619;xwleyyddtp;3;-2;iieyqwraxuzmd;8;2;vvmfrhplawfcabchkpqeefd;8;-4;kszqyyywvypnomtxjbpraleekcj;6;-4;iqcidmosebhd;4;-13;dwwiqfwomknw;13;2;waliepskpxetxh;19;-15;ewafjkguppyjxtvaew;20;7;ywpqyztkooqpxtw
459: TAK
460: 
461: NIE
462: TAK
463: TAK
464: TAK
465: TAK
466: NIE
467: TAK
468: 421;dwwiqfwomknw;20;-7;vvmfrhplawfcabchkpqeefd;8;-4;kszqyyywvypnomtxjbpraleekcj;6;1;cymecigxfucybtlbpqfrrizdzphfw;13;14;xyqhqrxrqvnlveajrvi
469: 
470: NIE
471: NIE
472: NIE
473: NIE
474: NIE
475: TAK
476: TAK
477: TAK
478: NIE
479: TAK
480: TAK
481: TAK
482: TAK
483: NIE
484: 531;cymecigxfucybtlbpqfrrizdzphfw;6;1;kszqyyywvypnomtxjbpraleekcj;8;-4;vvmfrhplawfcabchkpqeefd;8;2;iieyqwraxuzmd;3;-2;xwleyyddtp;15;-1;zlcgcugvmdkzzpzkiwtkurfs
485: NIE
486: NIE
