1: NIE
2: TAK
3: NIE
4: NIE
5: NIE
6: 
7: 
8: 
9: TAK
10: TAK
11: 
12: TAK
13: 
14: 
15: NIE
16: NIE
17: NIE
18: TAK
19: NIE
20: 
21: NIE
22: NIE
23: NIE
24: NIE
25: NIE
26: NIE
27: 
28: NIE
29: 
30: TAK
31: NIE
32: 
33: NIE
34: NIE
35: NIE
36: 
37: NIE
38: NIE
39: NIE
40: NIE
41: NIE
42: NIE
43: TAK
44: NIE
45: NIE
46: NIE
47: NIE
48: TAK
49: NIE
50: NIE
51: NIE
52: NIE
53: NIE
54: NIE
55: 
56: TAK
57: NIE
58: NIE
59: NIE
60: NIE
61: 
62: NIE
63: NIE
64: NIE
65: NIE
66: NIE
67: NIE
68: 
69: 
70: 
71: TAK
72: 
73: NIE
74: TAK
75: NIE
76: TAK
77: NIE
78: TAK
79: TAK
80: NIE
81: 
82: TAK
83: TAK
84: TAK
85: 
86: NIE
87: NIE
88: TAK
89: TAK
90: NIE
91: NIE
92: TAK
93: NIE
94: NIE
95: NIE
96: NIE
97: NIE
98: NIE
99: 
100: TAK
101: NIE
102: NIE
103: NIE
104: NIE
105: TAK
106: NIE
107: NIE
108: 
109: TAK
110: TAK
111: NIE
112: 
113: TAK
114: NIE
115: NIE
116: TAK
117: 107;cthwhdwpxscggoyya;23;4;fhdbzfbpmjdsestjecrlzynb;4;1;xrbhhgmqlqrqrheckygcrpivguv;15;11;mlbwdipmfti;26;-10;uvcjqsjuxzkshrg
118: NIE
119: NIE
120: 
121: NIE
122: NIE
123: TAK
124: TAK
125: 
126: NIE
127: TAK
128: NIE
129: NIE
130: NIE
131: TAK
132: NIE
133: NIE
134: TAK
135: NIE
136: NIE
137: TAK
138: TAK
139: 
140: NIE
141: NIE
142: NIE
143: NIE
144: NIE
145: TAK
146: 
147: NIE
148: TAK
149: NIE
150: NIE
151: TAK
152: NIE
153: 
154: TAK
155: TAK
156: 
157: NIE
158: NIE
159: TAK
160: NIE
161: TAK
162: 
163: TAK
164: NIE
165: NIE
166: NIE
167: NIE
168: 
169: NIE
170: NIE
171: 631;xrbhhgmqlqrqrheckygcrpivguv;29;-6;yiwdcmlxuhub;10;-4;mlbwdipmfti;26;-10;uvcjqsjuxzkshrg
172: 
173: 886;yiwdcmlxuhub;10;-4;mlbwdipmfti;26;-10;uvcjqsjuxzkshrg
174: NIE
175: NIE
176: NIE
177: TAK
178: NIE
179: TAK
180: NIE
181: NIE
182: NIE
183: 
184: NIE
185: 
186: TAK
187: NIE
188: NIE
189: NIE
190: 
191: 
192: TAK
193: NIE
194: NIE
195: NIE
196: TAK
197: 
198: NIE
199: TAK
200: NIE
201: NIE
202: NIE
203: NIE
204: 
205: TAK
206: TAK
207: TAK
208: 886;yiwdcmlxuhub;10;-4;mlbwdipmfti;26;-10;uvcjqsjuxzkshrg
209: NIE
210: NIE
211: TAK
212: NIE
213: TAK
214: NIE
215: 
216: 
217: NIE
218: NIE
219: NIE
220: TAK
221: NIE
222: NIE
223: NIE
224: NIE
225: NIE
226: 
227: NIE
228: TAK
229: NIE
230: NIE
231: NIE
232: TAK
233: TAK
234: TAK
235: TAK
236: TAK
237: NIE
238: TAK
239: NIE
240: 
241: 702;cthwhdwpxscggoyya;21;14;phkvubzmulkih;18;-2;yiwdcmlxuhub;10;-4;mlbwdipmfti
242: TAK
243: NIE
244: 986;phkvubzmulkih;16;5;uvcjqsjuxzkshrg;16;-3;vrwwqaxohilg
245: TAK
246: 703;fhdbzfbpmjdsestjecrlzynb;6;-6;uvcjqsjuxzkshrg
247: NIE
248: NIE
249: TAK
250: TAK
251: NIE
252: TAK
253: NIE
254: TAK
255: TAK
256: NIE
257: TAK
258: NIE
259: 
260: TAK
261: TAK
262: 
263: 139;phkvubzmulkih;16;5;uvcjqsjuxzkshrg;6;-6;fhdbzfbpmjdsestjecrlzynb
264: TAK
265: NIE
266: NIE
267: TAK
268: NIE
269: TAK
270: TAK
271: NIE
272: NIE
273: NIE
274: TAK
275: TAK
276: TAK
277: NIE
278: TAK
279: 
280: 
281: NIE
282: NIE
283: TAK
284: NIE
285: TAK
286: NIE
287: TAK
288: NIE
289: 
290: TAK
291: NIE
292: NIE
293: TAK
294: NIE
295: 11;fhdbzfbpmjdsestjecrlzynb;6;-6;uvcjqsjuxzkshrg;16;-3;vrwwqaxohilg
296: NIE
297: 246;buwmtbqfopbwmcpgztqsn;6;2;mlbwdipmfti;26;-10;uvcjqsjuxzkshrg;6;-6;fhdbzfbpmjdsestjecrlzynb
298: TAK
299: 
300: TAK
301: 971;buwmtbqfopbwmcpgztqsn;6;2;mlbwdipmfti;10;-4;yiwdcmlxuhub;18;-2;phkvubzmulkih;29;2;fyafenpeqtjymwqfrgw;17;1;giaorecsppzesxwforxgcxcfdmc
302: TAK
303: NIE
304: NIE
305: TAK
306: NIE
307: TAK
308: 
309: NIE
310: NIE
311: NIE
312: TAK
313: 
314: NIE
315: TAK
316: TAK
317: NIE
318: NIE
319: NIE
320: NIE
321: TAK
322: NIE
323: NIE
324: NIE
325: NIE
326: NIE
327: NIE
328: NIE
329: 931;uvcjqsjuxzkshrg;16;5;phkvubzmulkih;18;-2;yiwdcmlxuhub
330: TAK
331: NIE
332: NIE
333: NIE
334: NIE
335: NIE
336: NIE
337: TAK
338: TAK
339: NIE
340: 
341: NIE
342: TAK
343: NIE
344: 986;yiwdcmlxuhub;18;-2;phkvubzmulkih;16;5;uvcjqsjuxzkshrg;16;-3;vrwwqaxohilg
345: 345;yiwdcmlxuhub;10;-4;mlbwdipmfti;26;-10;uvcjqsjuxzkshrg
346: 
347: NIE
348: TAK
349: TAK
350: 
351: NIE
352: NIE
353: TAK
354: NIE
355: NIE
356: 559;xrbhhgmqlqrqrheckygcrpivguv;4;1;fhdbzfbpmjdsestjecrlzynb
357: NIE
358: NIE
359: NIE
360: TAK
361: 886;yiwdcmlxuhub;10;-4;mlbwdipmfti;26;-10;uvcjqsjuxzkshrg
362: TAK
363: NIE
364: TAK
365: TAK
366: TAK
367: 55;fhdbzfbpmjdsestjecrlzynb;6;-6;uvcjqsjuxzkshrg;26;-10;mlbwdipmfti;6;2;buwmtbqfopbwmcpgztqsn;26;14;vzybjysbcuvu
368: TAK
369: TAK
370: NIE
371: NIE
372: 107;cthwhdwpxscggoyya;23;4;fhdbzfbpmjdsestjecrlzynb;4;1;xrbhhgmqlqrqrheckygcrpivguv;29;-6;yiwdcmlxuhub;10;-4;mlbwdipmfti;26;-10;uvcjqsjuxzkshrg
373: TAK
374: 845;mlbwdipmfti;6;2;buwmtbqfopbwmcpgztqsn;29;8;fyafenpeqtjymwqfrgw;17;1;giaorecsppzesxwforxgcxcfdmc
375: TAK
376: NIE
377: TAK
378: NIE
379: TAK
380: TAK
381: 
382: NIE
383: 793;uygtwnjnmqqlsxrezzbzxfixx;15;10;phkvubzmulkih;29;2;fyafenpeqtjymwqfrgw
384: TAK
385: TAK
386: TAK
387: NIE
388: TAK
389: NIE
390: NIE
391: TAK
392: NIE
393: TAK
394: TAK
395: TAK
396: TAK
397: NIE
398: TAK
399: NIE
400: NIE
401: 257;giaorecsppzesxwforxgcxcfdmc;17;1;fyafenpeqtjymwqfrgw;29;2;phkvubzmulkih;16;5;uvcjqsjuxzkshrg;6;-6;fhdbzfbpmjdsestjecrlzynb;19;13;drtchrcgzrf;27;10;hbexivmkryoifqd
402: 230;giaorecsppzesxwforxgcxcfdmc;23;7;xrbhhgmqlqrqrheckygcrpivguv
403: TAK
404: TAK
405: NIE
406: NIE
407: TAK
408: TAK
409: NIE
410: NIE
411: TAK
412: TAK
413: TAK
414: NIE
415: 390;phkvubzmulkih;8;-11;vrwwqaxohilg;3;4;xrbhhgmqlqrqrheckygcrpivguv;4;1;fhdbzfbpmjdsestjecrlzynb;19;13;drtchrcgzrf
416: NIE
417: TAK
418: NIE
419: NIE
420: TAK
421: TAK
422: TAK
423: TAK
424: TAK
425: 265;nzcliihxfazniomiq;4;7;phkvubzmulkih;21;14;cthwhdwpxscggoyya;24;-3;oblkeodyqkrssqlzvagivdjx;3;-13;fhdbzfbpmjdsestjecrlzynb;4;1;xrbhhgmqlqrqrheckygcrpivguv;29;-6;yiwdcmlxuhub;10;-4;mlbwdipmfti;26;-10;uvcjqsjuxzkshrg;16;-3;vrwwqaxohilg
426: NIE
427: TAK
428: NIE
429: NIE
430: 
431: TAK
432: NIE
433: TAK
434: TAK
435: NIE
436: TAK
437: TAK
438: NIE
439: TAK
440: 623;vzybjysbcuvu;26;14;buwmtbqfopbwmcpgztqsn;6;2;mlbwdipmfti;10;-4;yiwdcmlxuhub;18;-2;phkvubzmulkih;29;15;fyafenpeqtjymwqfrgw
441: NIE
442: TAK
443: TAK
444: NIE
445: TAK
446: NIE
447: TAK
448: 
449: 556;vrwwqaxohilg;8;-11;phkvubzmulkih;4;7;nzcliihxfazniomiq
450: 
451: TAK
452: TAK
453: TAK
454: NIE
455: 559;xrbhhgmqlqrqrheckygcrpivguv;4;1;fhdbzfbpmjdsestjecrlzynb
456: 
457: TAK
458: NIE
459: NIE
460: TAK
461: NIE
462: TAK
463: NIE
464: TAK
465: TAK
466: 931;uvcjqsjuxzkshrg;16;5;phkvubzmulkih;18;-2;yiwdcmlxuhub
467: TAK
468: TAK
469: NIE
470: 961;drtchrcgzrf;19;13;fhdbzfbpmjdsestjecrlzynb;6;15;uvcjqsjuxzkshrg;3;7;buwmtbqfopbwmcpgztqsn
471: TAK
472: TAK
473: NIE
474: TAK
475: NIE
476: TAK
477: NIE
478: TAK
479: TAK
480: TAK
481: TAK
482: NIE
483: 257;giaorecsppzesxwforxgcxcfdmc;17;1;fyafenpeqtjymwqfrgw;29;8;buwmtbqfopbwmcpgztqsn;6;2;mlbwdipmfti;15;-8;phkvubzmulkih;16;5;uvcjqsjuxzkshrg;6;15;fhdbzfbpmjdsestjecrlzynb;19;13;drtchrcgzrf;27;10;hbexivmkryoifqd
484: NIE
485: 
486: TAK
487: NIE
488: TAK
489: NIE
