1: NIE
2: 
3: NIE
4: 
5: NIE
6: NIE
7: NIE
8: NIE
9: NIE
10: NIE
11: NIE
12: NIE
13: NIE
14: NIE
15: 
16: 
17: TAK
18: TAK
19: NIE
20: TAK
21: NIE
22: 
23: NIE
24: NIE
25: NIE
26: TAK
27: 
28: TAK
29: TAK
30: 
31: TAK
32: NIE
33: NIE
34: TAK
35: NIE
36: NIE
37: 
38: NIE
39: NIE
40: 
41: TAK
42: NIE
43: TAK
44: NIE
45: NIE
46: 
47: 
48: TAK
49: NIE
50: NIE
51: 
52: TAK
53: TAK
54: NIE
55: NIE
56: NIE
57: TAK
58: 
59: NIE
60: 
61: 
62: 
63: NIE
64: NIE
65: NIE
66: 
67: NIE
68: 
69: NIE
70: TAK
71: NIE
72: NIE
73: NIE
74: TAK
75: NIE
76: NIE
77: TAK
78: NIE
79: NIE
80: TAK
81: NIE
82: NIE
83: NIE
84: NIE
85: NIE
86: NIE
87: NIE
88: 
89: NIE
90: TAK
91: 
92: NIE
93: 216;sfdwxzgrbaonnbsoirnpw;18;3;cgjurafxef;6;-10;baiuyzsvqir
94: NIE
95: 297;wmmdukjnlkqdb;12;-14;cgjurafxef;18;3;sfdwxzgrbaonnbsoirnpw;14;4;thmcddekckpoqnsszzfhhmhoj;11;10;qazvdsepwjucuw
96: NIE
97: NIE
98: NIE
99: TAK
100: NIE
101: NIE
102: NIE
103: NIE
104: TAK
105: NIE
106: NIE
107: NIE
108: NIE
109: TAK
110: TAK
111: NIE
112: 
113: 
114: TAK
115: NIE
116: TAK
117: NIE
118: NIE
119: 297;wmmdukjnlkqdb;12;-14;cgjurafxef;18;3;sfdwxzgrbaonnbsoirnpw;14;4;thmcddekckpoqnsszzfhhmhoj;11;10;qazvdsepwjucuw
120: TAK
121: NIE
122: NIE
123: NIE
124: NIE
125: 
126: TAK
127: TAK
128: NIE
129: TAK
130: TAK
131: 
132: NIE
133: TAK
134: NIE
135: NIE
136: NIE
137: TAK
138: NIE
139: NIE
140: 855;qazvdsepwjucuw;11;10;thmcddekckpoqnsszzfhhmhoj;14;4;sfdwxzgrbaonnbsoirnpw;18;3;cgjurafxef;12;-14;wmmdukjnlkqdb;6;-13;cjpsinfurbfaqsngvogtfartx
141: NIE
142: TAK
143: NIE
144: 
145: NIE
146: TAK
147: NIE
148: 
149: NIE
150: TAK
151: NIE
152: NIE
153: TAK
154: NIE
155: 
156: NIE
157: NIE
158: NIE
159: TAK
160: NIE
161: NIE
162: NIE
163: 
164: NIE
165: 216;sfdwxzgrbaonnbsoirnpw;18;3;cgjurafxef;6;-10;baiuyzsvqir
166: NIE
167: NIE
168: NIE
169: TAK
170: TAK
171: NIE
172: 
173: TAK
174: TAK
175: 
176: NIE
177: NIE
178: TAK
179: NIE
180: TAK
181: NIE
182: NIE
183: NIE
184: NIE
185: NIE
186: TAK
187: 
188: NIE
189: TAK
190: NIE
191: TAK
192: NIE
193: TAK
194: 
195: TAK
196: 396;rjzjmzzcpawdios;28;4;cjpsinfurbfaqsngvogtfartx;10;12;gxezkeligfxhwnapdd
197: TAK
198: TAK
199: NIE
200: 
201: TAK
202: NIE
203: NIE
204: NIE
205: TAK
206: 
207: 
208: NIE
209: NIE
210: NIE
211: TAK
212: TAK
213: TAK
214: TAK
215: TAK
216: 
217: 
218: TAK
219: NIE
220: NIE
221: NIE
222: NIE
223: NIE
224: TAK
225: TAK
226: NIE
227: 713;vudrvdzbkrlxoi;6;9;fmhcpyxuxahpoefwnffwgtazb;21;12;cjpsinfurbfaqsngvogtfartx;6;-13;wmmdukjnlkqdb
228: 
229: TAK
230: NIE
231: NIE
232: NIE
233: TAK
234: NIE
235: NIE
236: TAK
237: TAK
238: TAK
239: TAK
240: TAK
241: TAK
242: TAK
243: NIE
244: NIE
245: TAK
246: NIE
247: 216;sfdwxzgrbaonnbsoirnpw;18;3;cgjurafxef;6;-10;baiuyzsvqir
248: 
249: NIE
250: NIE
251: TAK
252: NIE
253: TAK
254: NIE
255: NIE
256: TAK
257: NIE
258: NIE
259: NIE
260: NIE
261: NIE
262: TAK
263: NIE
264: NIE
265: TAK
266: NIE
267: TAK
268: NIE
269: NIE
270: NIE
271: NIE
272: NIE
273: NIE
274: 
275: NIE
276: NIE
277: 673;yvroutxlmfztcqujskbfqywy;13;6;wmmdukjnlkqdb;12;-14;cgjurafxef;18;3;sfdwxzgrbaonnbsoirnpw;14;4;thmcddekckpoqnsszzfhhmhoj;19;-7;wouwovzfxyq;4;1;vudrvdzbkrlxoi;6;9;fmhcpyxuxahpoefwnffwgtazb
278: TAK
279: TAK
280: NIE
281: 
282: TAK
283: NIE
284: NIE
285: NIE
286: TAK
287: 963;cgjurafxef;12;-14;wmmdukjnlkqdb;13;6;yvroutxlmfztcqujskbfqywy;3;-11;lldafxzgchnroeakua
288: 
289: NIE
290: NIE
291: TAK
292: TAK
293: 
294: NIE
295: TAK
296: NIE
297: NIE
298: NIE
299: TAK
300: 
301: NIE
302: NIE
303: NIE
304: NIE
305: NIE
306: TAK
307: NIE
308: NIE
309: 
310: NIE
311: TAK
312: 
313: TAK
314: 
315: 
316: 639;qazvdsepwjucuw;26;-8;wouwovzfxyq;4;1;vudrvdzbkrlxoi;6;9;fmhcpyxuxahpoefwnffwgtazb;21;12;cjpsinfurbfaqsngvogtfartx;10;12;gxezkeligfxhwnapdd
317: TAK
318: NIE
319: TAK
320: NIE
321: NIE
322: NIE
323: NIE
324: NIE
325: NIE
326: 240;gxezkeligfxhwnapdd;10;12;cjpsinfurbfaqsngvogtfartx;28;4;rjzjmzzcpawdios
327: 951;cnkgnwdpfvuk;9;-1;baiuyzsvqir;6;-10;cgjurafxef;12;-14;wmmdukjnlkqdb;6;-13;cjpsinfurbfaqsngvogtfartx
328: 348;yvroutxlmfztcqujskbfqywy;3;-11;lldafxzgchnroeakua;27;-6;vudrvdzbkrlxoi
329: NIE
330: 950;qazvdsepwjucuw;26;-8;wouwovzfxyq;19;-7;thmcddekckpoqnsszzfhhmhoj;14;4;sfdwxzgrbaonnbsoirnpw;18;3;cgjurafxef;12;-14;wmmdukjnlkqdb;13;6;yvroutxlmfztcqujskbfqywy
331: TAK
332: NIE
333: NIE
334: TAK
335: TAK
336: TAK
337: TAK
338: 
339: TAK
340: NIE
341: NIE
342: NIE
343: NIE
344: TAK
345: NIE
346: NIE
347: 
348: NIE
349: 950;qazvdsepwjucuw;26;-8;wouwovzfxyq;19;-7;thmcddekckpoqnsszzfhhmhoj;14;4;sfdwxzgrbaonnbsoirnpw;18;3;cgjurafxef;12;-14;wmmdukjnlkqdb;13;6;yvroutxlmfztcqujskbfqywy
350: NIE
351: NIE
352: NIE
353: TAK
354: TAK
355: NIE
356: TAK
357: TAK
358: NIE
359: TAK
360: TAK
361: NIE
362: NIE
363: 
364: TAK
365: TAK
366: NIE
367: TAK
368: 458;rjzjmzzcpawdios;22;-11;gxezkeligfxhwnapdd;1;-3;qazvdsepwjucuw
369: NIE
370: NIE
371: NIE
372: TAK
373: TAK
374: TAK
375: NIE
376: NIE
377: 533;yvroutxlmfztcqujskbfqywy;13;6;wmmdukjnlkqdb;6;-13;cjpsinfurbfaqsngvogtfartx;21;12;fmhcpyxuxahpoefwnffwgtazb;6;9;vudrvdzbkrlxoi;4;1;wouwovzfxyq;19;-7;thmcddekckpoqnsszzfhhmhoj;11;10;qazvdsepwjucuw
378: NIE
379: NIE
380: TAK
381: TAK
382: TAK
383: NIE
384: NIE
385: NIE
386: NIE
387: TAK
388: NIE
389: TAK
390: NIE
391: NIE
392: NIE
393: NIE
394: NIE
395: 182;thmcddekckpoqnsszzfhhmhoj;14;4;yvroutxlmfztcqujskbfqywy;13;6;wmmdukjnlkqdb
396: TAK
397: NIE
398: 197;wouwovzfxyq;4;1;vudrvdzbkrlxoi;27;-6;lldafxzgchnroeakua;21;-12;rjzjmzzcpawdios
399: TAK
400: 
401: NIE
402: NIE
403: NIE
404: NIE
405: NIE
406: TAK
407: 
408: NIE
409: 295;vudrvdzbkrlxoi;4;1;wouwovzfxyq;19;-7;thmcddekckpoqnsszzfhhmhoj;14;4;sfdwxzgrbaonnbsoirnpw;18;3;cgjurafxef
410: 252;yvroutxlmfztcqujskbfqywy;13;6;wmmdukjnlkqdb;6;-13;cjpsinfurbfaqsngvogtfartx;28;4;rjzjmzzcpawdios;21;-12;lldafxzgchnroeakua;27;-6;vudrvdzbkrlxoi;4;1;wouwovzfxyq;19;-7;thmcddekckpoqnsszzfhhmhoj
411: NIE
412: NIE
413: NIE
414: NIE
415: TAK
416: TAK
417: NIE
418: TAK
419: NIE
420: TAK
421: TAK
422: NIE
423: NIE
424: TAK
425: TAK
426: TAK
427: TAK
428: TAK
429: NIE
430: NIE
431: NIE
432: NIE
433: NIE
434: 682;cgjurafxef;6;-10;baiuyzsvqir;2;-12;vudrvdzbkrlxoi;4;1;wouwovzfxyq
435: 182;thmcddekckpoqnsszzfhhmhoj;14;4;yvroutxlmfztcqujskbfqywy;13;6;wmmdukjnlkqdb
436: 553;rjzjmzzcpawdios;28;4;cjpsinfurbfaqsngvogtfartx;10;12;gxezkeligfxhwnapdd
437: TAK
438: NIE
439: TAK
440: TAK
441: TAK
442: NIE
443: NIE
444: NIE
445: NIE
446: NIE
447: NIE
448: NIE
449: TAK
450: TAK
451: TAK
452: 948;thmcddekckpoqnsszzfhhmhoj;6;-2;ajgalctirofzw;16;7;fmhcpyxuxahpoefwnffwgtazb
453: TAK
454: NIE
455: NIE
456: TAK
457: 437;ajgalctirofzw;16;7;fmhcpyxuxahpoefwnffwgtazb;8;-2;baiuyzsvqir;6;-10;cgjurafxef
458: TAK
459: TAK
460: TAK
461: TAK
462: TAK
463: NIE
464: 626;pjtluyxbapazlzcsqq;1;-13;thmcddekckpoqnsszzfhhmhoj;11;10;qazvdsepwjucuw;2;-11;fmhcpyxuxahpoefwnffwgtazb;6;9;vudrvdzbkrlxoi;2;-12;baiuyzsvqir;6;-10;cgjurafxef;12;-14;wmmdukjnlkqdb;15;3;rjzjmzzcpawdios
465: NIE
466: TAK
467: TAK
468: TAK
469: 
470: TAK
471: TAK
472: 580;thmcddekckpoqnsszzfhhmhoj;14;4;yvroutxlmfztcqujskbfqywy;20;8;baiuyzsvqir;9;-1;cnkgnwdpfvuk
473: NIE
474: NIE
475: NIE
476: NIE
477: TAK
478: TAK
479: 252;yvroutxlmfztcqujskbfqywy;13;6;wmmdukjnlkqdb;6;-13;cjpsinfurbfaqsngvogtfartx;28;4;rjzjmzzcpawdios;21;-12;lldafxzgchnroeakua;27;-6;vudrvdzbkrlxoi;4;1;wouwovzfxyq;19;-7;thmcddekckpoqnsszzfhhmhoj
480: NIE
481: NIE
482: TAK
483: NIE
484: NIE
485: NIE
486: NIE
487: NIE
488: NIE
489: NIE
490: TAK
491: NIE
