1: NIE
2: NIE
3: NIE
4: NIE
5: 
6: 
7: NIE
8: NIE
9: 
10: TAK
11: NIE
12: TAK
13: NIE
14: NIE
15: TAK
16: TAK
17: NIE
18: NIE
19: NIE
20: NIE
21: TAK
22: NIE
23: NIE
24: NIE
25: 
26: NIE
27: NIE
28: 
29: NIE
30: NIE
31: NIE
32: NIE
33: NIE
34: TAK
35: NIE
36: 
37: NIE
38: NIE
39: NIE
40: NIE
41: TAK
42: NIE
43: NIE
44: 
45: NIE
46: TAK
47: NIE
48: TAK
49: TAK
50: NIE
51: NIE
52: NIE
53: TAK
54: TAK
55: NIE
56: 
57: NIE
