1: NIE
2: NIE
3: NIE
4: NIE
5: TAK
6: NIE
7: 
8: NIE
9: NIE
10: NIE
11: NIE
12: NIE
13: 
14: 
15: NIE
16: TAK
17: NIE
18: 
19: TAK
20: NIE
21: NIE
22: NIE
23: NIE
24: NIE
25: TAK
26: NIE
27: 
28: NIE
29: TAK
30: NIE
31: NIE
32: NIE
33: NIE
34: TAK
35: NIE
36: NIE
37: NIE
38: TAK
39: 
40: NIE
41: 311;nypptyujjhhfvqhwrunrwvfmzmis;10;4;gvlfdzgbyrziapqmiqwxkzg;18;-13;ryafoqcewtjl
42: NIE
43: TAK
44: NIE
45: NIE
46: NIE
47: NIE
48: NIE
49: NIE
50: NIE
51: TAK
52: 
53: NIE
54: 
55: NIE
56: TAK
57: NIE
58: NIE
