1: 
2: NIE
3: 
4: NIE
5: NIE
6: TAK
7: 
8: NIE
9: 
10: NIE
11: TAK
12: TAK
13: TAK
14: NIE
15: NIE
16: NIE
17: NIE
18: 
19: NIE
20: 
21: NIE
22: 
23: TAK
24: NIE
25: NIE
26: TAK
27: NIE
28: NIE
29: 
30: NIE
31: TAK
32: NIE
33: NIE
34: TAK
35: NIE
36: TAK
37: TAK
38: NIE
39: NIE
40: NIE
41: NIE
42: 
43: TAK
44: TAK
45: NIE
46: 
47: 
48: TAK
49: 
50: NIE
51: NIE
52: NIE
53: NIE
54: NIE
55: NIE
