1: TAK
2: TAK
3: NIE
4: NIE
5: 
6: TAK
7: NIE
8: TAK
9: TAK
10: NIE
11: NIE
12: 
13: NIE
14: NIE
15: NIE
16: NIE
17: NIE
18: NIE
19: TAK
20: NIE
21: NIE
22: NIE
23: NIE
24: NIE
25: NIE
26: NIE
27: NIE
28: TAK
29: NIE
30: 
31: NIE
32: NIE
33: 
34: NIE
35: TAK
36: TAK
37: NIE
38: NIE
39: TAK
40: 
41: NIE
42: TAK
43: NIE
44: NIE
45: TAK
46: NIE
47: TAK
48: NIE
49: 
50: NIE
51: NIE
52: NIE
53: 
54: NIE
55: TAK
56: TAK
57: NIE
58: NIE
59: NIE
