1: NIE
2: NIE
3: NIE
4: NIE
5: TAK
6: 
7: 
8: NIE
9: NIE
10: 
11: TAK
12: TAK
13: NIE
14: NIE
15: TAK
16: 
17: NIE
18: NIE
19: NIE
20: NIE
21: NIE
22: NIE
23: 
24: NIE
25: TAK
26: NIE
27: NIE
28: NIE
29: NIE
30: NIE
31: 
32: NIE
33: NIE
34: NIE
35: 
36: TAK
37: NIE
38: NIE
39: NIE
40: NIE
41: NIE
42: NIE
43: NIE
44: NIE
45: NIE
46: 
47: NIE
48: NIE
49: NIE
50: NIE
51: TAK
52: NIE
53: NIE
54: NIE
55: TAK
56: NIE
57: TAK
58: NIE
