1: NIE
2: NIE
3: TAK
4: TAK
5: TAK
6: 
7: NIE
8: NIE
9: NIE
10: TAK
11: NIE
12: TAK
13: NIE
14: NIE
15: TAK
16: NIE
17: NIE
18: TAK
19: TAK
20: NIE
21: 
22: NIE
23: NIE
24: TAK
25: NIE
26: NIE
27: 
28: TAK
29: NIE
30: 
31: NIE
32: TAK
33: TAK
34: 867;ltokorrvki;15;9;qmtshjwkvxrwhhnivgqfpxbj
35: 867;ltokorrvki;15;9;qmtshjwkvxrwhhnivgqfpxbj
36: NIE
37: TAK
38: NIE
39: TAK
40: NIE
41: NIE
42: 
43: 
44: TAK
45: NIE
46: NIE
47: NIE
48: NIE
49: TAK
50: 
51: TAK
52: NIE
53: NIE
54: NIE
55: NIE
56: NIE
57: 
