1: NIE
2: NIE
3: NIE
4: NIE
5: NIE
6: NIE
7: NIE
8: NIE
9: NIE
10: NIE
11: NIE
12: NIE
13: NIE
14: NIE
15: NIE
16: 
17: 
18: 
19: TAK
20: NIE
21: NIE
22: NIE
23: 
24: NIE
25: NIE
26: 
27: NIE
28: NIE
29: 
30: 
31: NIE
32: NIE
33: NIE
34: NIE
35: NIE
36: NIE
37: NIE
38: 
39: NIE
40: NIE
41: NIE
42: NIE
43: TAK
44: 
45: NIE
46: 
47: NIE
48: NIE
49: 
50: NIE
51: NIE
52: NIE
53: NIE
54: NIE
