1: NIE
2: NIE
3: 
4: NIE
5: NIE
6: NIE
7: NIE
8: 
9: NIE
10: NIE
11: NIE
12: NIE
13: NIE
14: NIE
15: 
16: NIE
17: NIE
18: TAK
19: NIE
20: NIE
21: 
22: TAK
23: TAK
24: NIE
25: TAK
26: NIE
27: NIE
28: NIE
29: NIE
30: NIE
31: NIE
32: NIE
33: 
34: NIE
35: NIE
36: 
37: 
38: NIE
39: NIE
40: 
41: NIE
42: NIE
43: 
44: TAK
45: NIE
46: NIE
47: NIE
48: NIE
49: NIE
50: TAK
51: 
52: NIE
53: TAK
54: 
55: TAK
56: NIE
57: NIE
58: NIE
