1: NIE
2: 
3: 
4: NIE
5: NIE
6: NIE
7: NIE
8: NIE
9: TAK
10: TAK
11: 
12: NIE
13: 
14: 
15: NIE
16: NIE
17: NIE
18: 
19: NIE
20: 
21: 
22: NIE
23: NIE
24: NIE
25: 
26: 
27: NIE
28: NIE
29: NIE
30: NIE
31: NIE
32: NIE
33: NIE
34: NIE
35: NIE
36: 
37: NIE
38: NIE
39: 
40: NIE
41: NIE
42: NIE
43: NIE
44: NIE
45: 
46: TAK
47: TAK
48: TAK
49: NIE
50: TAK
51: TAK
52: NIE
53: NIE
54: TAK
55: NIE
56: NIE
