1: NIE
2: 
3: NIE
4: TAK
5: NIE
6: NIE
7: TAK
8: NIE
9: TAK
10: NIE
11: 
12: TAK
13: NIE
14: NIE
15: TAK
16: NIE
17: 
18: TAK
19: NIE
20: 
21: NIE
22: NIE
23: TAK
24: TAK
25: NIE
26: NIE
27: NIE
28: NIE
29: NIE
30: NIE
31: NIE
32: 
33: NIE
34: NIE
35: NIE
36: NIE
37: NIE
38: NIE
39: 
40: NIE
41: 
42: 
43: NIE
44: NIE
45: NIE
46: NIE
47: NIE
48: 
49: 
50: NIE
51: NIE
52: 
53: TAK
54: 
55: NIE
56: NIE
57: NIE
58: TAK
