1: NIE
2: NIE
3: NIE
4: NIE
5: NIE
6: TAK
7: 
8: TAK
9: 
10: NIE
11: 
12: TAK
13: TAK
14: 
15: TAK
16: 
17: TAK
18: NIE
19: 
20: TAK
21: 
22: TAK
23: TAK
24: TAK
25: 
26: TAK
27: TAK
28: NIE
29: NIE
30: TAK
31: TAK
32: NIE
33: NIE
34: TAK
35: 194;uthgrnzewdfkmodzcrv;28;-15;sghtzdajnk;15;3;mnvhioagfedztlabbfqsmvllnz;20;-9;yfbcrozzznbfvfj;4;12;thbekuxeevnyrwhkjiog
36: 
37: NIE
38: 117;sghtzdajnk;15;3;mnvhioagfedztlabbfqsmvllnz;20;-9;yfbcrozzznbfvfj
39: TAK
40: NIE
41: NIE
42: NIE
43: NIE
44: NIE
45: TAK
46: 
47: NIE
48: NIE
49: 
50: 
51: NIE
52: NIE
53: 
54: NIE
55: TAK
56: 
57: TAK
