1: TAK
2: NIE
3: TAK
4: TAK
5: TAK
6: 
7: TAK
8: TAK
9: NIE
10: NIE
11: NIE
12: NIE
13: NIE
14: TAK
15: NIE
16: NIE
17: NIE
18: NIE
19: 
20: TAK
21: NIE
22: NIE
23: NIE
24: NIE
25: NIE
26: 
27: TAK
28: NIE
29: TAK
30: NIE
31: TAK
32: TAK
33: NIE
34: TAK
35: NIE
36: NIE
37: TAK
38: NIE
39: NIE
40: NIE
41: NIE
42: NIE
43: TAK
44: 
45: NIE
46: NIE
47: TAK
48: NIE
49: TAK
50: NIE
51: TAK
52: NIE
53: 
54: NIE
55: TAK
56: NIE
57: NIE
58: NIE
59: 
60: NIE
