1: 
2: TAK
3: NIE
4: NIE
5: NIE
6: NIE
7: TAK
8: TAK
9: NIE
10: NIE
11: NIE
12: 
13: NIE
14: TAK
15: NIE
16: NIE
17: TAK
18: 
19: NIE
20: NIE
21: TAK
22: NIE
23: NIE
24: 
25: NIE
26: NIE
27: TAK
28: NIE
29: NIE
30: NIE
31: NIE
32: NIE
33: NIE
34: NIE
35: NIE
36: 
37: NIE
38: TAK
39: NIE
40: NIE
41: NIE
42: NIE
43: NIE
44: TAK
45: NIE
46: 
47: NIE
48: NIE
49: 
50: 
51: TAK
52: 
53: NIE
54: TAK
55: NIE
56: NIE
57: NIE
58: NIE
