1: NIE
2: 
3: NIE
4: 
5: TAK
6: NIE
7: 
8: NIE
9: NIE
10: TAK
11: 
12: TAK
13: 
14: NIE
15: NIE
16: TAK
17: TAK
18: NIE
19: TAK
20: TAK
21: NIE
22: NIE
23: TAK
24: NIE
25: NIE
26: NIE
27: NIE
28: NIE
29: 
30: TAK
31: NIE
32: TAK
33: NIE
34: NIE
35: NIE
36: TAK
37: NIE
38: TAK
39: 
40: NIE
41: NIE
42: TAK
43: NIE
44: 
45: NIE
46: NIE
47: NIE
48: NIE
49: NIE
50: 
51: NIE
52: 
53: TAK
54: NIE
55: NIE
56: NIE
57: TAK
58: NIE
59: TAK
