1: NIE
2: TAK
3: NIE
4: NIE
5: TAK
6: 
7: NIE
8: TAK
9: NIE
10: NIE
11: 
12: NIE
13: NIE
14: 
15: TAK
16: NIE
17: NIE
18: 
19: NIE
20: NIE
21: NIE
22: 
23: NIE
24: NIE
25: NIE
26: TAK
27: NIE
28: NIE
29: TAK
30: NIE
31: NIE
32: NIE
33: NIE
34: NIE
35: 
36: NIE
37: NIE
38: NIE
39: NIE
40: NIE
41: NIE
42: TAK
43: TAK
44: NIE
45: NIE
46: TAK
47: NIE
48: NIE
49: NIE
50: TAK
51: TAK
52: TAK
53: NIE
54: NIE
55: NIE
56: 
57: TAK
58: NIE
59: TAK
60: NIE
