1: NIE
2: 
3: NIE
4: 
5: 
6: TAK
7: 
8: NIE
9: NIE
10: TAK
11: 
12: NIE
13: NIE
14: TAK
15: NIE
16: NIE
17: NIE
18: NIE
19: NIE
20: NIE
21: TAK
22: NIE
23: NIE
24: NIE
25: 
26: NIE
27: 
28: NIE
29: NIE
30: TAK
31: TAK
32: NIE
33: NIE
34: TAK
35: NIE
36: NIE
37: 
38: TAK
39: TAK
40: NIE
41: NIE
42: 
43: NIE
44: NIE
45: NIE
46: NIE
47: NIE
48: NIE
49: NIE
50: 
51: NIE
52: 
53: NIE
54: NIE
55: NIE
56: 
57: NIE
58: NIE
59: 
