1: NIE
2: NIE
3: NIE
4: NIE
5: TAK
6: 
7: 
8: TAK
9: TAK
10: 
11: NIE
12: TAK
13: NIE
14: NIE
15: 
16: NIE
17: NIE
18: NIE
19: NIE
20: NIE
21: 
22: NIE
23: NIE
24: NIE
25: NIE
26: NIE
27: NIE
28: NIE
29: NIE
30: NIE
31: TAK
32: TAK
33: NIE
34: TAK
35: 
36: NIE
37: TAK
38: TAK
39: NIE
40: NIE
41: NIE
42: NIE
43: NIE
44: 
45: 343;zmoutshglnzgnsgn;19;-9;uiwmlbdysksubstbpraqznpyinjdj
46: TAK
47: TAK
48: TAK
49: TAK
50: NIE
51: NIE
52: 
53: 320;zmoutshglnzgnsgn;29;11;grvytyatlcanpvzpxqxig
54: NIE
55: NIE
56: NIE
57: NIE
58: NIE
