1: NIE
2: 
3: NIE
4: 
5: TAK
6: NIE
7: NIE
8: NIE
9: 
10: TAK
11: NIE
12: NIE
13: 
14: TAK
15: NIE
16: TAK
17: NIE
18: NIE
19: NIE
20: 
21: TAK
22: 
23: NIE
24: NIE
25: NIE
26: NIE
27: TAK
28: 
29: TAK
30: TAK
31: NIE
32: NIE
33: 
34: 
35: NIE
36: NIE
37: NIE
38: NIE
39: TAK
40: TAK
41: NIE
42: TAK
43: NIE
44: NIE
45: 
46: NIE
47: NIE
48: NIE
49: NIE
50: NIE
51: TAK
52: NIE
53: TAK
54: NIE
55: 
56: 
57: TAK
58: TAK
59: NIE
