1: 
2: TAK
3: TAK
4: 
5: NIE
6: TAK
7: TAK
8: NIE
9: NIE
10: NIE
11: 
12: NIE
13: NIE
14: NIE
15: NIE
16: NIE
17: NIE
18: 
19: TAK
20: NIE
21: TAK
22: NIE
23: NIE
24: NIE
25: 
26: NIE
27: NIE
28: 
29: 
30: NIE
31: TAK
32: NIE
33: NIE
34: TAK
35: NIE
36: NIE
37: NIE
38: NIE
39: TAK
40: TAK
41: TAK
42: NIE
43: NIE
44: 
45: TAK
46: 688;rsjztdzeddntunhrwrdgumgsly;14;-4;hiravbosjv
47: TAK
48: TAK
49: NIE
50: NIE
51: NIE
52: TAK
53: NIE
54: 
55: NIE
56: NIE
57: NIE
58: 
