1: 
2: NIE
3: TAK
4: NIE
5: TAK
6: NIE
7: 
8: 
9: NIE
10: 
11: NIE
12: NIE
13: TAK
14: NIE
15: NIE
16: NIE
17: NIE
18: TAK
19: NIE
20: NIE
21: NIE
22: TAK
23: NIE
24: TAK
25: TAK
26: TAK
27: NIE
28: NIE
29: NIE
30: NIE
31: NIE
32: NIE
33: NIE
34: NIE
35: NIE
36: TAK
37: TAK
38: NIE
39: 
40: 
41: NIE
42: NIE
43: NIE
44: NIE
45: NIE
46: NIE
47: TAK
48: NIE
49: NIE
50: NIE
51: NIE
52: NIE
53: NIE
54: 
55: NIE
56: NIE
57: NIE
58: NIE
59: TAK
60: NIE
