1: TAK
2: TAK
3: NIE
4: TAK
5: TAK
6: NIE
7: 
8: TAK
9: NIE
10: NIE
11: TAK
12: NIE
13: NIE
14: 
15: TAK
16: NIE
17: 
18: NIE
19: NIE
20: TAK
21: TAK
22: NIE
23: NIE
24: NIE
25: TAK
26: NIE
27: NIE
28: TAK
29: NIE
30: NIE
31: NIE
32: NIE
33: NIE
34: NIE
35: TAK
36: NIE
37: NIE
38: 
39: NIE
40: NIE
41: NIE
42: 
43: TAK
44: TAK
45: NIE
46: NIE
47: TAK
48: NIE
49: NIE
50: 
51: NIE
52: NIE
53: NIE
54: NIE
55: NIE
56: TAK
57: 
58: NIE
59: NIE
